[Licensing::Module] Trying to connect to existing licensing client channel...
Built from '6000.3/staging' branch; Version is '6000.3.8f1 (1c7db571dde0) revision 1867189'; Using compiler version '194234433'; Build Type 'Release'
OS: 'Windows 11  (10.0.26200) Professional' Language: 'pl' Physical Memory: 32672 MB
[Licensing::IpcConnector] Successfully connected to: "LicenseClient-licen" at "2026-02-17T18:39:35.1926721Z"
BatchMode: 1, IsHumanControllingUs: 0, StartBugReporterOnCrash: 0, Is64bit: 1
System  architecture: x64
Process architecture: x64
Date: 2026-02-17T18:39:35Z

COMMAND LINE ARGUMENTS:
C:\Program Files\Unity\Hub\Editor\6000.3.8f1\Editor\Unity.exe
-batchmode
-nographics
-quit
-projectPath
C:\Users\licen\Projects\theraply-vr-framework\unity-quest-template
-buildTarget
Android
-executeMethod
TheraplyCore.Editor.Automation.UnityCliValidation.RunAndroidDebugBuildValidation
-logFile
C:\Users\licen\Projects\theraply-vr-framework\unity-quest-template\Temp\CliValidation\logs\unity_cli_build.log
Successfully changed project path to: C:\Users\licen\Projects\theraply-vr-framework\unity-quest-template
C:/Users/licen/Projects/theraply-vr-framework/unity-quest-template
DisplayDialog: Recovering Scene Backups Scene backups from a previous Editor session have been detected. Your scene might have been backed up when an Editor instance did not close correctly. 

Do you want to copy and preserve these backups in Assets/_Recovery/?
This should not be called in batch mode.
[UnityMemory] Configuration Parameters - Can be set up in boot.config
    "memorysetup-temp-allocator-size-nav-mesh-worker=65536"
    "memorysetup-temp-allocator-size-audio-worker=65536"
    "memorysetup-temp-allocator-size-gfx=262144"
    "memorysetup-allocator-temp-initial-block-size-main=262144"
    "memorysetup-allocator-temp-initial-block-size-worker=262144"
    "memorysetup-temp-allocator-size-background-worker=32768"
    "memorysetup-temp-allocator-size-job-worker=262144"
    "memorysetup-temp-allocator-size-preload-manager=33554432"
    "memorysetup-temp-allocator-size-gi-baking-worker=262144"
    "memorysetup-temp-allocator-size-gi-baking-worker=262144"
    "memorysetup-temp-allocator-size-gi-baking-worker=262144"
    "memorysetup-temp-allocator-size-gi-baking-worker=262144"
    "memorysetup-temp-allocator-size-gi-baking-worker=262144"
    "memorysetup-bucket-allocator-granularity=16"
    "memorysetup-bucket-allocator-bucket-count=8"
    "memorysetup-bucket-allocator-block-size=33554432"
    "memorysetup-bucket-allocator-block-count=8"
    "memorysetup-main-allocator-block-size=16777216"
    "memorysetup-thread-allocator-block-size=16777216"
    "memorysetup-gfx-main-allocator-block-size=16777216"
    "memorysetup-gfx-thread-allocator-block-size=16777216"
    "memorysetup-cache-allocator-block-size=4194304"
    "memorysetup-typetree-allocator-block-size=2097152"
    "memorysetup-profiler-bucket-allocator-granularity=16"
    "memorysetup-profiler-bucket-allocator-bucket-count=8"
    "memorysetup-profiler-bucket-allocator-block-size=33554432"
    "memorysetup-profiler-bucket-allocator-block-count=8"
    "memorysetup-profiler-allocator-block-size=16777216"
    "memorysetup-profiler-editor-allocator-block-size=1048576"
    "memorysetup-temp-allocator-size-main=16777216"
    "memorysetup-job-temp-allocator-block-size=2097152"
    "memorysetup-job-temp-allocator-block-size-background=1048576"
    "memorysetup-job-temp-allocator-reduction-small-platforms=262144"
    "memorysetup-temp-allocator-size-cloud-worker=32768"
Player connection [24016]  Target information:

Player connection [24016]  * "[IP] 192.168.0.221 [Port] 55504 [Flags] 2 [Guid] 1704754536 [EditorId] 1704754536 [Version] 1048832 [Id] WindowsEditor(7,MARCIN_PC) [Debug] 1 [PackageName] WindowsEditor [ProjectName] Editor" 

Player connection [24016]  * "[IP] 100.112.161.47 [Port] 55504 [Flags] 2 [Guid] 1704754536 [EditorId] 1704754536 [Version] 1048832 [Id] WindowsEditor(7,MARCIN_PC) [Debug] 1 [PackageName] WindowsEditor [ProjectName] Editor" 

Player connection [24016] Host joined multi-casting on [225.0.0.222:54997]...
Player connection [24016] Host joined alternative multi-casting on [225.0.0.222:34997]...
Input System module state changed to: Initialized.
[Physics::Module] Initialized fallback backend.
[Physics::Module] Id: 0xdecafbad
[Package Manager] Connected to IPC stream "Upm-3520" after 0.2 seconds.
[Licensing::Module] Licensing is not yet initialized.
[Licensing::Client] Handshaking with LicensingClient:
  Version:                 1.17.4+4293ba1
  Session Id:              fdb73271b4cd43bfb2156ca061483bd3
  Correlation Id:          4c5ae7f216eac3d9556442702397b2bc
  External correlation Id: 175539838823021622
  Machine Id:              vMwHPvfi1alxp1sT2fMsT3AqMw0=
[Licensing::Module] Successfully connected to LicensingClient on channel: "LicenseClient-licen" (connect: 0.00s, validation: 0.00s, handshake: 0.69s)
[Licensing::IpcConnector] Successfully connected to: "LicenseClient-licen-notifications" at "2026-02-17T18:39:35.8808217Z"
[Licensing::Module] Error: Access token is unavailable; failed to update
[Licensing::Client] Successfully resolved entitlement details
[Licensing::Module] License group:
  Id: 1374621094362-UnityPersXXXX
  Product: Unity Personal
  Type: Assigned
  Expiration: Unlimited
[Licensing::Client] Successfully updated license, isAsync: True, time: 0.00
[Licensing::Client] Successfully resolved entitlement details
[Licensing::Module] Licensing Background thread has ended after 0.69s
[Licensing::Module] Licensing is initialized (took 0.33s).
[Licensing::Client] Successfully resolved entitlement details
Library Redirect Path: Library/
[Physics::Module] Selected backend.
[Physics::Module] Name: PhysX
[Physics::Module] Id: 0xf2b8ea05
[Physics::Module] SDK Version: 4.1.2
[Physics::Module] Integration Version: 1.0.0
[Physics::Module] Threading Mode: Multi-Threaded
[Licensing::Client] Successfully resolved entitlement details
Targeting platform: Android
Refreshing native plugins compatible for Editor in 0.46 ms, found 0 plugins.
Preloading 0 native plugins for Editor in 0.00 ms.
Initialize engine version: 6000.3.8f1 (1c7db571dde0)
[Subsystems] Discovering subsystems at path C:/Program Files/Unity/Hub/Editor/6000.3.8f1/Editor/Data/Resources/UnitySubsystems
[Subsystems] Discovering subsystems at path C:/Users/licen/Projects/theraply-vr-framework/unity-quest-template/Assets
Forcing GfxDevice: Null
GfxDevice: creating device client; kGfxThreadingModeNonThreaded
NullGfxDevice:
    Version:  NULL 1.0 [1.0]
    Renderer: Null Device
    Vendor:   Unity Technologies
Initialize mono
Mono path[0] = 'C:/Program Files/Unity/Hub/Editor/6000.3.8f1/Editor/Data/Managed'
Mono path[1] = 'C:/Program Files/Unity/Hub/Editor/6000.3.8f1/Editor/Data/MonoBleedingEdge/lib/mono/unityjit-win32'
Mono config path = 'C:/Program Files/Unity/Hub/Editor/6000.3.8f1/Editor/Data/MonoBleedingEdge/etc'
Using monoOptions --debugger-agent=transport=dt_socket,embedding=1,server=y,suspend=n,address=127.0.0.1:56520
Using cacheserver namespaces - metadata:defaultmetadata, artifacts:defaultartifacts
Using cacheserver namespaces - metadata:defaultmetadata, artifacts:defaultartifacts
ImportWorker Server TCP listen port: 0
AcceleratorClientConnectionCallback - disconnected - :0
Begin MonoManager ReloadAssembly
Registering precompiled unity dll's ...
Register platform support module: C:/Program Files/Unity/Hub/Editor/6000.3.8f1/Editor/Data/PlaybackEngines/WindowsStandaloneSupport/UnityEditor.WindowsStandalone.Extensions.dll
Register platform support module: C:/Program Files/Unity/Hub/Editor/6000.3.8f1/Editor/Data/PlaybackEngines/AndroidPlayer/UnityEditor.Android.Extensions.dll
Registered in 0.002013 seconds.
- Loaded All Assemblies, in  0.318 seconds
Native extension for Android target not found
Android Extension - Scanning For ADB Devices 5167 ms
Native extension for WindowsStandalone target not found
ScheduleIndexationOnStartup MainProcess:False IndexOnStartup:True
Mono: successfully reloaded assembly
- Finished resetting the current domain, in  5.533 seconds
Domain Reload Profiling: 5849ms
	BeginReloadAssembly (91ms)
		ExecutionOrderSort (0ms)
		DisableScriptedObjects (0ms)
		BackupInstance (0ms)
		ReleaseScriptingObjects (0ms)
		CreateAndSetChildDomain (14ms)
	RebuildCommonClasses (31ms)
	RebuildNativeTypeToScriptingClass (10ms)
	initialDomainReloadingComplete (39ms)
	LoadAllAssembliesAndSetupDomain (144ms)
		LoadAssemblies (75ms)
		RebuildTransferFunctionScriptingTraits (0ms)
		AnalyzeDomain (141ms)
			TypeCache.Refresh (139ms)
				TypeCache.ScanAssembly (128ms)
			BuildScriptInfoCaches (0ms)
			ResolveRequiredComponents (0ms)
	FinalizeReload (5533ms)
		ReleaseScriptCaches (0ms)
		RebuildScriptCaches (0ms)
		SetupLoadedEditorAssemblies (5503ms)
			LogAssemblyErrors (0ms)
			InitializePlatformSupportModulesInManaged (5257ms)
			SetLoadedEditorAssemblies (3ms)
			BeforeProcessingInitializeOnLoad (68ms)
			ProcessInitializeOnLoadAttributes (119ms)
			ProcessInitializeOnLoadMethodAttributes (56ms)
			AfterProcessingInitializeOnLoad (0ms)
			EditorAssembliesLoaded (0ms)
		ExecutionOrderSort2 (0ms)
		AwakeInstancesAfterBackupRestoration (0ms)
[Licensing::Client] Successfully resolved entitlement details
[Licensing::Client] Successfully resolved entitlement details
Application.AssetDatabase Initial Refresh Start
Package Manager log level set to [2]
[Package Manager] Restoring resolved packages state from cache
[Licensing::Client] Successfully resolved entitlement details
[Package Manager] Registered 41 packages:
  Packages from [https://packages.unity.com]:
    com.unity.webrtc@3.0.0 (location: C:\Users\licen\Projects\theraply-vr-framework\unity-quest-template\Library\PackageCache\com.unity.webrtc@9605a106619b)
    com.unity.editorcoroutines@1.0.1 (location: C:\Users\licen\Projects\theraply-vr-framework\unity-quest-template\Library\PackageCache\com.unity.editorcoroutines@54394ed3283c)
  Built-in packages:
    com.unity.multiplayer.center@1.0.1 (location: C:\Users\licen\Projects\theraply-vr-framework\unity-quest-template\Library\PackageCache\com.unity.multiplayer.center@f01f4ba8d00a)
    com.unity.modules.accessibility@1.0.0 (location: C:\Users\licen\Projects\theraply-vr-framework\unity-quest-template\Library\PackageCache\com.unity.modules.accessibility)
    com.unity.modules.adaptiveperformance@1.0.0 (location: C:\Users\licen\Projects\theraply-vr-framework\unity-quest-template\Library\PackageCache\com.unity.modules.adaptiveperformance)
    com.unity.modules.ai@1.0.0 (location: C:\Users\licen\Projects\theraply-vr-framework\unity-quest-template\Library\PackageCache\com.unity.modules.ai)
    com.unity.modules.androidjni@1.0.0 (location: C:\Users\licen\Projects\theraply-vr-framework\unity-quest-template\Library\PackageCache\com.unity.modules.androidjni)
    com.unity.modules.animation@1.0.0 (location: C:\Users\licen\Projects\theraply-vr-framework\unity-quest-template\Library\PackageCache\com.unity.modules.animation)
    com.unity.modules.assetbundle@1.0.0 (location: C:\Users\licen\Projects\theraply-vr-framework\unity-quest-template\Library\PackageCache\com.unity.modules.assetbundle)
    com.unity.modules.audio@1.0.0 (location: C:\Users\licen\Projects\theraply-vr-framework\unity-quest-template\Library\PackageCache\com.unity.modules.audio)
    com.unity.modules.cloth@1.0.0 (location: C:\Users\licen\Projects\theraply-vr-framework\unity-quest-template\Library\PackageCache\com.unity.modules.cloth)
    com.unity.modules.director@1.0.0 (location: C:\Users\licen\Projects\theraply-vr-framework\unity-quest-template\Library\PackageCache\com.unity.modules.director)
    com.unity.modules.imageconversion@1.0.0 (location: C:\Users\licen\Projects\theraply-vr-framework\unity-quest-template\Library\PackageCache\com.unity.modules.imageconversion)
    com.unity.modules.imgui@1.0.0 (location: C:\Users\licen\Projects\theraply-vr-framework\unity-quest-template\Library\PackageCache\com.unity.modules.imgui)
    com.unity.modules.jsonserialize@1.0.0 (location: C:\Users\licen\Projects\theraply-vr-framework\unity-quest-template\Library\PackageCache\com.unity.modules.jsonserialize)
    com.unity.modules.particlesystem@1.0.0 (location: C:\Users\licen\Projects\theraply-vr-framework\unity-quest-template\Library\PackageCache\com.unity.modules.particlesystem)
    com.unity.modules.physics@1.0.0 (location: C:\Users\licen\Projects\theraply-vr-framework\unity-quest-template\Library\PackageCache\com.unity.modules.physics)
    com.unity.modules.physics2d@1.0.0 (location: C:\Users\licen\Projects\theraply-vr-framework\unity-quest-template\Library\PackageCache\com.unity.modules.physics2d)
    com.unity.modules.screencapture@1.0.0 (location: C:\Users\licen\Projects\theraply-vr-framework\unity-quest-template\Library\PackageCache\com.unity.modules.screencapture)
    com.unity.modules.terrain@1.0.0 (location: C:\Users\licen\Projects\theraply-vr-framework\unity-quest-template\Library\PackageCache\com.unity.modules.terrain)
    com.unity.modules.terrainphysics@1.0.0 (location: C:\Users\licen\Projects\theraply-vr-framework\unity-quest-template\Library\PackageCache\com.unity.modules.terrainphysics)
    com.unity.modules.tilemap@1.0.0 (location: C:\Users\licen\Projects\theraply-vr-framework\unity-quest-template\Library\PackageCache\com.unity.modules.tilemap)
    com.unity.modules.ui@1.0.0 (location: C:\Users\licen\Projects\theraply-vr-framework\unity-quest-template\Library\PackageCache\com.unity.modules.ui)
    com.unity.modules.uielements@1.0.0 (location: C:\Users\licen\Projects\theraply-vr-framework\unity-quest-template\Library\PackageCache\com.unity.modules.uielements)
    com.unity.modules.umbra@1.0.0 (location: C:\Users\licen\Projects\theraply-vr-framework\unity-quest-template\Library\PackageCache\com.unity.modules.umbra)
    com.unity.modules.unityanalytics@1.0.0 (location: C:\Users\licen\Projects\theraply-vr-framework\unity-quest-template\Library\PackageCache\com.unity.modules.unityanalytics)
    com.unity.modules.unitywebrequest@1.0.0 (location: C:\Users\licen\Projects\theraply-vr-framework\unity-quest-template\Library\PackageCache\com.unity.modules.unitywebrequest)
    com.unity.modules.unitywebrequestassetbundle@1.0.0 (location: C:\Users\licen\Projects\theraply-vr-framework\unity-quest-template\Library\PackageCache\com.unity.modules.unitywebrequestassetbundle)
    com.unity.modules.unitywebrequestaudio@1.0.0 (location: C:\Users\licen\Projects\theraply-vr-framework\unity-quest-template\Library\PackageCache\com.unity.modules.unitywebrequestaudio)
    com.unity.modules.unitywebrequesttexture@1.0.0 (location: C:\Users\licen\Projects\theraply-vr-framework\unity-quest-template\Library\PackageCache\com.unity.modules.unitywebrequesttexture)
    com.unity.modules.unitywebrequestwww@1.0.0 (location: C:\Users\licen\Projects\theraply-vr-framework\unity-quest-template\Library\PackageCache\com.unity.modules.unitywebrequestwww)
    com.unity.modules.vectorgraphics@1.0.0 (location: C:\Users\licen\Projects\theraply-vr-framework\unity-quest-template\Library\PackageCache\com.unity.modules.vectorgraphics)
    com.unity.modules.vehicles@1.0.0 (location: C:\Users\licen\Projects\theraply-vr-framework\unity-quest-template\Library\PackageCache\com.unity.modules.vehicles)
    com.unity.modules.video@1.0.0 (location: C:\Users\licen\Projects\theraply-vr-framework\unity-quest-template\Library\PackageCache\com.unity.modules.video)
    com.unity.modules.vr@1.0.0 (location: C:\Users\licen\Projects\theraply-vr-framework\unity-quest-template\Library\PackageCache\com.unity.modules.vr)
    com.unity.modules.wind@1.0.0 (location: C:\Users\licen\Projects\theraply-vr-framework\unity-quest-template\Library\PackageCache\com.unity.modules.wind)
    com.unity.modules.xr@1.0.0 (location: C:\Users\licen\Projects\theraply-vr-framework\unity-quest-template\Library\PackageCache\com.unity.modules.xr)
    com.unity.modules.subsystems@1.0.0 (location: C:\Users\licen\Projects\theraply-vr-framework\unity-quest-template\Library\PackageCache\com.unity.modules.subsystems)
    com.unity.modules.hierarchycore@1.0.0 (location: C:\Users\licen\Projects\theraply-vr-framework\unity-quest-template\Library\PackageCache\com.unity.modules.hierarchycore)
  Git packages:
    com.github-glitchenzo.nugetforunity@https://github.com/GlitchEnzo/NuGetForUnity.git?path=/src/NuGetForUnity (location: C:\Users\licen\Projects\theraply-vr-framework\unity-quest-template\Library\PackageCache\com.github-glitchenzo.nugetforunity@1c1553136be4)
    jp.hadashikick.vcontainer@https://github.com/hadashiA/VContainer.git?path=VContainer/Assets/VContainer (location: C:\Users\licen\Projects\theraply-vr-framework\unity-quest-template\Library\PackageCache\jp.hadashikick.vcontainer@314ad69e1539)
[Subsystems] No new subsystems found in resolved package list.
[Package Manager] Done registering packages in 0.01 seconds
info: Microsoft.Hosting.Lifetime[14]
      Now listening on: http://localhost:80
info: Microsoft.Hosting.Lifetime[0]
      Application started. Press Ctrl+C to shut down.
info: Microsoft.Hosting.Lifetime[0]
      Hosting environment: Production
info: Microsoft.Hosting.Lifetime[0]
      Content root path: C:\Users\licen\Projects\theraply-vr-framework\unity-quest-template\
info: Microsoft.AspNetCore.Hosting.Diagnostics[1]
      Request starting HTTP/2 POST http://ilpp/UnityILPP.PostProcessing/Ping application/grpc -
info: Microsoft.AspNetCore.Routing.EndpointMiddleware[0]
      Executing endpoint 'gRPC - /UnityILPP.PostProcessing/Ping'
info: Microsoft.AspNetCore.Routing.EndpointMiddleware[1]
      Executed endpoint 'gRPC - /UnityILPP.PostProcessing/Ping'
info: Microsoft.AspNetCore.Hosting.Diagnostics[2]
      Request finished HTTP/2 POST http://ilpp/UnityILPP.PostProcessing/Ping application/grpc - - 200 - application/grpc 29.9935ms
Starting: C:\Program Files\Unity\Hub\Editor\6000.3.8f1\Editor\Data\Tools\BuildPipeline\bee_backend.exe --ipc --defer-dag-verification --dagfile="Library/Bee/1300b0aE.dag" --continue-on-failure --profile="Library/Bee/backend1.traceevents" ScriptAssemblies
WorkingDir: C:/Users/licen/Projects/theraply-vr-framework/unity-quest-template
DisplayProgressbar: Compiling Scripts
ExitCode: 0 Duration: 0s66ms
*** Tundra build success (0.04 seconds), 0 items updated, 228 evaluated
AssetDatabase: script compilation time: 0.345426s
Begin MonoManager ReloadAssembly
- Loaded All Assemblies, in  0.438 seconds
Refreshing native plugins compatible for Editor in 1.58 ms, found 1 plugins.
Native extension for Android target not found
Native extension for WindowsStandalone target not found
ScheduleIndexationOnStartup MainProcess:True IndexOnStartup:True
Mono: successfully reloaded assembly
- Finished resetting the current domain, in  0.455 seconds
Domain Reload Profiling: 892ms
	BeginReloadAssembly (244ms)
		ExecutionOrderSort (0ms)
		DisableScriptedObjects (10ms)
		BackupInstance (0ms)
		ReleaseScriptingObjects (0ms)
		CreateAndSetChildDomain (148ms)
	RebuildCommonClasses (29ms)
	RebuildNativeTypeToScriptingClass (10ms)
	initialDomainReloadingComplete (22ms)
	LoadAllAssembliesAndSetupDomain (131ms)
		LoadAssemblies (156ms)
		RebuildTransferFunctionScriptingTraits (0ms)
		AnalyzeDomain (33ms)
			TypeCache.Refresh (28ms)
				TypeCache.ScanAssembly (21ms)
			BuildScriptInfoCaches (3ms)
			ResolveRequiredComponents (1ms)
	FinalizeReload (455ms)
		ReleaseScriptCaches (0ms)
		RebuildScriptCaches (0ms)
		SetupLoadedEditorAssemblies (350ms)
			LogAssemblyErrors (0ms)
			InitializePlatformSupportModulesInManaged (29ms)
			SetLoadedEditorAssemblies (3ms)
			BeforeProcessingInitializeOnLoad (108ms)
			ProcessInitializeOnLoadAttributes (175ms)
			ProcessInitializeOnLoadMethodAttributes (29ms)
			AfterProcessingInitializeOnLoad (5ms)
			EditorAssembliesLoaded (0ms)
		ExecutionOrderSort2 (0ms)
		AwakeInstancesAfterBackupRestoration (7ms)
Asset Pipeline Refresh (id=65b99494be091ef4aa4b24e5de5ce834): Total: 1.379 seconds - Initiated by InitialRefreshV2(ForceSynchronousImport)
	Summary:
		Imports: total=0 (actual=0, local cache=0, cache server=0)
		Asset DB Process Time: managed=0 ms, native=559 ms
		Asset DB Callback time: managed=10 ms, native=14 ms
		Scripting: domain reloads=1, domain reload time=439 ms, compile time=347 ms, other=8 ms
		Project Asset Count: scripts=205, non-scripts=133
		Asset File Changes: new=0, changed=0, moved=0, deleted=0
		Scan Filter Count: 0
	InvokeCustomDependenciesCallbacks: 0.001ms
	InvokePackagesCallback: 15.597ms
	ApplyChangesToAssetFolders: 0.423ms
	Scan: 28.415ms
	OnSourceAssetsModified: 0.004ms
	CategorizeAssetsWithTransientArtifact: 5.459ms
	ProcessAssetsWithTransientArtifactChanges: 4.334ms
	CategorizeAssets: 1.774ms
	ImportOutOfDateAssets: 460.389ms (113.177ms without children)
		CompileScripts: 346.815ms
		ReloadNativeAssets: 0.000ms
		UnloadImportedAssets: 0.195ms
		EnsureUptoDateAssetsAreRegisteredWithGuidPM: 0.074ms
		InitializingProgressBar: 0.001ms
		PostProcessAllAssetNotificationsAddChangedAssets: 0.000ms
		OnDemandSchedulerStart: 0.128ms
	PostProcessAllAssets: 10.098ms
	GatherAllCurrentPrimaryArtifactRevisions: 0.002ms
	UnloadStreamsBegin: 0.954ms
	PersistCurrentRevisions: 0.008ms
	UnloadStreamsEnd: 0.001ms
	GenerateScriptTypeHashes: 0.170ms
	Untracked: 851.304ms

Application.AssetDatabase Initial Refresh End
Scanning for USB devices : 8.310ms
Initializing Unity extensions:
[MODES] ModeService[none].Initialize
[MODES] ModeService[none].LoadModes
[MODES] Loading mode Default (0) for mode-current-id-unity-quest-template
Unloading 3 Unused Serialized files (Serialized files now loaded: 0)
Unloading 345 unused Assets / (0.5 MB). Loaded Objects now: 934.
Memory consumption went from 92.1 MB to 91.6 MB.
Total: 4.689100 ms (FindLiveObjects: 0.063700 ms CreateObjectMapping: 0.015500 ms MarkObjects: 4.361400 ms  DeleteObjects: 0.248100 ms)

[CLI Validation] Step 'android-build' started.
UnityEngine.Debug:ExtractStackTraceNoAlloc (byte*,int,string)
UnityEngine.StackTraceUtility:ExtractStackTrace ()
UnityEngine.DebugLogHandler:Internal_Log (UnityEngine.LogType,UnityEngine.LogOption,string,UnityEngine.Object)
UnityEngine.DebugLogHandler:LogFormat (UnityEngine.LogType,UnityEngine.Object,string,object[])
UnityEngine.Logger:Log (UnityEngine.LogType,object)
UnityEngine.Debug:Log (object)
TheraplyCore.Editor.Automation.UnityCliValidation:ExecuteWithExitCode (string,System.Action) (at Assets/_TheraplyCore/Editor/Automation/UnityCliValidation.cs:79)
TheraplyCore.Editor.Automation.UnityCliValidation:RunAndroidDebugBuildValidation () (at Assets/_TheraplyCore/Editor/Automation/UnityCliValidation.cs:33)

(Filename: Assets/_TheraplyCore/Editor/Automation/UnityCliValidation.cs Line: 79)

Asset Pipeline Refresh (id=5e5da86f62ae45c49b73975e747528d2): Total: 0.009 seconds - Initiated by RefreshV2(ForceUpdate)
[CLI Validation] Build Settings had no enabled scenes. Falling back to default scene: Assets/_Examples/Scenes/SessionResilienceTest.unity
UnityEngine.Debug:ExtractStackTraceNoAlloc (byte*,int,string)
UnityEngine.StackTraceUtility:ExtractStackTrace ()
UnityEngine.DebugLogHandler:Internal_Log (UnityEngine.LogType,UnityEngine.LogOption,string,UnityEngine.Object)
UnityEngine.DebugLogHandler:LogFormat (UnityEngine.LogType,UnityEngine.Object,string,object[])
UnityEngine.Logger:Log (UnityEngine.LogType,object)
UnityEngine.Debug:Log (object)
TheraplyCore.Editor.Automation.UnityCliValidation:ResolveBuildScenes () (at Assets/_TheraplyCore/Editor/Automation/UnityCliValidation.cs:139)
TheraplyCore.Editor.Automation.UnityCliValidation/<>c:<RunAndroidDebugBuildValidation>b__4_0 () (at Assets/_TheraplyCore/Editor/Automation/UnityCliValidation.cs:42)
TheraplyCore.Editor.Automation.UnityCliValidation:ExecuteWithExitCode (string,System.Action) (at Assets/_TheraplyCore/Editor/Automation/UnityCliValidation.cs:80)
TheraplyCore.Editor.Automation.UnityCliValidation:RunAndroidDebugBuildValidation () (at Assets/_TheraplyCore/Editor/Automation/UnityCliValidation.cs:33)

(Filename: Assets/_TheraplyCore/Editor/Automation/UnityCliValidation.cs Line: 139)

[CLI Validation] Starting Android debug build. Output: C:\Users\licen\Projects\theraply-vr-framework\unity-quest-template\Temp\CliValidation\build\TheraplyCliValidation.apk
UnityEngine.Debug:ExtractStackTraceNoAlloc (byte*,int,string)
UnityEngine.StackTraceUtility:ExtractStackTrace ()
UnityEngine.DebugLogHandler:Internal_Log (UnityEngine.LogType,UnityEngine.LogOption,string,UnityEngine.Object)
UnityEngine.DebugLogHandler:LogFormat (UnityEngine.LogType,UnityEngine.Object,string,object[])
UnityEngine.Logger:Log (UnityEngine.LogType,object)
UnityEngine.Debug:Log (object)
TheraplyCore.Editor.Automation.UnityCliValidation/<>c:<RunAndroidDebugBuildValidation>b__4_0 () (at Assets/_TheraplyCore/Editor/Automation/UnityCliValidation.cs:59)
TheraplyCore.Editor.Automation.UnityCliValidation:ExecuteWithExitCode (string,System.Action) (at Assets/_TheraplyCore/Editor/Automation/UnityCliValidation.cs:80)
TheraplyCore.Editor.Automation.UnityCliValidation:RunAndroidDebugBuildValidation () (at Assets/_TheraplyCore/Editor/Automation/UnityCliValidation.cs:33)

(Filename: Assets/_TheraplyCore/Editor/Automation/UnityCliValidation.cs Line: 59)

WebRTC apps require a internet permission on Android devices.Please check the "Internet Access" on your Build Settings.
UnityEngine.Debug:ExtractStackTraceNoAlloc (byte*,int,string)
UnityEngine.StackTraceUtility:ExtractStackTrace ()
UnityEngine.DebugLogHandler:Internal_Log (UnityEngine.LogType,UnityEngine.LogOption,string,UnityEngine.Object)
UnityEngine.DebugLogHandler:LogFormat (UnityEngine.LogType,UnityEngine.Object,string,object[])
UnityEngine.Logger:Log (UnityEngine.LogType,object)
UnityEngine.Debug:LogWarning (object)
Unity.WebRTC.Editor.PreprocessBuild:EnsureAndroidInternetPermission () (at ./Library/PackageCache/com.unity.webrtc@9605a106619b/Editor/BuildProcessor.cs:101)
Unity.WebRTC.Editor.PreprocessBuild:UnityEditor.Build.IPreprocessBuildWithReport.OnPreprocessBuild (UnityEditor.Build.Reporting.BuildReport) (at ./Library/PackageCache/com.unity.webrtc@9605a106619b/Editor/BuildProcessor.cs:57)
UnityEditor.Build.BuildPipelineInterfaces/<>c__DisplayClass17_0:<OnBuildPreProcess>b__1 (UnityEditor.Build.IPreprocessBuildWithReport)
UnityEditor.Build.BuildPipelineInterfaces:InvokeCallbackInterfacesPair<UnityEditor.Build.IPreprocessBuild, UnityEditor.Build.IPreprocessBuildWithReport> (System.Collections.Generic.List`1<UnityEditor.Build.IPreprocessBuild>,System.Action`1<UnityEditor.Build.IPreprocessBuild>,System.Collections.Generic.List`1<UnityEditor.Build.IPreprocessBuildWithReport>,System.Action`1<UnityEditor.Build.IPreprocessBuildWithReport>,bool)
UnityEditor.Build.BuildPipelineInterfaces:OnBuildPreProcess (UnityEditor.Build.Reporting.BuildReport)
UnityEditor.BuildPipeline:BuildPlayerInternalNoCheck (string[],string,string,UnityEditor.BuildTargetGroup,UnityEditor.BuildTarget,int,UnityEditor.BuildOptions,string[],bool)
UnityEditor.BuildPipeline:BuildPlayerInternal (string[],string,string,UnityEditor.BuildTargetGroup,UnityEditor.BuildTarget,int,UnityEditor.BuildOptions,string[])
UnityEditor.BuildPipeline:BuildPlayer (string[],string,string,UnityEditor.BuildTargetGroup,UnityEditor.BuildTarget,int,UnityEditor.BuildOptions,string[])
UnityEditor.BuildPipeline:BuildPlayer (UnityEditor.BuildPlayerOptions)
TheraplyCore.Editor.Automation.UnityCliValidation/<>c:<RunAndroidDebugBuildValidation>b__4_0 () (at Assets/_TheraplyCore/Editor/Automation/UnityCliValidation.cs:61)
TheraplyCore.Editor.Automation.UnityCliValidation:ExecuteWithExitCode (string,System.Action) (at Assets/_TheraplyCore/Editor/Automation/UnityCliValidation.cs:80)
TheraplyCore.Editor.Automation.UnityCliValidation:RunAndroidDebugBuildValidation () (at Assets/_TheraplyCore/Editor/Automation/UnityCliValidation.cs:33)

(Filename: ./Library/PackageCache/com.unity.webrtc@9605a106619b/Editor/BuildProcessor.cs Line: 101)

DisplayProgressbar: Checking prerequisites
Reporting tool paths:
 JDK: 'C:\Program Files\Unity\Hub\Editor\6000.3.8f1\Editor\Data\PlaybackEngines\AndroidPlayer\OpenJDK'
 Android SDK: 'C:\Program Files\Unity\Hub\Editor\6000.3.8f1\Editor\Data\PlaybackEngines\AndroidPlayer\SDK'
 Android NDK: 'C:\Program Files\Unity\Hub\Editor\6000.3.8f1\Editor\Data\PlaybackEngines\AndroidPlayer\NDK'
 Gradle: 'C:\Program Files\Unity\Hub\Editor\6000.3.8f1\Editor\Data\PlaybackEngines\AndroidPlayer\Tools\gradle' (Gradle Version: '8.13' Android Plugin Version: '8.10.0')
Android PostProcess task "Checking prerequisites" took 24,4843 ms
DisplayProgressbar: Detect Java Development Kit (JDK)
Android PostProcess task "Detect Java Development Kit (JDK)" took 70,8478 ms
DisplayProgressbar: Detecting Android SDK
AndroidSDKTools:

	root          : C:\Program Files\Unity\Hub\Editor\6000.3.8f1\Editor\Data\PlaybackEngines\AndroidPlayer\SDK
	cmdline-tools : C:\Program Files\Unity\Hub\Editor\6000.3.8f1\Editor\Data\PlaybackEngines\AndroidPlayer\SDK\cmdline-tools\16.0
	platform-tools: C:\Program Files\Unity\Hub\Editor\6000.3.8f1\Editor\Data\PlaybackEngines\AndroidPlayer\SDK\platform-tools
	build-tools   : C:\Program Files\Unity\Hub\Editor\6000.3.8f1\Editor\Data\PlaybackEngines\AndroidPlayer\SDK\build-tools\36.0.0

	adb           : C:\Program Files\Unity\Hub\Editor\6000.3.8f1\Editor\Data\PlaybackEngines\AndroidPlayer\SDK\platform-tools\adb.exe

Android PostProcess task "Detecting Android SDK" took 1378,5112 ms
DisplayProgressbar: Detect Android NDK
Android PostProcess task "Detect Android NDK" took 1,2006 ms
Android PostProcess task "Trying to find a suitable Android device" took 0,3291 ms
DisplayProgressbar: Check resources
Android PostProcess task "Check resources" took 0,1903 ms
DisplayProgressbar: Check Android Player Settings
Android PostProcess task "Check Android Player Settings" took 1,2946 ms
Launched and connected shader compiler UnityShaderCompiler.exe after 0.01 seconds
info: Microsoft.AspNetCore.Hosting.Diagnostics[1]
      Request starting HTTP/2 POST http://ilpp/UnityILPP.PostProcessing/Ping application/grpc -
info: Microsoft.AspNetCore.Routing.EndpointMiddleware[0]
      Executing endpoint 'gRPC - /UnityILPP.PostProcessing/Ping'
info: Microsoft.AspNetCore.Routing.EndpointMiddleware[1]
      Executed endpoint 'gRPC - /UnityILPP.PostProcessing/Ping'
info: Microsoft.AspNetCore.Hosting.Diagnostics[2]
      Request finished HTTP/2 POST http://ilpp/UnityILPP.PostProcessing/Ping application/grpc - - 200 - application/grpc 1.2456ms
Starting: C:\Program Files\Unity\Hub\Editor\6000.3.8f1\Editor\Data\Tools\BuildPipeline\bee_backend.exe --ipc --defer-dag-verification --dagfile="Library/Bee/1300b0aESkipCompile.dag" --continue-on-failure --profile="Library/Bee/backend1.traceevents" ScriptAssembliesAndTypeDB
WorkingDir: C:/Users/licen/Projects/theraply-vr-framework/unity-quest-template
DisplayProgressbar: Compiling Scripts
ExitCode: 0 Duration: 0s72ms
*** Tundra build success (0.05 seconds), 0 items updated, 3 evaluated
Asset Pipeline Refresh (id=1ca44d17bf691ab41a038e6acfa5fa9f): Total: 0.002 seconds - Initiated by RefreshV2(NoUpdateAssetOptions)
[ScriptCompilation] Requested script compilation because: Recompiling scripts for player build.
BuildPlayer: start building target 13
info: Microsoft.AspNetCore.Hosting.Diagnostics[1]
      Request starting HTTP/2 POST http://ilpp/UnityILPP.PostProcessing/Ping application/grpc -
info: Microsoft.AspNetCore.Routing.EndpointMiddleware[0]
      Executing endpoint 'gRPC - /UnityILPP.PostProcessing/Ping'
info: Microsoft.AspNetCore.Routing.EndpointMiddleware[1]
      Executed endpoint 'gRPC - /UnityILPP.PostProcessing/Ping'
info: Microsoft.AspNetCore.Hosting.Diagnostics[2]
      Request finished HTTP/2 POST http://ilpp/UnityILPP.PostProcessing/Ping application/grpc - - 200 - application/grpc 0.4585ms
Starting: C:\Program Files\Unity\Hub\Editor\6000.3.8f1\Editor\Data\Tools\BuildPipeline\bee_backend.exe --ipc --defer-dag-verification --dagfile="Library/Bee/1300b0aPDevDbg.dag" --continue-on-failure --profile="Library/Bee/backend1.traceevents" ScriptAssembliesAndTypeDB
WorkingDir: C:/Users/licen/Projects/theraply-vr-framework/unity-quest-template
Total cache size 268043994
Total cache size after purge 268043994, took 00:00:00.2109849
ExitCode: 0 Duration: 0s302ms
[103/113    0s] CopyFiles Library/Bee/PlayerScriptAssemblies/Unity.Multiplayer.Center.Common.pdb
[104/113    0s] CopyFiles Library/Bee/PlayerScriptAssemblies/Assembly-CSharp.pdb
[105/113    0s] CopyFiles Library/Bee/PlayerScriptAssemblies/Assembly-CSharp.dll
[106/113    0s] CopyFiles Library/Bee/PlayerScriptAssemblies/Unity.Multiplayer.Center.Common.dll
[107/113    0s] CopyFiles Library/Bee/PlayerScriptAssemblies/Unity.WebRTC.dll
[108/113    0s] CopyFiles Library/Bee/PlayerScriptAssemblies/Unity.WebRTC.pdb
[109/113    0s] CopyFiles Library/Bee/PlayerScriptAssemblies/VContainer.dll
[110/113    0s] CopyFiles Library/Bee/PlayerScriptAssemblies/VContainer.pdb
*** Tundra build success (0.28 seconds), 8 items updated, 113 evaluated
Not rebuilding Data files -- no changes


Mono dependencies included in the build
Dependency assembly - System.Resources.Reader.dll
Dependency assembly - System.Security.Cryptography.Algorithms.dll
Dependency assembly - System.ServiceProcess.ServiceController.dll
Dependency assembly - System.Resources.ResourceManager.dll
Dependency assembly - System.Globalization.Calendars.dll
Dependency assembly - System.ServiceModel.Http.dll
Dependency assembly - System.Web.ApplicationServices.dll
Dependency assembly - System.Text.RegularExpressions.dll
Dependency assembly - System.Text.Encoding.Extensions.dll
Dependency assembly - System.Runtime.CompilerServices.VisualC.dll
Dependency assembly - System.Transactions.dll
Dependency assembly - System.Console.dll
Dependency assembly - System.IO.FileSystem.AccessControl.dll
Dependency assembly - Microsoft.Win32.Primitives.dll
Dependency assembly - I18N.Rare.dll
Dependency assembly - System.Web.Services.dll
Dependency assembly - System.Security.Cryptography.X509Certificates.dll
Dependency assembly - System.Diagnostics.Process.dll
Dependency assembly - System.Runtime.Numerics.dll
Dependency assembly - System.Net.dll
Dependency assembly - System.Net.HttpListener.dll
Dependency assembly - System.Security.Principal.dll
Dependency assembly - System.Threading.Timer.dll
Dependency assembly - System.Drawing.Design.dll
Dependency assembly - System.Net.AuthenticationManager.dll
Dependency assembly - System.Security.Cryptography.Encryption.dll
Dependency assembly - System.Security.Cryptography.ProtectedData.dll
Dependency assembly - System.IdentityModel.dll
Dependency assembly - System.IO.MemoryMappedFiles.dll
Dependency assembly - System.Runtime.Serialization.Primitives.dll
Dependency assembly - VContainer.dll
Dependency assembly - Assembly-CSharp.dll
Dependency assembly - System.Threading.ThreadPool.dll
Dependency assembly - System.IO.FileSystem.dll
Dependency assembly - System.Net.NameResolution.dll
Dependency assembly - System.ServiceModel.Security.dll
Dependency assembly - System.Messaging.dll
Dependency assembly - System.ServiceModel.Web.dll
Dependency assembly - System.IO.Compression.dll
Dependency assembly - System.IO.FileSystem.Primitives.dll
Dependency assembly - System.Security.Cryptography.Pkcs.dll
Dependency assembly - netstandard.dll
Dependency assembly - System.Security.Cryptography.Cng.dll
Dependency assembly - System.Xml.ReaderWriter.dll
Dependency assembly - System.Runtime.DurableInstancing.dll
Dependency assembly - System.Design.dll
Dependency assembly - System.ComponentModel.Annotations.dll
Dependency assembly - System.Diagnostics.Tracing.dll
Dependency assembly - System.ComponentModel.TypeConverter.dll
Dependency assembly - System.IO.FileSystem.Watcher.dll
Dependency assembly - System.Net.Http.WebRequest.dll
Dependency assembly - System.Xml.Serialization.dll
Dependency assembly - System.Net.Cache.dll
Dependency assembly - System.ServiceProcess.dll
Dependency assembly - System.Data.SqlClient.dll
Dependency assembly - System.Numerics.Vectors.dll
Dependency assembly - System.Security.Claims.dll
Dependency assembly - System.Reflection.Primitives.dll
Dependency assembly - System.Drawing.Primitives.dll
Dependency assembly - System.Reflection.Emit.dll
Dependency assembly - System.Net.Utilities.dll
Dependency assembly - System.Security.Cryptography.Hashing.dll
Dependency assembly - System.Security.Cryptography.Csp.dll
Dependency assembly - System.ServiceModel.dll
Dependency assembly - System.Data.DataSetExtensions.dll
Dependency assembly - System.ServiceModel.Duplex.dll
Dependency assembly - System.Diagnostics.StackTrace.dll
Dependency assembly - System.Windows.Forms.DataVisualization.dll
Dependency assembly - System.Memory.dll
Dependency assembly - System.Net.WebSockets.dll
Dependency assembly - Microsoft.Win32.Registry.AccessControl.dll
Dependency assembly - System.IO.Compression.FileSystem.dll
Dependency assembly - System.Net.Requests.dll
Dependency assembly - System.IO.Compression.ZipFile.dll
Dependency assembly - System.ComponentModel.EventBasedAsync.dll
Dependency assembly - System.Threading.Thread.dll
Dependency assembly - System.ServiceModel.Discovery.dll
Dependency assembly - System.ServiceModel.Primitives.dll
Dependency assembly - System.Net.Security.dll
Dependency assembly - System.Resources.Writer.dll
Dependency assembly - System.EnterpriseServices.dll
Dependency assembly - System.Runtime.InteropServices.dll
Dependency assembly - System.Configuration.dll
Dependency assembly - I18N.Other.dll
Dependency assembly - I18N.dll
Dependency assembly - I18N.MidEast.dll
Dependency assembly - System.Data.Entity.dll
Dependency assembly - System.Data.dll
Dependency assembly - System.Windows.Forms.dll
Dependency assembly - System.Runtime.Extensions.dll
Dependency assembly - System.IO.UnmanagedMemoryStream.dll
Dependency assembly - System.Text.Encoding.dll
Dependency assembly - System.AppContext.dll
Dependency assembly - System.Threading.dll
Dependency assembly - System.Data.Common.dll
Dependency assembly - System.Security.Cryptography.Encoding.dll
Dependency assembly - System.Data.OracleClient.dll
Dependency assembly - System.Configuration.Install.dll
Dependency assembly - System.Xaml.dll
Dependency assembly - System.Reflection.DispatchProxy.dll
Dependency assembly - System.Diagnostics.FileVersionInfo.dll
Dependency assembly - System.Runtime.Handles.dll
Dependency assembly - System.Threading.Overlapped.dll
Dependency assembly - System.IdentityModel.Selectors.dll
Dependency assembly - System.ComponentModel.DataAnnotations.dll
Dependency assembly - System.Xml.XPath.XmlDocument.dll
Dependency assembly - MessagePack.dll
Dependency assembly - Accessibility.dll
Dependency assembly - System.Net.Http.dll
Dependency assembly - I18N.West.dll
Dependency assembly - System.Threading.AccessControl.dll
Dependency assembly - System.Web.DynamicData.dll
Dependency assembly - System.Web.RegularExpressions.dll
Dependency assembly - System.Data.Services.Client.dll
Dependency assembly - System.Net.Mail.dll
Dependency assembly - I18N.CJK.dll
Dependency assembly - System.ComponentModel.dll
Dependency assembly - System.Reflection.Extensions.dll
Dependency assembly - System.Net.Sockets.dll
Dependency assembly - System.Threading.Tasks.dll
Dependency assembly - System.Runtime.CompilerServices.Unsafe.dll
Dependency assembly - System.Security.Cryptography.Primitives.dll
Dependency assembly - Unity.Multiplayer.Center.Common.dll
Dependency assembly - System.Buffers.dll
Dependency assembly - System.IO.IsolatedStorage.dll
Dependency assembly - System.Linq.dll
Dependency assembly - Mono.Data.Sqlite.dll
Dependency assembly - System.Web.Extensions.Design.dll
Dependency assembly - System.ValueTuple.dll
Dependency assembly - System.Reflection.dll
Dependency assembly - System.Management.dll
Dependency assembly - System.Data.Linq.dll
Dependency assembly - System.Diagnostics.TraceSource.dll
Dependency assembly - System.Collections.NonGeneric.dll
Dependency assembly - System.Xml.XmlSerializer.dll
Dependency assembly - System.Diagnostics.Debug.dll
Dependency assembly - System.ServiceModel.Internals.dll
Dependency assembly - Microsoft.NET.StringTools.dll
Dependency assembly - System.DirectoryServices.dll
Dependency assembly - System.IO.FileSystem.DriveInfo.dll
Dependency assembly - System.ServiceModel.Activation.dll
Dependency assembly - System.Json.dll
Dependency assembly - System.Runtime.Serialization.Xml.dll
Dependency assembly - System.Data.Services.dll
Dependency assembly - System.ServiceModel.Routing.dll
Dependency assembly - System.Net.WebSockets.Client.dll
Dependency assembly - System.IO.Pipes.dll
Dependency assembly - System.Security.Cryptography.Hashing.Algorithms.dll
Dependency assembly - System.Collections.dll
Dependency assembly - System.Security.Cryptography.OpenSsl.dll
Dependency assembly - System.Security.Cryptography.Encryption.Aes.dll
Dependency assembly - System.Runtime.Loader.dll
Dependency assembly - Mono.Data.Tds.dll
Dependency assembly - System.IO.dll
Dependency assembly - System.Security.Principal.Windows.dll
Dependency assembly - System.Collections.Specialized.dll
Dependency assembly - System.Threading.Tasks.Parallel.dll
Dependency assembly - System.ServiceModel.NetTcp.dll
Dependency assembly - System.Runtime.Serialization.dll
Dependency assembly - System.Runtime.Remoting.dll
Dependency assembly - System.Runtime.InteropServices.WindowsRuntime.dll
Dependency assembly - System.Runtime.Serialization.Json.dll
Dependency assembly - System.Runtime.Serialization.Formatters.dll
Dependency assembly - System.Diagnostics.Tools.dll
Dependency assembly - System.Security.SecureString.dll
Dependency assembly - System.Threading.Tasks.Extensions.dll
Dependency assembly - System.Text.Encoding.CodePages.dll
Dependency assembly - System.Reflection.TypeExtensions.dll
Dependency assembly - System.Security.Cryptography.Encryption.ECDiffieHellman.dll
Dependency assembly - System.Xml.XmlDocument.dll
Dependency assembly - System.Collections.Concurrent.dll
Dependency assembly - System.Xml.XPath.XDocument.dll
Dependency assembly - System.Dynamic.Runtime.dll
Dependency assembly - System.Linq.Expressions.dll
Dependency assembly - System.Core.dll
Dependency assembly - System.Drawing.dll
Dependency assembly - MessagePack.Annotations.dll
Dependency assembly - System.Security.Cryptography.RandomNumberGenerator.dll
Dependency assembly - Microsoft.CSharp.dll
Dependency assembly - System.dll
Dependency assembly - System.Reflection.Emit.Lightweight.dll
Dependency assembly - System.DirectoryServices.Protocols.dll
Dependency assembly - mscorlib.dll
Dependency assembly - System.Linq.Queryable.dll
Dependency assembly - System.Linq.Parallel.dll
Dependency assembly - System.Web.dll
Dependency assembly - System.Globalization.Extensions.dll
Dependency assembly - System.Net.Ping.dll
Dependency assembly - System.Collections.Immutable.dll
Dependency assembly - System.Xml.Linq.dll
Dependency assembly - System.Security.AccessControl.dll
Dependency assembly - System.Runtime.Caching.dll
Dependency assembly - System.Web.Extensions.dll
Dependency assembly - System.Xml.XPath.dll
Dependency assembly - System.Globalization.dll
Dependency assembly - System.Diagnostics.TextWriterTraceListener.dll
Dependency assembly - System.ComponentModel.Composition.dll
Dependency assembly - System.Xml.XDocument.dll
Dependency assembly - System.Runtime.InteropServices.RuntimeInformation.dll
Dependency assembly - System.Security.dll
Dependency assembly - System.Net.WebHeaderCollection.dll
Dependency assembly - System.Reflection.Emit.ILGeneration.dll
Dependency assembly - System.Reflection.Context.dll
Dependency assembly - System.Diagnostics.TraceEvent.dll
Dependency assembly - System.Net.NetworkInformation.dll
Dependency assembly - System.Runtime.Serialization.Formatters.Soap.dll
Dependency assembly - Mono.Security.dll
Dependency assembly - System.Xml.dll
Dependency assembly - System.Xml.Xsl.Primitives.dll
Dependency assembly - System.Net.ServicePoint.dll
Dependency assembly - System.ObjectModel.dll
Dependency assembly - System.Numerics.dll
Dependency assembly - System.Security.Cryptography.Encryption.ECDsa.dll
Dependency assembly - System.Diagnostics.Contracts.dll
Dependency assembly - System.Net.Primitives.dll
Dependency assembly - System.Windows.dll
Dependency assembly - System.ComponentModel.Primitives.dll
Dependency assembly - System.Runtime.dll
Dependency assembly - System.Resources.ReaderWriter.dll
Dependency assembly - Unity.WebRTC.dll
Dependency assembly - Microsoft.Win32.Registry.dll
Dependency assembly - System.Security.Cryptography.DeriveBytes.dll
Dependency assembly - System.Security.Cryptography.RSA.dll

Asset Pipeline Refresh (id=a6c4eab55ccf58c45825c343a32fd59b): Total: 0.006 seconds - Initiated by RefreshV2(NoUpdateAssetOptions)
DisplayProgressbar: Initializing
Android PostProcess task "Initializing" took 0,6992 ms
DisplayProgressbar: Check gradle project collisions
Android PostProcess task "Check gradle project collisions" took 0,2242 ms
DisplayProgressbar: Preparing banner
Android PostProcess task "Preparing banner" took 0,3175 ms
Total cache size 268043994
Total cache size after purge 268043994, took 00:00:00.1403991
info: Microsoft.AspNetCore.Hosting.Diagnostics[1]
      Request starting HTTP/2 POST http://ilpp/UnityILPP.PostProcessing/Ping application/grpc -
info: Microsoft.AspNetCore.Routing.EndpointMiddleware[0]
      Executing endpoint 'gRPC - /UnityILPP.PostProcessing/Ping'
info: Microsoft.AspNetCore.Routing.EndpointMiddleware[1]
      Executed endpoint 'gRPC - /UnityILPP.PostProcessing/Ping'
info: Microsoft.AspNetCore.Hosting.Diagnostics[2]
      Request finished HTTP/2 POST http://ilpp/UnityILPP.PostProcessing/Ping application/grpc - - 200 - application/grpc 0.1935ms
Starting: C:\Program Files\Unity\Hub\Editor\6000.3.8f1\Editor\Data\Tools\BuildPipeline\bee_backend.exe --ipc --dagfile="Library/Bee/Player18f2559d.dag" --profile="Library/Bee/backend1.traceevents" Player
WorkingDir: C:/Users/licen/Projects/theraply-vr-framework/unity-quest-template
DisplayProgressbar: Incremental Player Build
[489/492    0s] AddBootConfigGUID Library/Bee/artifacts/Android/boot.config
[490/492    0s] CopyFiles C:/Users/licen/Projects/theraply-vr-framework/unity-quest-template/Library/Bee/Android/Prj/IL2CPP/Gradle/unityLibrary/src/main/assets/bin/Data/boot.config
[491/492    0s] GuidGenerator C:/Users/licen/Projects/theraply-vr-framework/unity-quest-template/Library/Bee/Android/Prj/IL2CPP/Gradle/unityLibrary/src/main/assets/bin/Data/unity_app_guid
*** Tundra build success (0.22 seconds), 3 items updated, 492 evaluated
ExitCode: 0 Duration: 0s237ms
DisplayProgressbar: Calling IPostGenerateGradleAndroidProject callbacks
Calling IPostGenerateGradleAndroidProject callbacks on 'C:\Users\licen\Projects\theraply-vr-framework\unity-quest-template\Library\Bee\Android\Prj\IL2CPP\Gradle\unityLibrary':
Android PostProcess task "Calling IPostGenerateGradleAndroidProject callbacks" took 1,0493 ms
DisplayProgressbar: Validate Gradle Project
Android PostProcess task "Validate Gradle Project" took 0,9135 ms
Android PostProcess task "Unity Services Symbol Upload" took 0,294 ms
DisplayProgressbar: Building Gradle project
Total cache size 268043994
Total cache size after purge 268043994, took 00:00:00.1488000
Starting: C:\Program Files\Unity\Hub\Editor\6000.3.8f1\Editor\Data\PlaybackEngines\AndroidPlayer\OpenJDK\bin\java.exe -classpath "C:\Program Files\Unity\Hub\Editor\6000.3.8f1\Editor\Data\PlaybackEngines\AndroidPlayer\Tools\gradle\lib\gradle-launcher-8.13.jar" org.gradle.launcher.GradleMain "-Dorg.gradle.jvmargs=-Xmx4096m" "assembleDebug" 
WorkingDir: C:/Users/licen/Projects/theraply-vr-framework/unity-quest-template/Library/Bee/Android/Prj/IL2CPP/Gradle\launcher
Android PostProcess task "Building Gradle project" took 9975,8392 ms
DisplayProgressbar: Building Gradle Symbols
Android PostProcess task "Building Gradle Symbols" took 0,2076 ms
DisplayProgressbar: Processing Mapping File
Android PostProcess task "Processing Mapping File" took 0,246 ms
DisplayProgressbar: Moving output package(s)
Copy 'C:/Users/licen/Projects/theraply-vr-framework/unity-quest-template/Library/Bee/Android/Prj/IL2CPP/Gradle\launcher\build\outputs\apk\debug\launcher-debug.apk' -> 
 'C:/Users/licen/Projects/theraply-vr-framework/unity-quest-template/Temp/CliValidation/build/TheraplyCliValidation.apk'
Android PostProcess task "Moving output package(s)" took 14,2051 ms
Android PostProcess task "Checking Symbols size" took 0,6635 ms
Refreshing native plugins compatible for Editor in 1.16 ms, found 1 plugins.
Preloading 1 native plugins for Editor in 0.07 ms.

-------------------------------------------------------------------------------
Build Report
Information on used Assets is not available, since player data was not rebuilt.
Do a clean build to view the Asset build report information.
-------------------------------------------------------------------------------
Unloading 2 Unused Serialized files (Serialized files now loaded: 0)
Unloading 41 unused Assets / (0.7 MB). Loaded Objects now: 980.
Memory consumption went from 94.6 MB to 93.9 MB.
Total: 5.773700 ms (FindLiveObjects: 0.060700 ms CreateObjectMapping: 0.012000 ms MarkObjects: 5.381500 ms  DeleteObjects: 0.319000 ms)

DisplayProgressNotification: Build Successful
Build Finished, Result: Success.
##utp:{"type":"PlayerBuildInfo","version":2,"phase":"Immediate","time":1771353596850,"processId":3520,"steps":[{"description":"Preprocess Player","duration":9},{"description":"Prepare For Build","duration":1489},{"description":"ProducePlayerScriptAssemblies","duration":550},{"description":"Verify Build setup","duration":40},{"description":"Prepare assets for target platform","duration":3},{"description":"Prepare splash screen","duration":0},{"description":"Run script only build","duration":29},{"description":"Postprocess built player","duration":10466}],"duration":12586}
Unloading 0 Unused Serialized files (Serialized files now loaded: 0)
Loaded scene 'Temp/__Backupscenes/0.backup'
	Deserialize:            0.458 ms
	Integration:            4.100 ms
	Integration of assets:  0.002 ms
	Thread Wait Time:       0.006 ms
	Total Operation Time:   4.565 ms
Unloading 0 unused Assets / (0 B). Loaded Objects now: 980.
Memory consumption went from 93.8 MB to 93.8 MB.
Total: 4.731300 ms (FindLiveObjects: 0.049100 ms CreateObjectMapping: 0.008700 ms MarkObjects: 4.670900 ms  DeleteObjects: 0.002300 ms)

[CLI Validation] Build succeeded. Duration=12,6s; Size=325127566 bytes; Output=C:\Users\licen\Projects\theraply-vr-framework\unity-quest-template\Temp\CliValidation\build\TheraplyCliValidation.apk
UnityEngine.Debug:ExtractStackTraceNoAlloc (byte*,int,string)
UnityEngine.StackTraceUtility:ExtractStackTrace ()
UnityEngine.DebugLogHandler:Internal_Log (UnityEngine.LogType,UnityEngine.LogOption,string,UnityEngine.Object)
UnityEngine.DebugLogHandler:LogFormat (UnityEngine.LogType,UnityEngine.Object,string,object[])
UnityEngine.Logger:Log (UnityEngine.LogType,object)
UnityEngine.Debug:Log (object)
TheraplyCore.Editor.Automation.UnityCliValidation/<>c:<RunAndroidDebugBuildValidation>b__4_0 () (at Assets/_TheraplyCore/Editor/Automation/UnityCliValidation.cs:70)
TheraplyCore.Editor.Automation.UnityCliValidation:ExecuteWithExitCode (string,System.Action) (at Assets/_TheraplyCore/Editor/Automation/UnityCliValidation.cs:80)
TheraplyCore.Editor.Automation.UnityCliValidation:RunAndroidDebugBuildValidation () (at Assets/_TheraplyCore/Editor/Automation/UnityCliValidation.cs:33)

(Filename: Assets/_TheraplyCore/Editor/Automation/UnityCliValidation.cs Line: 70)

[CLI Validation] Step 'android-build' completed successfully.
UnityEngine.Debug:ExtractStackTraceNoAlloc (byte*,int,string)
UnityEngine.StackTraceUtility:ExtractStackTrace ()
UnityEngine.DebugLogHandler:Internal_Log (UnityEngine.LogType,UnityEngine.LogOption,string,UnityEngine.Object)
UnityEngine.DebugLogHandler:LogFormat (UnityEngine.LogType,UnityEngine.Object,string,object[])
UnityEngine.Logger:Log (UnityEngine.LogType,object)
UnityEngine.Debug:Log (object)
TheraplyCore.Editor.Automation.UnityCliValidation:ExecuteWithExitCode (string,System.Action) (at Assets/_TheraplyCore/Editor/Automation/UnityCliValidation.cs:81)
TheraplyCore.Editor.Automation.UnityCliValidation:RunAndroidDebugBuildValidation () (at Assets/_TheraplyCore/Editor/Automation/UnityCliValidation.cs:33)

(Filename: Assets/_TheraplyCore/Editor/Automation/UnityCliValidation.cs Line: 81)

Starting: C:\Program Files\Unity\Hub\Editor\6000.3.8f1\Editor\Data\PlaybackEngines\AndroidPlayer\OpenJDK\bin\java.exe -classpath "C:\Program Files\Unity\Hub\Editor\6000.3.8f1\Editor\Data\PlaybackEngines\AndroidPlayer\Tools\gradle\lib\gradle-launcher-8.13.jar" org.gradle.launcher.GradleMain "-Dorg.gradle.jvmargs=-Xmx4096m" "--stop" 
WorkingDir: 
Killing ADB server in 0,0662045 seconds.
[Physics::Module] Cleanup current backend.
[Physics::Module] Id: 0xf2b8ea05
Input System module state changed to: ShutdownInProgress.
Input System polling thread exited.
Input System module state changed to: Shutdown.
[Licensing::IpcConnector] LicenseClient-licen-notifications channel disconnected successfully.
[Licensing::IpcConnector] LicenseClient-licen channel disconnected successfully.
AcceleratorClientConnectionCallback - disconnected - :0
Cleanup mono
abort_threads: Failed aborting id: 0000000000007CF4, mono_thread_manage will ignore it

abort_threads: Failed aborting id: 0000000000004EE4, mono_thread_manage will ignore it

abort_threads: Failed aborting id: 0000000000007CF4, mono_thread_manage will ignore it

abort_threads: Failed aborting id: 0000000000004EE4, mono_thread_manage will ignore it

debugger-agent: Unable to listen on 3308
Checking for leaked weakptr:
  Found no leaked weakptrs.
[Package Manager] Server process was shutdown
##utp:{"type":"MemoryLeaks","version":2,"phase":"Immediate","time":1771353597927,"processId":3520,"allocatedMemory":10332843,"memoryLabels":[{"Default":29313},{"Permanent":15236},{"NewDelete":68811},{"Thread":4230344},{"Manager":71957},{"VertexData":8},{"Geometry":816},{"Texture":160},{"Shader":79379},{"Material":24},{"GfxDevice":55257},{"Animation":392},{"Audio":2664},{"FreeType":8},{"FontEngine":736},{"Physics":2090},{"Physics2D":16},{"Serialization":656},{"Input":14984},{"JobScheduler":33024},{"TextLib":216},{"Mono":32},{"ScriptingNativeRuntime":155060},{"BaseObject":1620272},{"Resource":1336},{"Renderer":3000},{"Transform":4685},{"File":1016},{"WebCam":616},{"Culling":32},{"Terrain":11394},{"Wind":24},{"STL":40},{"String":35069},{"DynamicArray":91637},{"HashMap":68029},{"Utility":2660134},{"Curl":2559},{"PoolAlloc":2056},{"AI":80},{"TypeTree":5341},{"ScriptManager":512},{"RuntimeInitializeOnLoadManager":64},{"SpriteAtlas":112},{"GI":7792},{"Director":8240},{"CloudService":11808},{"WebRequest":808},{"VR":47994},{"SceneManager":504},{"Video":64},{"LazyScriptCache":32},{"Camera":17},{"Secure":2113},{"SerializationCache":1576},{"APIUpdating":10320},{"Subsystems":336},{"VirtualTexturing":57888},{"StaticSafetyDebugInfo":278528},{"Analytics":384},{"Hierarchy":608},{"CoreStats":13032},{"Identifiers":12960},{"Gui":96},{"EditorUtility":87855},{"VersionControl":4},{"Undo":947},{"AssetDatabase":474721},{"EditorGi":328},{"UnityConnect":29208},{"Upm":1896},{"AssetCompliance":64},{"DrivenProperties":72},{"LocalIPC":211},{"ProfilerEditor":9746},{"CoreBusinessMetrics":2876},{"Licensing":664},{"AssetReference":32},{"IPCStream":32}]}
~StackAllocator(ALLOC_TEMP_MAIN) m_LastAlloc not NULL. Did you forget to call FreeAllStackAllocations()? To get more information, run app with -diag-temp-memory-leak-validation cmd line argument
