117:02-18 18:47:22.683 I/flutter (15255): [Connection] 📤 Sent: END_SESSION (571 bytes)
119:02-18 18:47:22.706 I/flutter (15255): [Connection] 📥 Received: COMMAND_ACK
123:02-18 18:48:17.803 I/flutter (15255): [Connection] 📤 Sent: PAUSE_GAME (606 bytes)
124:02-18 18:48:17.816 I/flutter (15255): [Connection] 📥 Received: COMMAND_ACK
125:02-18 18:48:20.582 I/flutter (15255): [Connection] 📤 Sent: STOP_GAME (641 bytes)
126:02-18 18:48:20.614 I/flutter (15255): [Connection] 📥 Received: COMMAND_ACK
127:02-18 18:48:20.615 I/flutter (15255): [Connection] 📤 Sent: START_GAME (850 bytes)
128:02-18 18:48:20.679 I/flutter (15255): [Connection] 📥 Received: COMMAND_ACK
130:02-18 18:48:31.504 I/flutter (15255): [Connection] 🔌 Socket closed (onDone) - peer or app closed connection
131:02-18 18:48:31.556 I/flutter (15255): [Connection] 🔌 Disconnected
142:02-18 18:49:01.438 I/flutter (15255): [Connection] ✅ Reconnected on attempt 5
145:02-18 18:49:01.501 I/flutter (15255): [Connection] 🔌 Socket closed (onDone) - peer or app closed connection
146:02-18 18:49:01.575 I/flutter (15255): [Connection] 🔌 Disconnected
196:02-18 18:49:38.062 I/flutter (15255): [Connection] 📤 Sent: START_GAME (594 bytes)
197:02-18 18:49:38.084 I/flutter (15255): [Connection] 📥 Received: COMMAND_ACK
198:02-18 18:49:58.322 I/flutter (15255): [Connection] 🔌 Disconnected
199:02-18 18:49:58.329 I/flutter (15255): [Connection] 🔌 Socket closed (onDone) - peer or app closed connection
250:02-18 18:50:02.868 I/flutter (15255): [Connection] 📤 Sent: END_SESSION (571 bytes)
251:02-18 18:50:02.889 I/flutter (15255): [Connection] 📥 Received: COMMAND_ACK
252:02-18 18:50:14.299 I/flutter (15255): [Connection] 📤 Sent: START_GAME (850 bytes)
253:02-18 18:50:14.330 I/flutter (15255): [Connection] 📥 Received: COMMAND_ACK
254:02-18 18:50:15.688 I/flutter (15255): [Connection] 📤 Sent: START_GAME (850 bytes)
255:02-18 18:50:15.721 I/flutter (15255): [Connection] 📥 Received: COMMAND_ACK
256:02-18 18:50:16.358 I/flutter (15255): [Connection] 📤 Sent: START_GAME (850 bytes)
257:02-18 18:50:16.387 I/flutter (15255): [Connection] 📥 Received: COMMAND_ACK
258:02-18 18:50:16.911 I/flutter (15255): [Connection] 📤 Sent: START_GAME (850 bytes)
259:02-18 18:50:16.941 I/flutter (15255): [Connection] 📥 Received: COMMAND_ACK
