Activity Resolver Table:
  Schemes:
      genericidp:
        2182e2e com.yourcompany.flutter_controller/com.google.firebase.auth.internal.GenericIdpActivity filter 7f1ddcf
          Action: "android.intent.action.VIEW"
          Category: "android.intent.category.DEFAULT"
          Category: "android.intent.category.BROWSABLE"
          Scheme: "genericidp"
          Authority: "firebase.auth": -1
          Path: "PatternMatcher{LITERAL: /}"
      recaptcha:
        aab35c com.yourcompany.flutter_controller/com.google.firebase.auth.internal.RecaptchaActivity filter 7c9665
          Action: "android.intent.action.VIEW"
          Category: "android.intent.category.DEFAULT"
          Category: "android.intent.category.BROWSABLE"
          Scheme: "recaptcha"
          Authority: "firebase.auth": -1
          Path: "PatternMatcher{LITERAL: /}"

  Non-Data Actions:
      android.intent.action.MAIN:
        8f98430 com.yourcompany.flutter_controller/.MainActivity filter 5a418a9
          Action: "android.intent.action.MAIN"
          Category: "android.intent.category.LAUNCHER"

Receiver Resolver Table:
  Non-Data Actions:
      androidx.profileinstaller.action.SAVE_PROFILE:
        1fcff3a com.yourcompany.flutter_controller/androidx.profileinstaller.ProfileInstallReceiver filter 9a533e1
          Action: "androidx.profileinstaller.action.SAVE_PROFILE"
      androidx.profileinstaller.action.INSTALL_PROFILE:
        1fcff3a com.yourcompany.flutter_controller/androidx.profileinstaller.ProfileInstallReceiver filter f5887eb
          Action: "androidx.profileinstaller.action.INSTALL_PROFILE"
      androidx.profileinstaller.action.SKIP_FILE:
        1fcff3a com.yourcompany.flutter_controller/androidx.profileinstaller.ProfileInstallReceiver filter cdda948
          Action: "androidx.profileinstaller.action.SKIP_FILE"
      androidx.profileinstaller.action.BENCHMARK_OPERATION:
        1fcff3a com.yourcompany.flutter_controller/androidx.profileinstaller.ProfileInstallReceiver filter 22bd506
          Action: "androidx.profileinstaller.action.BENCHMARK_OPERATION"

Domain verification status:

Permissions:
  Permission [com.yourcompany.flutter_controller.DYNAMIC_RECEIVER_NOT_EXPORTED_PERMISSION] (f68e2eb):
    sourcePackage=com.yourcompany.flutter_controller
    uid=10473 gids=[] type=0 prot=signature
    perm=PermissionInfo{6fcfe18 com.yourcompany.flutter_controller.DYNAMIC_RECEIVER_NOT_EXPORTED_PERMISSION}
    flags=0x0

Registered ContentProviders:
  com.yourcompany.flutter_controller/com.google.firebase.provider.FirebaseInitProvider:
    Provider{db3b071 com.yourcompany.flutter_controller/com.google.firebase.provider.FirebaseInitProvider}
  com.yourcompany.flutter_controller/androidx.startup.InitializationProvider:
    Provider{daabe56 com.yourcompany.flutter_controller/androidx.startup.InitializationProvider}

ContentProvider Authorities:
  [com.yourcompany.flutter_controller.androidx-startup]:
    Provider{daabe56 com.yourcompany.flutter_controller/androidx.startup.InitializationProvider}
      applicationInfo=ApplicationInfo{18e6848 com.yourcompany.flutter_controller}
  [com.yourcompany.flutter_controller.firebaseinitprovider]:
    Provider{db3b071 com.yourcompany.flutter_controller/com.google.firebase.provider.FirebaseInitProvider}
      applicationInfo=ApplicationInfo{d1886e1 com.yourcompany.flutter_controller}

Key Set Manager:
  [com.yourcompany.flutter_controller]
      Signing KeySets: 139

Packages:
  Package [com.yourcompany.flutter_controller] (ecc68e2):
    appId=10473
    pkg=Package{481e2ad com.yourcompany.flutter_controller}
    codePath=/data/app/~~x7kCNxZu9BNGQ1zEyEkD-g==/com.yourcompany.flutter_controller-vX82kQpWJQkBlmZ_3xKGWA==
    resourcePath=/data/app/~~x7kCNxZu9BNGQ1zEyEkD-g==/com.yourcompany.flutter_controller-vX82kQpWJQkBlmZ_3xKGWA==
    legacyNativeLibraryDir=/data/app/~~x7kCNxZu9BNGQ1zEyEkD-g==/com.yourcompany.flutter_controller-vX82kQpWJQkBlmZ_3xKGWA==/lib
    extractNativeLibs=false
    primaryCpuAbi=arm64-v8a
    secondaryCpuAbi=null
    cpuAbiOverride=null
    versionCode=1 minSdk=24 targetSdk=36
    minExtensionVersions=[]
    versionName=1.0.0
    hiddenApiEnforcementPolicy=2
    usesNonSdkApi=false
    splits=[base]
    apkSigningVersion=2
    flags=[ DEBUGGABLE HAS_CODE ALLOW_CLEAR_USER_DATA ALLOW_BACKUP ]
    privateFlags=[ PRIVATE_FLAG_ACTIVITIES_RESIZE_MODE_RESIZEABLE_VIA_SDK_VERSION ALLOW_AUDIO_PLAYBACK_CAPTURE PARTIALLY_DIRECT_BOOT_AWARE PRIVATE_FLAG_ALLOW_NATIVE_HEAP_POINTER_TAGGING ]
    forceQueryable=false
    pageSizeCompat=0
    scannedAsStoppedSystemApp=false
    supportsScreens=[small, medium, large, xlarge, resizeable, anyDensity]
    usesOptionalLibraries:
      androidx.window.extensions
      androidx.window.sidecar
      android.ext.adservices
    usesLibraryFiles:
      /system_ext/framework/androidx.window.extensions.jar
      /system_ext/framework/androidx.window.sidecar.jar
    timeStamp=2026-02-18 17:07:15
    lastUpdateTime=2026-02-18 17:07:28
    installerPackageName=null
    installerPackageUid=-1
    initiatingPackageName=com.android.shell
    originatingPackageName=null
    category=manifest: -1, override: -1, by user: -1
    packageSource=1
    appMetadataFilePath=null
    appMetadataSource=0
    signatures=PackageSignatures{d2c69e2 version:2, signatures:[3499d68b], past signatures:[]}
    installPermissionsFixed=false
    pkgFlags=[ DEBUGGABLE HAS_CODE ALLOW_CLEAR_USER_DATA ALLOW_BACKUP ]
    privatePkgFlags=[ PRIVATE_FLAG_ACTIVITIES_RESIZE_MODE_RESIZEABLE_VIA_SDK_VERSION ALLOW_AUDIO_PLAYBACK_CAPTURE PARTIALLY_DIRECT_BOOT_AWARE PRIVATE_FLAG_ALLOW_NATIVE_HEAP_POINTER_TAGGING ]
    apexModuleName=null
    componentsDeclared=16
    declared permissions:
      com.yourcompany.flutter_controller.DYNAMIC_RECEIVER_NOT_EXPORTED_PERMISSION: prot=signature
    requested permissions:
      com.google.android.finsky.permission.BIND_GET_INSTALL_REFERRER_SERVICE
      android.permission.MODIFY_AUDIO_SETTINGS
      com.google.android.providers.gsf.permission.READ_GSERVICES
      android.permission.FOREGROUND_SERVICE
      android.permission.ACCESS_ADSERVICES_AD_ID
      android.permission.INTERNET
      android.permission.FOREGROUND_SERVICE_DATA_SYNC
      com.yourcompany.flutter_controller.DYNAMIC_RECEIVER_NOT_EXPORTED_PERMISSION
      android.permission.ACCESS_NETWORK_STATE
      android.permission.ACCESS_ADSERVICES_ATTRIBUTION
      android.permission.RECORD_AUDIO
      com.google.android.gms.permission.AD_ID
      android.permission.WAKE_LOCK
    install permissions:
      com.google.android.finsky.permission.BIND_GET_INSTALL_REFERRER_SERVICE: granted=true
      android.permission.MODIFY_AUDIO_SETTINGS: granted=true
      com.google.android.providers.gsf.permission.READ_GSERVICES: granted=true
      android.permission.FOREGROUND_SERVICE: granted=true
      android.permission.ACCESS_ADSERVICES_AD_ID: granted=true
      android.permission.INTERNET: granted=true
      android.permission.FOREGROUND_SERVICE_DATA_SYNC: granted=true
      com.yourcompany.flutter_controller.DYNAMIC_RECEIVER_NOT_EXPORTED_PERMISSION: granted=true
      android.permission.ACCESS_NETWORK_STATE: granted=true
      android.permission.ACCESS_ADSERVICES_ATTRIBUTION: granted=true
      com.google.android.gms.permission.AD_ID: granted=true
      android.permission.WAKE_LOCK: granted=true
    User 0: ceDataInode=240392 deDataInode=221002 installed=true hidden=false suspended=false distractionFlags=0 stopped=false notLaunched=false enabled=0 instant=false virtual=false quarantined=false
      installReason=0
      dataDir=/data/user/0/com.yourcompany.flutter_controller
      firstInstallTime=2026-02-14 21:26:02
      uninstallReason=0
      overlay paths:
        /product/overlay/NavigationBarModeGestural/NavigationBarModeGesturalOverlay.apk
      legacy overlay paths:
        /product/overlay/NavigationBarModeGestural/NavigationBarModeGesturalOverlay.apk
      gids=[3003]
      runtime permissions:
        android.permission.RECORD_AUDIO: granted=true, flags=[ USER_SET|USER_SENSITIVE_WHEN_GRANTED|USER_SENSITIVE_WHEN_DENIED]
    User 150: ceDataInode=0 deDataInode=0 installed=false hidden=false suspended=false distractionFlags=0 stopped=true notLaunched=true enabled=0 instant=false virtual=false quarantined=false
      installReason=0
      dataDir=null
      firstInstallTime=2026-02-14 21:26:02
      uninstallReason=0
      gids=[3003]
      runtime permissions:

Queries:
  system apps queryable: false
  queries via forceQueryable:
  queries via package name:
  queries via component:
    com.unicostudio.braintest:
      com.yourcompany.flutter_controller
    com.samsung.android.bixby.agent:
      com.yourcompany.flutter_controller
    com.android.settings.intelligence:
      com.yourcompany.flutter_controller
    com.google.android.apps.accessibility.voiceaccess:
      com.yourcompany.flutter_controller
    com.google.android.as:
      com.yourcompany.flutter_controller
    com.google.android.as.oss:
      com.yourcompany.flutter_controller
    com.google.android.apps.messaging:
      com.yourcompany.flutter_controller
    com.microsoft.office.outlook:
      com.yourcompany.flutter_controller
    com.samsung.wearable.watchfaceplugin:
      com.yourcompany.flutter_controller
    com.samsung.wearable.watch7plugin:
      com.yourcompany.flutter_controller
    com.samsung.android.spay:
      com.yourcompany.flutter_controller
    com.avast.android.mobilesecurity:
      com.yourcompany.flutter_controller
    com.facebook.orca:
      com.yourcompany.flutter_controller
    pl.inpost.inmobile:
      com.yourcompany.flutter_controller
    com.revolut.revolut:
      com.yourcompany.flutter_controller
    com.play.playnow:
      com.yourcompany.flutter_controller
    com.play.play24m:
      com.yourcompany.flutter_controller
    com.facebook.katana:
      com.yourcompany.flutter_controller
    com.whatsapp:
      com.yourcompany.flutter_controller
    pl.nask.mobywatel:
      com.yourcompany.flutter_controller
    com.easybrain.sudoku.android:
      com.yourcompany.flutter_controller
    screw.nuts.bolts.puzzle.wood.woodle.color.sort.unscrew.game:
      com.yourcompany.flutter_controller
    com.GybeGames.ColorBlockJam:
      com.yourcompany.flutter_controller
    com.easybrain.number.puzzle.game:
      com.yourcompany.flutter_controller
  queryable via interaction:
    User 0:
      [com.sec.epdg,com.android.settings,com.samsung.android.vtcamerasettings,com.samsung.gpuwatchapp,android,com.sec.imslogger,com.sec.bcservice,com.sec.sve,com.samsung.android.simagent,com.sec.android.soagent,com.samsung.android.svcagent,com.samsung.ts43authservice,com.samsung.drm,com.sec.android.emergencylauncher,com.sec.android.app.hwmoduletest,com.sec.mhs.smarttethering,com.samsung.android.knox.pushmanager,com.sec.factory.camera,com.android.location.fused,com.sec.nrsaentitlement,com.samsung.android.wifi.intelligence,com.samsung.sait.sohservice,com.android.dynsystem,com.samsung.android.hdmapp,com.sec.android.app.wlantest,com.samsung.android.knox.zt.framework,com.sec.android.app.factorykeystring,com.sec.imsservice,com.samsung.android.wifi.ai,com.sec.android.app.desktoplauncher,com.samsung.android.bixby.wakeup,com.android.localtransport,com.samsung.android.globalpostprocmgr,com.samsung.aasaservice,com.samsung.android.knox.mpos,com.samsung.android.biometrics.app.setting,com.sec.android.CcInfo,com.samsung.android.emergency,com.samsung.oda.service,com.samsung.android.knox.attestation,com.samsung.android.brightnessbackupservice,com.android.server.telecom,com.sec.android.app.uwbtest,com.samsung.android.photoremasterservice,com.sec.android.app.personalization,com.samsung.android.dck.timesync,com.sec.android.app.quicktool,com.samsung.android.app.dressroom,com.samsung.android.providers.factory,com.wssyncmldm,com.qualcomm.qti.services.systemhelper,com.samsung.android.app.esimkeystring,com.samsung.android.app.omcagent,com.sec.app.RilErrorNotifier,com.sec.automation,com.sec.android.smartfpsadjuster,com.sec.android.app.parser,com.sec.android.sdhms,com.samsung.android.fmm,com.skms.android.agent,com.samsung.android.provider.filterprovider,com.samsung.android.sead,com.samsung.android.themecenter,com.sec.android.app.servicemodeapp,com.samsung.android.camerasdkservice,com.samsung.android.dqagent,com.samsung.android.ese,com.sec.usbsettings,com.samsung.android.cameraxservice,com.samsung.android.smartface,com.sec.android.iaft,com.samsung.android.motionphoto.app,com.samsung.android.aircommandmanager,com.samsung.SMT,com.samsung.android.da.daagent,com.qti.snapdragon.qdcm_ff,com.sec.android.diagmonagent,com.samsung.android.smartswitchassistant,com.samsung.accessibility,com.sem.factoryapp,com.samsung.android.qmdservice,com.sec.facatfunction,com.sec.android.app.SecSetupWizard,com.samsung.android.forest,com.samsung.android.mdecservice,com.samsung.euicc,com.sec.android.app.RilPhoneNumberService,com.android.providers.settings,com.samsung.android.lool,com.android.keychain,com.sec.modem.settings,com.samsung.android.vexfwk.service,com.android.inputdevices,com.samsung.android.stickercenter,com.samsung.android.bbc.bbcagent]:
        com.yourcompany.flutter_controller
      com.samsung.android.honeyboard:
        com.yourcompany.flutter_controller
      [com.google.android.gms,com.google.android.gsf]:
        com.yourcompany.flutter_controller
      com.google.android.permissioncontroller:
        com.yourcompany.flutter_controller
    User 150:
  queryable via uses-library:

Dexopt state:
  [com.yourcompany.flutter_controller]
    path: /data/app/~~x7kCNxZu9BNGQ1zEyEkD-g==/com.yourcompany.flutter_controller-vX82kQpWJQkBlmZ_3xKGWA==/base.apk
      arm64: [status=run-from-apk] [reason=unknown] [primary-abi]
        [location is error]

SPEG state:
  Event #3: 26-12-2025 23:32:08.539 Success org.chromium.webapk.aa6f4e654b508fb85_v2 took 2143 ms
  Event #2: 09-11-2025 19:30:08.602 Success com.samsung.android.shealthmonitor took 2152 ms
  Event #1: 26-10-2025 10:09:37.990 Success org.chromium.webapk.ac394dda55f0b621d_v2 took 2155 ms
  Event #0: 14-10-2025 10:54:55.173 Success com.unicornvr.focusandcalmvr took 2142 ms

Profile utilization state:
  Current state:
    Version: 2.1.1
    Start reason: boot-no-update
    Start time: not started
    Finish time: not finished
    PU_StatusWatcher:
      Initial thermal status: 0
      Thermal status: 0
      Screen off: false
      Low battery: true
    PU_DexoptTrigger:
      Dexopt concurrency: 4
      Dexopting: false
    PU_Storage:
      Stored apps:
        pl.aliorbank.aib 52
        com.readygo.barrel.gp 62
        com.alibaba.aliexpresshd 64
        com.xtb.xmobile2 65
        com.android.chrome 90
        com.sec.android.app.camera 90
        com.sec.android.app.shealth 100
        com.samsung.android.dialer 103
        com.facebook.orca 104
        com.google.android.googlequicksearchbox 105
        com.sec.android.easyMover 107
        com.facebook.katana 109
        com.samsung.android.shealthmonitor 111
        com.GybeGames.ColorBlockJam 113
        com.google.android.gm 114
        com.google.android.apps.messaging 118
        com.samsung.android.bixby.agent 120
        com.samsung.android.app.watchmanager 121
        com.android.vending 122
        com.samsung.android.app.contacts 123
        com.microsoft.office.outlook 124
        com.unicornvr.theraplyvr 125
        com.android.settings 130
        pl.mpay.app 134
        com.avast.android.mobilesecurity 135
        com.google.android.apps.tachyon 139
        com.azure.authenticator 149
        com.samsung.android.app.find 168
    Stored PU state:
      Service:
        Version: 2.1.1
        Start reason: boot-after-ota
        Start time: Sat Jan 31 16:13:33 GMT+01:00 2026 ts=1769872413701
        Finish time: Sat Jan 31 16:30:03 GMT+01:00 2026 ts=1769873403620
        Took time 989sec
      Watcher:
        Initial thermal status: 0
        Thermal status: 0
        Screen off: true
        Low battery: false
      Trigger:
        Dexopt concurrency: 4
        Dexopting: false
        Hot apps list:
          pl.aliorbank.aib, w=52, s=OPTIMIZED, optTimeMs=1769872393826, cancelCount=0, dexopt=PERFORMED, [primaryDex=true, reason=profile-utilization, dex2oatTimeMs=8051, filter=speed-profile]
          com.readygo.barrel.gp, w=62, s=OPTIMIZED, optTimeMs=1769872385636, cancelCount=0, dexopt=PERFORMED, [primaryDex=true, reason=profile-utilization, dex2oatTimeMs=820, filter=speed-profile]
          com.alibaba.aliexpresshd, w=64, s=OPTIMIZED, optTimeMs=1769872394471, cancelCount=0, dexopt=PERFORMED, [primaryDex=true, reason=profile-utilization, dex2oatTimeMs=8103, filter=speed-profile], [primaryDex=true, reason=vdex, dex2oatTimeMs=0, filter=verify], [primaryDex=true, reason=profile-utilization, dex2oatTimeMs=181, filter=speed-profile], [primaryDex=true, reason=vdex, dex2oatTimeMs=0, filter=verify], [primaryDex=true, reason=profile-utilization, dex2oatTimeMs=200, filter=speed-profile], [primaryDex=true, reason=vdex, dex2oatTimeMs=0, filter=verify], [primaryDex=true, reason=vdex, dex2oatTimeMs=0, filter=verify]
          com.xtb.xmobile2, w=65, s=OPTIMIZED, optTimeMs=1769872394643, cancelCount=0, dexopt=PERFORMED, [primaryDex=true, reason=profile-utilization, dex2oatTimeMs=8877, filter=speed-profile]
          com.android.chrome, w=90, s=OPTIMIZED, optTimeMs=1769872389475, cancelCount=0, dexopt=PERFORMED, [primaryDex=true, reason=profile-utilization, dex2oatTimeMs=601, filter=speed-profile], [primaryDex=true, reason=profile-utilization, dex2oatTimeMs=1527, filter=speed-profile], [primaryDex=true, reason=vdex, dex2oatTimeMs=0, filter=verify], [primaryDex=true, reason=profile-utilization, dex2oatTimeMs=1251, filter=speed-profile], [primaryDex=true, reason=vdex, dex2oatTimeMs=0, filter=verify], [primaryDex=true, reason=vdex, dex2oatTimeMs=0, filter=verify]
          com.sec.android.app.camera, w=90, s=OPTIMIZED, optTimeMs=1769872389616, cancelCount=0, dexopt=SKIPPED, [primaryDex=true, reason=prebuilt-prep, dex2oatTimeMs=0, filter=speed-profile]
          com.sec.android.app.shealth, w=100, s=OPTIMIZED, optTimeMs=1769872396008, cancelCount=0, dexopt=PERFORMED, [primaryDex=true, reason=profile-utilization, dex2oatTimeMs=5395, filter=speed-profile]
          com.samsung.android.dialer, w=103, s=OPTIMIZED, optTimeMs=1769872393848, cancelCount=0, dexopt=SKIPPED, [primaryDex=true, reason=prebuilt-prep, dex2oatTimeMs=0, filter=speed-profile]
          com.facebook.orca, w=104, s=OPTIMIZED, optTimeMs=1769872925348, cancelCount=2, dexopt=PERFORMED, [primaryDex=true, reason=profile-utilization, dex2oatTimeMs=9708, filter=speed-profile]
          com.google.android.googlequicksearchbox, w=105, s=OPTIMIZED, optTimeMs=1769872923068, cancelCount=2, dexopt=PERFORMED, [primaryDex=true, reason=profile-utilization, dex2oatTimeMs=7482, filter=speed-profile]
          com.sec.android.easyMover, w=107, s=OPTIMIZED, optTimeMs=1769872396490, cancelCount=0, dexopt=PERFORMED, [primaryDex=true, reason=profile-utilization, dex2oatTimeMs=1796, filter=speed-profile]
          com.facebook.katana, w=109, s=OPTIMIZED, optTimeMs=1769872926694, cancelCount=2, dexopt=PERFORMED, [primaryDex=true, reason=profile-utilization, dex2oatTimeMs=11049, filter=speed-profile]
          com.samsung.android.shealthmonitor, w=111, s=OPTIMIZED, optTimeMs=1769872397365, cancelCount=0, dexopt=PERFORMED, [primaryDex=true, reason=profile-utilization, dex2oatTimeMs=827, filter=speed-profile]
          com.GybeGames.ColorBlockJam, w=113, s=OPTIMIZED, optTimeMs=1769872910987, cancelCount=2, dexopt=FAILED, [primaryDex=true, reason=profile-utilization, dex2oatTimeMs=4026, filter=speed-profile], [primaryDex=false, reason=error, dex2oatTimeMs=0, filter=verify], [primaryDex=false, reason=error, dex2oatTimeMs=0, filter=verify], [primaryDex=false, reason=error, dex2oatTimeMs=0, filter=verify], [primaryDex=false, reason=error, dex2oatTimeMs=0, filter=verify]
          com.google.android.gm, w=114, s=OPTIMIZED, optTimeMs=1769873403130, cancelCount=3, dexopt=PERFORMED, [primaryDex=true, reason=profile-utilization, dex2oatTimeMs=7480, filter=speed-profile]
          com.google.android.apps.messaging, w=118, s=OPTIMIZED, optTimeMs=1769873391332, cancelCount=3, dexopt=FAILED, [primaryDex=true, reason=profile-utilization, dex2oatTimeMs=5886, filter=speed-profile], [primaryDex=false, reason=profile-utilization, dex2oatTimeMs=80, filter=verify], [primaryDex=false, reason=profile-utilization, dex2oatTimeMs=110, filter=verify], [primaryDex=false, reason=error, dex2oatTimeMs=0, filter=verify]
          com.samsung.android.bixby.agent, w=120, s=OPTIMIZED, optTimeMs=1769873381855, cancelCount=3, dexopt=PERFORMED, [primaryDex=true, reason=profile-utilization, dex2oatTimeMs=2350, filter=speed-profile], [primaryDex=false, reason=vdex, dex2oatTimeMs=0, filter=verify], [primaryDex=false, reason=vdex, dex2oatTimeMs=0, filter=verify]
          com.samsung.android.app.watchmanager, w=121, s=OPTIMIZED, optTimeMs=1769873102030, cancelCount=1, dexopt=PERFORMED, [primaryDex=true, reason=profile-utilization, dex2oatTimeMs=344, filter=speed-profile]
          com.android.vending, w=122, s=OPTIMIZED, optTimeMs=1769873403619, cancelCount=2, dexopt=FAILED, [primaryDex=true, reason=profile-utilization, dex2oatTimeMs=7590, filter=speed-profile], [primaryDex=false, reason=error, dex2oatTimeMs=0, filter=verify], [primaryDex=false, reason=error, dex2oatTimeMs=0, filter=verify], [primaryDex=false, reason=profile-utilization, dex2oatTimeMs=58, filter=verify], [primaryDex=false, reason=profile-utilization, dex2oatTimeMs=59, filter=verify], [primaryDex=false, reason=profile-utilization, dex2oatTimeMs=54, filter=verify], [primaryDex=false, reason=profile-utilization, dex2oatTimeMs=58, filter=verify]
          com.samsung.android.app.contacts, w=123, s=OPTIMIZED, optTimeMs=1769873381926, cancelCount=0, dexopt=SKIPPED, [primaryDex=true, reason=prebuilt-prep, dex2oatTimeMs=0, filter=speed-profile]
          com.microsoft.office.outlook, w=124, s=OPTIMIZED, optTimeMs=1769873403057, cancelCount=0, dexopt=PERFORMED, [primaryDex=true, reason=profile-utilization, dex2oatTimeMs=4803, filter=speed-profile]
          com.unicornvr.theraplyvr, w=125, s=OPTIMIZED, optTimeMs=1769873403110, cancelCount=0, dexopt=PERFORMED, [primaryDex=true, reason=profile-utilization, dex2oatTimeMs=1097, filter=speed-profile]
    Stored SCPM state:
      packages-9a07:
        [                                            ]
      disable-2bb4:
        [                                            ]

Compiler stats:
  [com.yourcompany.flutter_controller]
     base.apk - 388

HeimdAllFS state:
  [com.yourcompany.flutter_controller]
    path: /data/app/~~x7kCNxZu9BNGQ1zEyEkD-g==/com.yourcompany.flutter_controller-vX82kQpWJQkBlmZ_3xKGWA==/base.apk
    Compressed? False
  [ Summary ]
    # of packages: 1 / # of packages in DATA: 1 (1)
    Compressed apks info - sum of orig size: 29447 / sum of compr size : 29447
