[Licensing::Module] Trying to connect to existing licensing client channel...
Built from '6000.3/staging' branch; Version is '6000.3.8f1 (1c7db571dde0) revision 1867189'; Using compiler version '194234433'; Build Type 'Release'
OS: 'Windows 11  (10.0.26200) Professional' Language: 'pl' Physical Memory: 32672 MB
[Licensing::IpcConnector] Successfully connected to: "LicenseClient-licen" at "2026-03-03T16:14:32.0557924Z"
BatchMode: 1, IsHumanControllingUs: 0, StartBugReporterOnCrash: 0, Is64bit: 1
System  architecture: x64
Process architecture: x64
Date: 2026-03-03T16:14:32Z

COMMAND LINE ARGUMENTS:
C:\Program Files\Unity\Hub\Editor\6000.3.8f1\Editor\Unity.exe
-batchmode
-nographics
-quit
-projectPath
C:\Users\licen\Projects\theraply-vr-framework\unity-quest-template
-executeMethod
TheraplyCore.Editor.Automation.AssetBundlePackageBuilder.BuildPackageFromCommandLine
-logFile
C:\Users\licen\Projects\theraply-vr-framework\hosting\public\content\build_demo_cube_clicker.unity.log
-packageGameId
demo_cube_clicker
-packageVersion
1.2.0
-packageScenePath
Assets/_Examples/Scenes/CubeClickerVR.unity
-packageOutputDirectory
C:\Users\licen\Projects\theraply-vr-framework\hosting\public\content
-packageBaseUrl
https://pranasense.pl/content
-packageManifestFileName
demo_cube_clicker_1_2_0.pkg.json
-packageBundleFileName
demo_cube_clicker_1_2_0_android.bundle
-packageBuildTarget
Android
Successfully changed project path to: C:\Users\licen\Projects\theraply-vr-framework\unity-quest-template
C:/Users/licen/Projects/theraply-vr-framework/unity-quest-template
[UnityMemory] Configuration Parameters - Can be set up in boot.config
    "memorysetup-temp-allocator-size-nav-mesh-worker=65536"
    "memorysetup-temp-allocator-size-audio-worker=65536"
    "memorysetup-temp-allocator-size-gfx=262144"
    "memorysetup-allocator-temp-initial-block-size-main=262144"
    "memorysetup-allocator-temp-initial-block-size-worker=262144"
    "memorysetup-temp-allocator-size-background-worker=32768"
    "memorysetup-temp-allocator-size-job-worker=262144"
    "memorysetup-temp-allocator-size-preload-manager=33554432"
    "memorysetup-temp-allocator-size-gi-baking-worker=262144"
    "memorysetup-temp-allocator-size-gi-baking-worker=262144"
    "memorysetup-temp-allocator-size-gi-baking-worker=262144"
    "memorysetup-temp-allocator-size-gi-baking-worker=262144"
    "memorysetup-temp-allocator-size-gi-baking-worker=262144"
    "memorysetup-bucket-allocator-granularity=16"
    "memorysetup-bucket-allocator-bucket-count=8"
    "memorysetup-bucket-allocator-block-size=33554432"
    "memorysetup-bucket-allocator-block-count=8"
    "memorysetup-main-allocator-block-size=16777216"
    "memorysetup-thread-allocator-block-size=16777216"
    "memorysetup-gfx-main-allocator-block-size=16777216"
    "memorysetup-gfx-thread-allocator-block-size=16777216"
    "memorysetup-cache-allocator-block-size=4194304"
    "memorysetup-typetree-allocator-block-size=2097152"
    "memorysetup-profiler-bucket-allocator-granularity=16"
    "memorysetup-profiler-bucket-allocator-bucket-count=8"
    "memorysetup-profiler-bucket-allocator-block-size=33554432"
    "memorysetup-profiler-bucket-allocator-block-count=8"
    "memorysetup-profiler-allocator-block-size=16777216"
    "memorysetup-profiler-editor-allocator-block-size=1048576"
    "memorysetup-temp-allocator-size-main=16777216"
    "memorysetup-job-temp-allocator-block-size=2097152"
    "memorysetup-job-temp-allocator-block-size-background=1048576"
    "memorysetup-job-temp-allocator-reduction-small-platforms=262144"
    "memorysetup-temp-allocator-size-cloud-worker=32768"
Player connection [30048]  Target information:

Player connection [30048]  * "[IP] 192.168.0.221 [Port] 55504 [Flags] 2 [Guid] 840580079 [EditorId] 840580079 [Version] 1048832 [Id] WindowsEditor(7,MARCIN_PC) [Debug] 1 [PackageName] WindowsEditor [ProjectName] Editor" 

Player connection [30048]  * "[IP] 100.112.161.47 [Port] 55504 [Flags] 2 [Guid] 840580079 [EditorId] 840580079 [Version] 1048832 [Id] WindowsEditor(7,MARCIN_PC) [Debug] 1 [PackageName] WindowsEditor [ProjectName] Editor" 

Player connection [30048] Host joined multi-casting on [225.0.0.222:54997]...
Player connection [30048] Host joined alternative multi-casting on [225.0.0.222:34997]...
Input System module state changed to: Initialized.
[Physics::Module] Initialized fallback backend.
[Physics::Module] Id: 0xdecafbad
[Package Manager] Connected to IPC stream "Upm-48456" after 0.2 seconds.
[Licensing::Module] Licensing is not yet initialized.
[Licensing::Client] Handshaking with LicensingClient:
  Version:                 1.17.4+4293ba1
  Session Id:              789fbc6f8ff24cc88d22d51613eff45e
  Correlation Id:          40709c00e4345c785797ef98f9028a8e
  External correlation Id: 792866165163110904
  Machine Id:              vMwHPvfi1alxp1sT2fMsT3AqMw0=
[Licensing::Module] Successfully connected to LicensingClient on channel: "LicenseClient-licen" (connect: 0.00s, validation: 0.00s, handshake: 0.80s)
[Licensing::IpcConnector] Successfully connected to: "LicenseClient-licen-notifications" at "2026-03-03T16:14:32.8567508Z"
[Licensing::Module] Error: Access token is unavailable; failed to update
[Licensing::Client] Successfully resolved entitlement details
[Licensing::Module] License group:
  Id: 1374621094362-UnityPersXXXX
  Product: Unity Personal
  Type: Assigned
  Expiration: Unlimited
[Licensing::Client] Successfully updated license, isAsync: True, time: 0.00
[Licensing::Client] Successfully resolved entitlement details
[Licensing::Module] Licensing Background thread has ended after 0.81s
[Licensing::Module] Licensing is initialized (took 0.39s).
[Licensing::Client] Successfully resolved entitlement details
Library Redirect Path: Library/
[Physics::Module] Selected backend.
[Physics::Module] Name: PhysX
[Physics::Module] Id: 0xf2b8ea05
[Physics::Module] SDK Version: 4.1.2
[Physics::Module] Integration Version: 1.0.0
[Physics::Module] Threading Mode: Multi-Threaded
Artifact Garbage Collection - Removed 1 unused hashed content files
[Licensing::Client] Successfully resolved entitlement details
Refreshing native plugins compatible for Editor in 1.88 ms, found 0 plugins.
Preloading 0 native plugins for Editor in 0.00 ms.
Initialize engine version: 6000.3.8f1 (1c7db571dde0)
[Subsystems] Discovering subsystems at path C:/Program Files/Unity/Hub/Editor/6000.3.8f1/Editor/Data/Resources/UnitySubsystems
[Subsystems] Discovering subsystems at path C:/Users/licen/Projects/theraply-vr-framework/unity-quest-template/Assets
Forcing GfxDevice: Null
GfxDevice: creating device client; kGfxThreadingModeNonThreaded
NullGfxDevice:
    Version:  NULL 1.0 [1.0]
    Renderer: Null Device
    Vendor:   Unity Technologies
Shader 'Oculus/OVRMRCameraFrameLit': fallback shader 'Alpha-Diffuse' not found
Initialize mono
Mono path[0] = 'C:/Program Files/Unity/Hub/Editor/6000.3.8f1/Editor/Data/Managed'
Mono path[1] = 'C:/Program Files/Unity/Hub/Editor/6000.3.8f1/Editor/Data/MonoBleedingEdge/lib/mono/unityjit-win32'
Mono config path = 'C:/Program Files/Unity/Hub/Editor/6000.3.8f1/Editor/Data/MonoBleedingEdge/etc'
Using monoOptions --debugger-agent=transport=dt_socket,embedding=1,server=y,suspend=n,address=127.0.0.1:56456
Using cacheserver namespaces - metadata:defaultmetadata, artifacts:defaultartifacts
Using cacheserver namespaces - metadata:defaultmetadata, artifacts:defaultartifacts
ImportWorker Server TCP listen port: 0
AcceleratorClientConnectionCallback - disconnected - :0
Begin MonoManager ReloadAssembly
Registering precompiled unity dll's ...
Register platform support module: C:/Program Files/Unity/Hub/Editor/6000.3.8f1/Editor/Data/PlaybackEngines/WindowsStandaloneSupport/UnityEditor.WindowsStandalone.Extensions.dll
Register platform support module: C:/Program Files/Unity/Hub/Editor/6000.3.8f1/Editor/Data/PlaybackEngines/AndroidPlayer/UnityEditor.Android.Extensions.dll
Registered in 0.002046 seconds.
- Loaded All Assemblies, in  0.310 seconds
Native extension for Android target not found
Multiple ADB server instances found, the following ADB server instance have been terminated due to being run from another SDK. Process paths: 
C:\Users\licen\AppData\Local\Android\Sdk\platform-tools\adb.exe
Reconnecting Device: 
RFCY9019KYF           
UnityEngine.Debug:ExtractStackTraceNoAlloc (byte*,int,string)
UnityEngine.StackTraceUtility:ExtractStackTrace ()
UnityEngine.DebugLogHandler:Internal_Log (UnityEngine.LogType,UnityEngine.LogOption,string,UnityEngine.Object)
UnityEngine.DebugLogHandler:LogFormat (UnityEngine.LogType,UnityEngine.Object,string,object[])
UnityEngine.Logger:Log (UnityEngine.LogType,object)
UnityEngine.Debug:Log (object)
UnityEditor.Android.AndroidDeploymentTargetsExtension:GetKnownTargets (UnityEditor.DeploymentTargets.IDeploymentTargetsMainThreadContext,UnityEditor.ProgressHandler) (at /home/bokken/build/output/unity/unity/PlatformDependent/AndroidPlayer/Editor/Managed/DeploymentTargets/AndroidDeploymentTargetsExtension.cs:384)
UnityEditor.Android.TargetScanWorker:ScanSync () (at /home/bokken/build/output/unity/unity/PlatformDependent/AndroidPlayer/Editor/Managed/TargetScanWorker.cs:164)
UnityEditor.Android.TargetExtension:OnUsbDevicesChanged (UnityEditor.Hardware.UsbDevice[]) (at /home/bokken/build/output/unity/unity/PlatformDependent/AndroidPlayer/Editor/Managed/ExtensionModule.cs:114)
UnityEditor.Android.TargetExtension:OnLoad () (at /home/bokken/build/output/unity/unity/PlatformDependent/AndroidPlayer/Editor/Managed/ExtensionModule.cs:75)
UnityEditor.Modules.ModuleManager:InitializePlatformSupportModules ()

(Filename: /home/bokken/build/output/unity/unity/PlatformDependent/AndroidPlayer/Editor/Managed/DeploymentTargets/AndroidDeploymentTargetsExtension.cs Line: 384)

Android Extension - Scanning For ADB Devices 13093 ms
Native extension for WindowsStandalone target not found
ScheduleIndexationOnStartup MainProcess:False IndexOnStartup:True
Mono: successfully reloaded assembly
- Finished resetting the current domain, in 13.476 seconds
Domain Reload Profiling: 13784ms
	BeginReloadAssembly (88ms)
		ExecutionOrderSort (0ms)
		DisableScriptedObjects (0ms)
		BackupInstance (0ms)
		ReleaseScriptingObjects (0ms)
		CreateAndSetChildDomain (9ms)
	RebuildCommonClasses (31ms)
	RebuildNativeTypeToScriptingClass (10ms)
	initialDomainReloadingComplete (39ms)
	LoadAllAssembliesAndSetupDomain (140ms)
		LoadAssemblies (77ms)
		RebuildTransferFunctionScriptingTraits (0ms)
		AnalyzeDomain (137ms)
			TypeCache.Refresh (135ms)
				TypeCache.ScanAssembly (124ms)
			BuildScriptInfoCaches (0ms)
			ResolveRequiredComponents (0ms)
	FinalizeReload (13476ms)
		ReleaseScriptCaches (0ms)
		RebuildScriptCaches (0ms)
		SetupLoadedEditorAssemblies (13446ms)
			LogAssemblyErrors (0ms)
			InitializePlatformSupportModulesInManaged (13183ms)
			SetLoadedEditorAssemblies (3ms)
			BeforeProcessingInitializeOnLoad (65ms)
			ProcessInitializeOnLoadAttributes (118ms)
			ProcessInitializeOnLoadMethodAttributes (76ms)
			AfterProcessingInitializeOnLoad (0ms)
			EditorAssembliesLoaded (0ms)
		ExecutionOrderSort2 (0ms)
		AwakeInstancesAfterBackupRestoration (0ms)
[Licensing::Client] Successfully resolved entitlement details
[Licensing::Client] Successfully resolved entitlement details
Application.AssetDatabase Initial Refresh Start
Package Manager log level set to [2]
[Package Manager] Restoring resolved packages state from cache
[Licensing::Client] Successfully resolved entitlement details
[Package Manager] Registered 51 packages:
  Packages from [https://packages.unity.com]:
    com.meta.xr.sdk.interaction.ovr@85.0.0 (location: C:\Users\licen\Projects\theraply-vr-framework\unity-quest-template\Library\PackageCache\com.meta.xr.sdk.interaction.ovr@964224d78bc9)
    com.unity.webrtc@3.0.0 (location: C:\Users\licen\Projects\theraply-vr-framework\unity-quest-template\Library\PackageCache\com.unity.webrtc@9605a106619b)
    com.unity.xr.management@4.5.4 (location: C:\Users\licen\Projects\theraply-vr-framework\unity-quest-template\Library\PackageCache\com.unity.xr.management@e3a3882b360a)
    com.unity.xr.openxr@1.16.1 (location: C:\Users\licen\Projects\theraply-vr-framework\unity-quest-template\Library\PackageCache\com.unity.xr.openxr@ef0033a586bf)
    com.unity.inputsystem@1.18.0 (location: C:\Users\licen\Projects\theraply-vr-framework\unity-quest-template\Library\PackageCache\com.unity.inputsystem@57d0e36f6123)
    com.unity.xr.core-utils@2.5.3 (location: C:\Users\licen\Projects\theraply-vr-framework\unity-quest-template\Library\PackageCache\com.unity.xr.core-utils@f0450cbac8d6)
    com.unity.xr.legacyinputhelpers@2.1.13 (location: C:\Users\licen\Projects\theraply-vr-framework\unity-quest-template\Library\PackageCache\com.unity.xr.legacyinputhelpers@9535ff2c27ac)
    com.unity.editorcoroutines@1.0.1 (location: C:\Users\licen\Projects\theraply-vr-framework\unity-quest-template\Library\PackageCache\com.unity.editorcoroutines@54394ed3283c)
    com.meta.xr.sdk.core@85.0.0 (location: C:\Users\licen\Projects\theraply-vr-framework\unity-quest-template\Library\PackageCache\com.meta.xr.sdk.core@f8b4cfb2789f)
    com.meta.xr.sdk.interaction@85.0.0 (location: C:\Users\licen\Projects\theraply-vr-framework\unity-quest-template\Library\PackageCache\com.meta.xr.sdk.interaction@0a0b3efbe99d)
  Built-in packages:
    com.unity.multiplayer.center@1.0.1 (location: C:\Users\licen\Projects\theraply-vr-framework\unity-quest-template\Library\PackageCache\com.unity.multiplayer.center@f01f4ba8d00a)
    com.unity.modules.accessibility@1.0.0 (location: C:\Users\licen\Projects\theraply-vr-framework\unity-quest-template\Library\PackageCache\com.unity.modules.accessibility)
    com.unity.modules.adaptiveperformance@1.0.0 (location: C:\Users\licen\Projects\theraply-vr-framework\unity-quest-template\Library\PackageCache\com.unity.modules.adaptiveperformance)
    com.unity.modules.ai@1.0.0 (location: C:\Users\licen\Projects\theraply-vr-framework\unity-quest-template\Library\PackageCache\com.unity.modules.ai)
    com.unity.modules.androidjni@1.0.0 (location: C:\Users\licen\Projects\theraply-vr-framework\unity-quest-template\Library\PackageCache\com.unity.modules.androidjni)
    com.unity.modules.animation@1.0.0 (location: C:\Users\licen\Projects\theraply-vr-framework\unity-quest-template\Library\PackageCache\com.unity.modules.animation)
    com.unity.modules.assetbundle@1.0.0 (location: C:\Users\licen\Projects\theraply-vr-framework\unity-quest-template\Library\PackageCache\com.unity.modules.assetbundle)
    com.unity.modules.audio@1.0.0 (location: C:\Users\licen\Projects\theraply-vr-framework\unity-quest-template\Library\PackageCache\com.unity.modules.audio)
    com.unity.modules.cloth@1.0.0 (location: C:\Users\licen\Projects\theraply-vr-framework\unity-quest-template\Library\PackageCache\com.unity.modules.cloth)
    com.unity.modules.director@1.0.0 (location: C:\Users\licen\Projects\theraply-vr-framework\unity-quest-template\Library\PackageCache\com.unity.modules.director)
    com.unity.modules.imageconversion@1.0.0 (location: C:\Users\licen\Projects\theraply-vr-framework\unity-quest-template\Library\PackageCache\com.unity.modules.imageconversion)
    com.unity.modules.imgui@1.0.0 (location: C:\Users\licen\Projects\theraply-vr-framework\unity-quest-template\Library\PackageCache\com.unity.modules.imgui)
    com.unity.modules.jsonserialize@1.0.0 (location: C:\Users\licen\Projects\theraply-vr-framework\unity-quest-template\Library\PackageCache\com.unity.modules.jsonserialize)
    com.unity.modules.particlesystem@1.0.0 (location: C:\Users\licen\Projects\theraply-vr-framework\unity-quest-template\Library\PackageCache\com.unity.modules.particlesystem)
    com.unity.modules.physics@1.0.0 (location: C:\Users\licen\Projects\theraply-vr-framework\unity-quest-template\Library\PackageCache\com.unity.modules.physics)
    com.unity.modules.physics2d@1.0.0 (location: C:\Users\licen\Projects\theraply-vr-framework\unity-quest-template\Library\PackageCache\com.unity.modules.physics2d)
    com.unity.modules.screencapture@1.0.0 (location: C:\Users\licen\Projects\theraply-vr-framework\unity-quest-template\Library\PackageCache\com.unity.modules.screencapture)
    com.unity.modules.terrain@1.0.0 (location: C:\Users\licen\Projects\theraply-vr-framework\unity-quest-template\Library\PackageCache\com.unity.modules.terrain)
    com.unity.modules.terrainphysics@1.0.0 (location: C:\Users\licen\Projects\theraply-vr-framework\unity-quest-template\Library\PackageCache\com.unity.modules.terrainphysics)
    com.unity.modules.tilemap@1.0.0 (location: C:\Users\licen\Projects\theraply-vr-framework\unity-quest-template\Library\PackageCache\com.unity.modules.tilemap)
    com.unity.modules.ui@1.0.0 (location: C:\Users\licen\Projects\theraply-vr-framework\unity-quest-template\Library\PackageCache\com.unity.modules.ui)
    com.unity.modules.uielements@1.0.0 (location: C:\Users\licen\Projects\theraply-vr-framework\unity-quest-template\Library\PackageCache\com.unity.modules.uielements)
    com.unity.modules.umbra@1.0.0 (location: C:\Users\licen\Projects\theraply-vr-framework\unity-quest-template\Library\PackageCache\com.unity.modules.umbra)
    com.unity.modules.unityanalytics@1.0.0 (location: C:\Users\licen\Projects\theraply-vr-framework\unity-quest-template\Library\PackageCache\com.unity.modules.unityanalytics)
    com.unity.modules.unitywebrequest@1.0.0 (location: C:\Users\licen\Projects\theraply-vr-framework\unity-quest-template\Library\PackageCache\com.unity.modules.unitywebrequest)
    com.unity.modules.unitywebrequestassetbundle@1.0.0 (location: C:\Users\licen\Projects\theraply-vr-framework\unity-quest-template\Library\PackageCache\com.unity.modules.unitywebrequestassetbundle)
    com.unity.modules.unitywebrequestaudio@1.0.0 (location: C:\Users\licen\Projects\theraply-vr-framework\unity-quest-template\Library\PackageCache\com.unity.modules.unitywebrequestaudio)
    com.unity.modules.unitywebrequesttexture@1.0.0 (location: C:\Users\licen\Projects\theraply-vr-framework\unity-quest-template\Library\PackageCache\com.unity.modules.unitywebrequesttexture)
    com.unity.modules.unitywebrequestwww@1.0.0 (location: C:\Users\licen\Projects\theraply-vr-framework\unity-quest-template\Library\PackageCache\com.unity.modules.unitywebrequestwww)
    com.unity.modules.vectorgraphics@1.0.0 (location: C:\Users\licen\Projects\theraply-vr-framework\unity-quest-template\Library\PackageCache\com.unity.modules.vectorgraphics)
    com.unity.modules.vehicles@1.0.0 (location: C:\Users\licen\Projects\theraply-vr-framework\unity-quest-template\Library\PackageCache\com.unity.modules.vehicles)
    com.unity.modules.video@1.0.0 (location: C:\Users\licen\Projects\theraply-vr-framework\unity-quest-template\Library\PackageCache\com.unity.modules.video)
    com.unity.modules.vr@1.0.0 (location: C:\Users\licen\Projects\theraply-vr-framework\unity-quest-template\Library\PackageCache\com.unity.modules.vr)
    com.unity.modules.wind@1.0.0 (location: C:\Users\licen\Projects\theraply-vr-framework\unity-quest-template\Library\PackageCache\com.unity.modules.wind)
    com.unity.modules.xr@1.0.0 (location: C:\Users\licen\Projects\theraply-vr-framework\unity-quest-template\Library\PackageCache\com.unity.modules.xr)
    com.unity.modules.subsystems@1.0.0 (location: C:\Users\licen\Projects\theraply-vr-framework\unity-quest-template\Library\PackageCache\com.unity.modules.subsystems)
    com.unity.modules.hierarchycore@1.0.0 (location: C:\Users\licen\Projects\theraply-vr-framework\unity-quest-template\Library\PackageCache\com.unity.modules.hierarchycore)
    com.unity.ugui@2.0.0 (location: C:\Users\licen\Projects\theraply-vr-framework\unity-quest-template\Library\PackageCache\com.unity.ugui@bb329a87fcdc)
    com.unity.textmeshpro@5.0.0 (location: C:\Users\licen\Projects\theraply-vr-framework\unity-quest-template\Library\PackageCache\com.unity.textmeshpro@53f43edfd2e0)
  Git packages:
    com.github-glitchenzo.nugetforunity@https://github.com/GlitchEnzo/NuGetForUnity.git?path=/src/NuGetForUnity (location: C:\Users\licen\Projects\theraply-vr-framework\unity-quest-template\Library\PackageCache\com.github-glitchenzo.nugetforunity@1c1553136be4)
    jp.hadashikick.vcontainer@https://github.com/hadashiA/VContainer.git?path=VContainer/Assets/VContainer (location: C:\Users\licen\Projects\theraply-vr-framework\unity-quest-template\Library\PackageCache\jp.hadashikick.vcontainer@314ad69e1539)
[Subsystems] Looking for new subsystems at path C:\Users\licen\Projects\theraply-vr-framework\unity-quest-template\Library\PackageCache\com.unity.xr.openxr@ef0033a586bf
[Subsystems] Novel subsystem found at Library/PackageCache/com.unity.xr.openxr@ef0033a586bf/Runtime/UnitySubsystemsManifest.json
[Subsystems] Discovering subsystems at path C:/Program Files/Unity/Hub/Editor/6000.3.8f1/Editor/Data/Resources/UnitySubsystems
[Subsystems] Discovering subsystems at path C:/Users/licen/Projects/theraply-vr-framework/unity-quest-template/Assets
[Subsystems] Discovering subsystems at path C:\Users\licen\Projects\theraply-vr-framework\unity-quest-template\Library\PackageCache\com.unity.xr.openxr@ef0033a586bf
[Subsystems] No descriptors matched for  examples in Library/PackageCache/com.unity.xr.openxr@ef0033a586bf/Runtime/UnitySubsystemsManifest.json.
[Subsystems] 1 'inputs' descriptors matched in Library/PackageCache/com.unity.xr.openxr@ef0033a586bf/Runtime/UnitySubsystemsManifest.json
[Subsystems] 1 'displays' descriptors matched in Library/PackageCache/com.unity.xr.openxr@ef0033a586bf/Runtime/UnitySubsystemsManifest.json
[Subsystems] No descriptors matched for  meshings in Library/PackageCache/com.unity.xr.openxr@ef0033a586bf/Runtime/UnitySubsystemsManifest.json.
[Package Manager] Done registering packages in 0.02 seconds
Starting: C:\Program Files\Unity\Hub\Editor\6000.3.8f1\Editor\Data\Tools\BuildPipeline\bee_backend.exe --ipc --defer-dag-verification --dagfile="Library/Bee/1300b0aE.dag" --continue-on-failure --profile="Library/Bee/backend1.traceevents" ScriptAssemblies
WorkingDir: C:/Users/licen/Projects/theraply-vr-framework/unity-quest-template
DisplayProgressbar: Compiling Scripts
ExitCode: 4 Duration: 0s147ms
Rebuilding DAG because FileSignature timestamp changed: Library/Bee/1300b0aE-inputdata.json
*** Tundra requires additional run (0.13 seconds), 0 items updated, 862 evaluated
Starting: C:\Program Files\Unity\Hub\Editor\6000.3.8f1\Editor\Data\netcorerun\netcorerun.exe "C:\Program Files\Unity\Hub\Editor\6000.3.8f1\Editor\Data\Tools\BuildPipeline\ScriptCompilationBuildProgram.exe" "Library/Bee/1300b0aE.dag.json" "Library/Bee/1300b0aE-inputdata.json" "Library\Bee\buildprogram0.traceevents"
WorkingDir: C:/Users/licen/Projects/theraply-vr-framework/unity-quest-template
ExitCode: 0 Duration: 0s448ms
Starting: C:\Program Files\Unity\Hub\Editor\6000.3.8f1\Editor\Data\Tools\BuildPipeline\bee_backend.exe --ipc --defer-dag-verification --dagfile="Library/Bee/1300b0aE.dag" --continue-on-failure --dagfilejson="Library\Bee\1300b0aE.dag.json" --profile="Library/Bee/backend2.traceevents" ScriptAssemblies
WorkingDir: C:/Users/licen/Projects/theraply-vr-framework/unity-quest-template
ExitCode: 0 Duration: 0s170ms
Finished compiling graph: 865 nodes, 16485 flattened edges (14821 ToBuild, 172 ToUse), maximum node priority 822
*** Tundra build success (0.15 seconds), 0 items updated, 862 evaluated
AssetDatabase: script compilation time: 1.116284s
Begin MonoManager ReloadAssembly
- Loaded All Assemblies, in  0.619 seconds
Script 'CharacterController' has the same name as built-in Unity component.
AddComponent and GetComponent will not work with this script.
'Packages/com.meta.xr.sdk.core/Editor/BuildingBlocks/BlocksWindowDetailsExtension.cs' contains partial class of Unity.Object, exactly 1 of the partial classes needs to be in a file with the same filename. This is to know the one that can be referenced from ie. GameObjects
'Packages/com.meta.xr.sdk.core/Editor/BuildingBlocks/BlocksWindow.cs' contains partial class of Unity.Object, exactly 1 of the partial classes needs to be in a file with the same filename. This is to know the one that can be referenced from ie. GameObjects
'Packages/com.meta.xr.sdk.core/Editor/BuildingBlocks/BlocksWindowCollectionsPageExtension.cs' contains partial class of Unity.Object, exactly 1 of the partial classes needs to be in a file with the same filename. This is to know the one that can be referenced from ie. GameObjects
Refreshing native plugins compatible for Editor in 8.80 ms, found 9 plugins.
Native extension for Android target not found
Native extension for WindowsStandalone target not found
Refreshing native plugins compatible for Editor in 8.38 ms, found 9 plugins.
ScheduleIndexationOnStartup MainProcess:True IndexOnStartup:True
Mono: successfully reloaded assembly
- Finished resetting the current domain, in  1.112 seconds
Domain Reload Profiling: 1728ms
	BeginReloadAssembly (254ms)
		ExecutionOrderSort (0ms)
		DisableScriptedObjects (10ms)
		BackupInstance (0ms)
		ReleaseScriptingObjects (0ms)
		CreateAndSetChildDomain (154ms)
	RebuildCommonClasses (32ms)
	RebuildNativeTypeToScriptingClass (11ms)
	initialDomainReloadingComplete (24ms)
	LoadAllAssembliesAndSetupDomain (294ms)
		LoadAssemblies (233ms)
		RebuildTransferFunctionScriptingTraits (0ms)
		AnalyzeDomain (121ms)
			TypeCache.Refresh (80ms)
				TypeCache.ScanAssembly (70ms)
			BuildScriptInfoCaches (30ms)
			ResolveRequiredComponents (9ms)
	FinalizeReload (1113ms)
		ReleaseScriptCaches (0ms)
		RebuildScriptCaches (0ms)
		SetupLoadedEditorAssemblies (980ms)
			LogAssemblyErrors (0ms)
			InitializePlatformSupportModulesInManaged (30ms)
			SetLoadedEditorAssemblies (4ms)
			BeforeProcessingInitializeOnLoad (142ms)
			ProcessInitializeOnLoadAttributes (746ms)
			ProcessInitializeOnLoadMethodAttributes (53ms)
			AfterProcessingInitializeOnLoad (5ms)
			EditorAssembliesLoaded (0ms)
		ExecutionOrderSort2 (0ms)
		AwakeInstancesAfterBackupRestoration (6ms)
Asset Pipeline Refresh (id=4e24dde0831bbbf48ad8fd74ac9b2c10): Total: 4.051 seconds - Initiated by InitialRefreshV2(ForceSynchronousImport)
	Summary:
		Imports: total=0 (actual=0, local cache=0, cache server=0)
		Asset DB Process Time: managed=0 ms, native=1454 ms
		Asset DB Callback time: managed=792 ms, native=29 ms
		Scripting: domain reloads=1, domain reload time=620 ms, compile time=1118 ms, other=35 ms
		Project Asset Count: scripts=1428, non-scripts=2176
		Asset File Changes: new=0, changed=0, moved=0, deleted=0
		Scan Filter Count: 0
	InvokeCustomDependenciesCallbacks: 0.001ms
	InvokePackagesCallback: 31.363ms
	ApplyChangesToAssetFolders: 0.499ms
	Scan: 57.752ms
	OnSourceAssetsModified: 0.004ms
	CategorizeAssetsWithTransientArtifact: 59.224ms
	ProcessAssetsWithTransientArtifactChanges: 45.360ms
	CategorizeAssets: 51.343ms
	ImportOutOfDateAssets: 1140.235ms (18.794ms without children)
		CompileScripts: 1118.336ms
		ReloadNativeAssets: 0.007ms
		UnloadImportedAssets: 0.200ms
		EnsureUptoDateAssetsAreRegisteredWithGuidPM: 1.145ms
		InitializingProgressBar: 0.001ms
		PostProcessAllAssetNotificationsAddChangedAssets: 0.001ms
		OnDemandSchedulerStart: 1.751ms
	PostProcessAllAssets: 792.549ms
	GatherAllCurrentPrimaryArtifactRevisions: 0.002ms
	UnloadStreamsBegin: 2.505ms
	PersistCurrentRevisions: 0.130ms
	UnloadStreamsEnd: 0.003ms
	GenerateScriptTypeHashes: 14.608ms
	Untracked: 1870.132ms

Application.AssetDatabase Initial Refresh End
Scanning for USB devices : 8.985ms
Initializing Unity extensions:
[MODES] ModeService[none].Initialize
[MODES] ModeService[none].LoadModes
[MODES] Loading mode Default (0) for mode-current-id-unity-quest-template
Unloading 172 Unused Serialized files (Serialized files now loaded: 0)
Unloading 3325 unused Assets / (2.3 MB). Loaded Objects now: 5204.
Memory consumption went from 203.3 MB to 201.0 MB.
Total: 10.976200 ms (FindLiveObjects: 0.427300 ms CreateObjectMapping: 0.169500 ms MarkObjects: 9.135400 ms  DeleteObjects: 1.243600 ms)

Launched and connected shader compiler UnityShaderCompiler.exe after 0.01 seconds
Starting: C:\Program Files\Unity\Hub\Editor\6000.3.8f1\Editor\Data\Tools\BuildPipeline\bee_backend.exe --ipc --defer-dag-verification --dagfile="Library/Bee/1300b0aESkipCompile.dag" --continue-on-failure --profile="Library/Bee/backend1.traceevents" ScriptAssembliesAndTypeDB
WorkingDir: C:/Users/licen/Projects/theraply-vr-framework/unity-quest-template
Starting: C:\Program Files\Unity\Hub\Editor\6000.3.8f1\Editor\Data\netcorerun\netcorerun.exe "C:\Program Files\Unity\Hub\Editor\6000.3.8f1\Editor\Data\Tools\BuildPipeline\ScriptCompilationBuildProgram.exe" "Library/Bee/1300b0aESkipCompile.dag.json" "Library/Bee/1300b0aESkipCompile-inputdata.json" "Library\Bee\buildprogram0.traceevents"
WorkingDir: C:/Users/licen/Projects/theraply-vr-framework/unity-quest-template
ExitCode: 4 Duration: 0s906ms
Rebuilding DAG because FileSignature timestamp changed: Library/Bee/1300b0aESkipCompile-inputdata.json
[2/3        0s] BuildPlayerDataGenerator Library/BuildPlayerData/Editor/TypeDb-All.json
*** Tundra requires additional run (0.88 seconds), 1 items updated, 1 evaluated
ExitCode: 0 Duration: 0s182ms
Starting: C:\Program Files\Unity\Hub\Editor\6000.3.8f1\Editor\Data\Tools\BuildPipeline\bee_backend.exe --ipc --defer-dag-verification --dagfile="Library/Bee/1300b0aESkipCompile.dag" --continue-on-failure --dagfilejson="Library\Bee\1300b0aESkipCompile.dag.json" --profile="Library/Bee/backend2.traceevents" ScriptAssembliesAndTypeDB
WorkingDir: C:/Users/licen/Projects/theraply-vr-framework/unity-quest-template
ExitCode: 0 Duration: 0s45ms
Finished compiling graph: 4 nodes, 5 flattened edges (5 ToBuild, 0 ToUse), maximum node priority 3
*** Tundra build success (0.03 seconds), 0 items updated, 3 evaluated
Asset Pipeline Refresh (id=5a77dee472e3cb044ab9b06d8bce709d): Total: 0.012 seconds - Initiated by RefreshV2(NoUpdateAssetOptions)
[ScriptCompilation] Requested script compilation because: Recompiling scripts for player build.
BuildPlayer: start building target 13
Starting: C:\Program Files\Unity\Hub\Editor\6000.3.8f1\Editor\Data\Tools\BuildPipeline\bee_backend.exe --ipc --defer-dag-verification --dagfile="Library/Bee/1300b0aP.dag" --continue-on-failure --profile="Library/Bee/backend1.traceevents" ScriptAssembliesAndTypeDB
WorkingDir: C:/Users/licen/Projects/theraply-vr-framework/unity-quest-template
Total cache size 268382661
Total cache size after purge 268382661, took 00:00:00.4243280
Starting: C:\Program Files\Unity\Hub\Editor\6000.3.8f1\Editor\Data\netcorerun\netcorerun.exe "C:\Program Files\Unity\Hub\Editor\6000.3.8f1\Editor\Data\Tools\BuildPipeline\ScriptCompilationBuildProgram.exe" "Library/Bee/1300b0aP.dag.json" "Library/Bee/1300b0aP-inputdata.json" "Library\Bee\buildprogram0.traceevents"
WorkingDir: C:/Users/licen/Projects/theraply-vr-framework/unity-quest-template
ExitCode: 4 Duration: 2s617ms
Rebuilding DAG because FileSignature timestamp changed: Library/Bee/1300b0aP-inputdata.json
[354/359    2s] Csc Library/Bee/artifacts/1300b0aP.dag/Assembly-CSharp.dll (+2 others)
Assets\_Examples\Scripts\ExampleAdditiveSceneRouter.cs(222,13): warning CS0162: Unreachable code detected

Assets\_TheraplyCore\Games\Runtime\GameRuntimeService.cs(198,39): warning CS0414: The field 'GameRuntimeService._enableContentDeliverySimulation' is assigned but its value is never used

Assets\_TheraplyCore\Games\Runtime\GameRuntimeService.cs(207,39): warning CS0414: The field 'GameRuntimeService._simulateRollbackAfterVerifyFailure' is assigned but its value is never used

Assets\_TheraplyCore\Games\Runtime\GameRuntimeService.cs(204,40): warning CS0414: The field 'GameRuntimeService._simulatedRollbackDurationSeconds' is assigned but its value is never used
*** Tundra requires additional run (2.60 seconds), 1 items updated, 353 evaluated
ExitCode: 0 Duration: 0s248ms
Starting: C:\Program Files\Unity\Hub\Editor\6000.3.8f1\Editor\Data\Tools\BuildPipeline\bee_backend.exe --ipc --defer-dag-verification --dagfile="Library/Bee/1300b0aP.dag" --continue-on-failure --dagfilejson="Library\Bee\1300b0aP.dag.json" --profile="Library/Bee/backend2.traceevents" ScriptAssembliesAndTypeDB
WorkingDir: C:/Users/licen/Projects/theraply-vr-framework/unity-quest-template
ExitCode: 0 Duration: 2s81ms
Finished compiling graph: 360 nodes, 3891 flattened edges (3499 ToBuild, 66 ToUse), maximum node priority 206
[           0s] Delete 67 artifact files that are no longer in use. (like Library\Bee\PlayerScriptAssemblies)
[260/359    0s] CopyFiles Library/PlayerScriptAssemblies/Meta.XR.ImmersiveDebugger.Interface.dll
[266/359    0s] CopyFiles Library/PlayerScriptAssemblies/Unity.XR.Management.dll
[268/359    0s] CopyFiles Library/PlayerScriptAssemblies/UnityEngine.UI.dll
[270/359    0s] CopyFiles Library/PlayerScriptAssemblies/UnityEngine.SpatialTracking.dll
[271/359    0s] CopyFiles Library/PlayerScriptAssemblies/Unity.Multiplayer.Center.Common.dll
[287/359    0s] CopyFiles Library/PlayerScriptAssemblies/VContainer.dll
[290/359    0s] CopyFiles Library/PlayerScriptAssemblies/Unity.InternalAPIEngineBridge.004.dll
[297/359    0s] CopyFiles Library/PlayerScriptAssemblies/UnityEngine.UI.pdb
[298/359    0s] CopyFiles Library/PlayerScriptAssemblies/Unity.WebRTC.dll
[300/359    0s] CopyFiles Library/PlayerScriptAssemblies/Unity.XR.OpenXR.TestTooling.dll
[301/359    0s] CopyFiles Library/PlayerScriptAssemblies/Unity.XR.OpenXR.Features.MockRuntime.dll
[302/359    0s] CopyFiles Library/PlayerScriptAssemblies/Oculus.Interaction.UnityXR.dll
[303/359    0s] CopyFiles Library/PlayerScriptAssemblies/Meta.XR.BuildingBlocks.DepthAPI.dll
[304/359    0s] CopyFiles Library/PlayerScriptAssemblies/Meta.XR.BuildingBlocks.AIBlocks.dll
[305/359    0s] CopyFiles Library/PlayerScriptAssemblies/Unity.XR.OpenXR.Features.RuntimeDebugger.dll
[306/359    0s] CopyFiles Library/PlayerScriptAssemblies/Meta.XR.ImmersiveDebugger.dll
[307/359    0s] CopyFiles Library/PlayerScriptAssemblies/Oculus.Interaction.OVR.dll
[308/359    0s] CopyFiles Library/PlayerScriptAssemblies/Unity.XR.OpenXR.Features.ConformanceAutomation.dll
[309/359    0s] CopyFiles Library/PlayerScriptAssemblies/Unity.XR.OpenXR.Features.OculusQuestSupport.dll
[310/359    0s] CopyFiles Library/PlayerScriptAssemblies/Meta.XR.MultiplayerBlocks.Shared.dll
[311/359    0s] CopyFiles Library/PlayerScriptAssemblies/Assembly-CSharp.dll
[312/359    0s] CopyFiles Library/PlayerScriptAssemblies/Unity.XR.CoreUtils.dll
[313/359    0s] CopyFiles Library/PlayerScriptAssemblies/Unity.TextMeshPro.dll
[314/359    0s] CopyFiles Library/PlayerScriptAssemblies/Unity.InputSystem.ForUI.dll
[315/359    0s] CopyFiles Library/PlayerScriptAssemblies/Oculus.Interaction.OVR.Samples.dll
[316/359    0s] CopyFiles Library/PlayerScriptAssemblies/Unity.XR.OpenXR.dll
[317/359    0s] CopyFiles Library/PlayerScriptAssemblies/Oculus.Interaction.Samples.dll
[318/359    0s] CopyFiles Library/PlayerScriptAssemblies/Assembly-CSharp.pdb
[319/359    0s] CopyFiles Library/PlayerScriptAssemblies/Oculus.VR.dll
[320/359    0s] CopyFiles Library/PlayerScriptAssemblies/Unity.InputSystem.dll
[321/359    0s] CopyFiles Library/PlayerScriptAssemblies/Meta.XR.BuildingBlocks.dll
[322/359    0s] CopyFiles Library/PlayerScriptAssemblies/Unity.XR.OpenXR.Features.RuntimeDebugger.pdb
[323/359    0s] CopyFiles Library/PlayerScriptAssemblies/Meta.XR.EnvironmentDepth.dll
[324/359    0s] CopyFiles Library/PlayerScriptAssemblies/Oculus.Interaction.dll
[325/359    0s] CopyFiles Library/PlayerScriptAssemblies/Meta.XR.MultiplayerBlocks.Shared.pdb
[326/359    0s] CopyFiles Library/PlayerScriptAssemblies/UnityEngine.XR.LegacyInputHelpers.dll
[327/359    0s] CopyFiles Library/PlayerScriptAssemblies/Meta.XR.BuildingBlocks.DepthAPI.pdb
[328/359    0s] CopyFiles Library/PlayerScriptAssemblies/Meta.XR.ImmersiveDebugger.pdb
[329/359    0s] CopyFiles Library/PlayerScriptAssemblies/Unity.XR.OpenXR.Features.MetaQuestSupport.dll
[330/359    0s] CopyFiles Library/PlayerScriptAssemblies/Oculus.Interaction.OVR.Samples.pdb
[331/359    0s] CopyFiles Library/PlayerScriptAssemblies/Meta.XR.BuildingBlocks.AIBlocks.pdb
[332/359    0s] CopyFiles Library/PlayerScriptAssemblies/Unity.XR.OpenXR.TestTooling.pdb
[333/359    0s] CopyFiles Library/PlayerScriptAssemblies/Oculus.Interaction.OVR.pdb
[334/359    0s] CopyFiles Library/PlayerScriptAssemblies/Meta.XR.EnvironmentDepth.pdb
[335/359    0s] CopyFiles Library/PlayerScriptAssemblies/Unity.XR.OpenXR.Features.ConformanceAutomation.pdb
[336/359    0s] CopyFiles Library/PlayerScriptAssemblies/Meta.XR.BuildingBlocks.pdb
[337/359    0s] CopyFiles Library/PlayerScriptAssemblies/Oculus.Interaction.Samples.pdb
[338/359    0s] CopyFiles Library/PlayerScriptAssemblies/Unity.XR.OpenXR.Features.OculusQuestSupport.pdb
[339/359    0s] CopyFiles Library/PlayerScriptAssemblies/Unity.XR.OpenXR.Features.MockRuntime.pdb
[340/359    0s] CopyFiles Library/PlayerScriptAssemblies/Oculus.VR.pdb
[341/359    0s] CopyFiles Library/PlayerScriptAssemblies/Oculus.Interaction.pdb
[342/359    0s] CopyFiles Library/PlayerScriptAssemblies/Unity.InputSystem.ForUI.pdb
[343/359    0s] CopyFiles Library/PlayerScriptAssemblies/Unity.XR.OpenXR.Features.MetaQuestSupport.pdb
[344/359    0s] CopyFiles Library/PlayerScriptAssemblies/Oculus.Interaction.UnityXR.pdb
[345/359    0s] CopyFiles Library/PlayerScriptAssemblies/Unity.XR.OpenXR.pdb
[346/359    0s] CopyFiles Library/PlayerScriptAssemblies/UnityEngine.XR.LegacyInputHelpers.pdb
[347/359    0s] CopyFiles Library/PlayerScriptAssemblies/Unity.InputSystem.pdb
[348/359    0s] CopyFiles Library/PlayerScriptAssemblies/Unity.TextMeshPro.pdb
[349/359    0s] CopyFiles Library/PlayerScriptAssemblies/VContainer.pdb
[350/359    0s] CopyFiles Library/PlayerScriptAssemblies/Unity.XR.Management.pdb
[351/359    0s] CopyFiles Library/PlayerScriptAssemblies/Unity.WebRTC.pdb
[352/359    0s] CopyFiles Library/PlayerScriptAssemblies/Unity.Multiplayer.Center.Common.pdb
[353/359    0s] CopyFiles Library/PlayerScriptAssemblies/Meta.XR.ImmersiveDebugger.Interface.pdb
[354/359    0s] CopyFiles Library/PlayerScriptAssemblies/Unity.XR.CoreUtils.pdb
[355/359    0s] CopyFiles Library/PlayerScriptAssemblies/Unity.InternalAPIEngineBridge.004.pdb
[356/359    0s] CopyFiles Library/PlayerScriptAssemblies/UnityEngine.SpatialTracking.pdb
[358/359    0s] BuildPlayerDataGenerator Library/BuildPlayerData/Player/RuntimeInitializeOnLoads.json (+1 other)
*** Tundra build success (2.06 seconds), 67 items updated, 359 evaluated
Asset Pipeline Refresh (id=87f29e7f1a483134186c04c8f3eb94a8): Total: 0.021 seconds - Initiated by RefreshV2(NoUpdateAssetOptions)
Shader 'Oculus/OVRMRCameraFrameLit': fallback shader 'Alpha-Diffuse' not found
Unloading 0 Unused Serialized files (Serialized files now loaded: 0)
Unloading 9 unused Assets / (0.5 KB). Loaded Objects now: 5234.
Memory consumption went from 176.2 MB to 176.2 MB.
Total: 10.406700 ms (FindLiveObjects: 0.294500 ms CreateObjectMapping: 0.095100 ms MarkObjects: 9.994400 ms  DeleteObjects: 0.021900 ms)

Opening scene 'Assets/_Examples/Scenes/CubeClickerVR.unity'
Unloading 1 Unused Serialized files (Serialized files now loaded: 0)
Loaded scene 'Assets/_Examples/Scenes/CubeClickerVR.unity'
	Deserialize:            0.936 ms
	Integration:            13.450 ms
	Integration of assets:  0.001 ms
	Thread Wait Time:       0.008 ms
	Total Operation Time:   14.394 ms
Unloading 76 unused Assets / (0.7 MB). Loaded Objects now: 5261.
Memory consumption went from 178.0 MB to 177.2 MB.
Total: 9.979400 ms (FindLiveObjects: 0.287100 ms CreateObjectMapping: 0.089700 ms MarkObjects: 9.267500 ms  DeleteObjects: 0.334600 ms)

Created GICache directory at C:/Users/licen/AppData/LocalLow/Unity/Caches/GiCache. Took: 0.015s, timestamps: [28.607 - 28.622]
DisplayProgressbar: Fetching assembly references
Total cache size 268382661
Total cache size after purge 268382661, took 00:00:00.5354582
Unloading 2 Unused Serialized files (Serialized files now loaded: 0)
Unloading 21 unused Assets / (0.7 MB). Loaded Objects now: 5254.
Memory consumption went from 182.6 MB to 181.9 MB.
Total: 12.402900 ms (FindLiveObjects: 0.221800 ms CreateObjectMapping: 0.131900 ms MarkObjects: 11.700400 ms  DeleteObjects: 0.348100 ms)

Unloading 0 Unused Serialized files (Serialized files now loaded: 0)
Unloading 0 unused Assets / (0 B). Loaded Objects now: 5254.
Memory consumption went from 181.9 MB to 181.9 MB.
Total: 9.604600 ms (FindLiveObjects: 0.207800 ms CreateObjectMapping: 0.130700 ms MarkObjects: 9.261000 ms  DeleteObjects: 0.004700 ms)

Unloading 0 Unused Serialized files (Serialized files now loaded: 0)
Unloading 0 unused Assets / (0 B). Loaded Objects now: 5254.
Memory consumption went from 181.9 MB to 181.9 MB.
Total: 9.260700 ms (FindLiveObjects: 0.165400 ms CreateObjectMapping: 0.091900 ms MarkObjects: 8.998100 ms  DeleteObjects: 0.004700 ms)

Compiling shader "Standard"
  Pass "FORWARD" (vp)
    Target graphics API: gles3
    Full variant space:         664
    After settings filtering:   664
    After built-in stripping:   48
    After scriptable stripping: 48
    Processed in 0.00 seconds
  Pass "FORWARD_DELTA" (vp)
    Target graphics API: gles3
    Full variant space:         188
    After settings filtering:   188
    After built-in stripping:   78
    After scriptable stripping: 78
    Processed in 0.00 seconds
  Pass "ShadowCaster" (vp)
    Target graphics API: gles3
    Full variant space:         4
    After settings filtering:   4
    After built-in stripping:   12
    After scriptable stripping: 12
    Processed in 0.00 seconds
  Pass "DEFERRED" (vp)
    Target graphics API: gles3
    Full variant space:         76
    After settings filtering:   76
    After built-in stripping:   24
    After scriptable stripping: 24
    Processed in 0.00 seconds
  Pass "FORWARD" (vp)
    Target graphics API: gles3
    Full variant space:         208
    After settings filtering:   208
    After built-in stripping:   48
    After scriptable stripping: 48
    Processed in 0.00 seconds
  Pass "FORWARD_DELTA" (vp)
    Target graphics API: gles3
    Full variant space:         140
    After settings filtering:   140
    After built-in stripping:   60
    After scriptable stripping: 60
    Processed in 0.00 seconds
  Pass "ShadowCaster" (vp)
    Target graphics API: gles3
    Full variant space:         2
    After settings filtering:   2
    After built-in stripping:   12
    After scriptable stripping: 12
    Processed in 0.00 seconds
  Pass FORWARD (vp, gles3) finished in 0.03 seconds. Local cache hits 48 (0.31s CPU time), remote cache hits 0 (0.00s CPU time), compiled 0 variants (0.00s CPU time), skipped 0 variants.
    Prepared data for serialisation in 0.00s
  Pass FORWARD_DELTA (vp, gles3) finished in 0.04 seconds. Local cache hits 78 (0.35s CPU time), remote cache hits 0 (0.00s CPU time), compiled 0 variants (0.00s CPU time), skipped 0 variants.
    Prepared data for serialisation in 0.00s
  Pass ShadowCaster (vp, gles3) finished in 0.01 seconds. Local cache hits 12 (0.01s CPU time), remote cache hits 0 (0.00s CPU time), compiled 0 variants (0.00s CPU time), skipped 0 variants.
    Prepared data for serialisation in 0.00s
  Pass DEFERRED (vp, gles3) finished in 0.01 seconds. Local cache hits 24 (0.06s CPU time), remote cache hits 0 (0.00s CPU time), compiled 0 variants (0.00s CPU time), skipped 0 variants.
    Prepared data for serialisation in 0.00s
  Pass FORWARD (vp, gles3) finished in 0.02 seconds. Local cache hits 48 (0.14s CPU time), remote cache hits 0 (0.00s CPU time), compiled 0 variants (0.00s CPU time), skipped 0 variants.
    Prepared data for serialisation in 0.00s
  Pass FORWARD_DELTA (vp, gles3) finished in 0.02 seconds. Local cache hits 60 (0.17s CPU time), remote cache hits 0 (0.00s CPU time), compiled 0 variants (0.00s CPU time), skipped 0 variants.
    Prepared data for serialisation in 0.00s
  Pass ShadowCaster (vp, gles3) finished in 0.00 seconds. Local cache hits 12 (0.01s CPU time), remote cache hits 0 (0.00s CPU time), compiled 0 variants (0.00s CPU time), skipped 0 variants.
    Prepared data for serialisation in 0.00s
Serialized binary data for shader Standard in 0.00s
    gles3 (total internal programs: 282, unique: 108)
Compressed shader 'Standard' on gles3 from 1.01MB to 0.03MB
Compressed shader 'Standard' in 0.01s
Compiling shader "Skybox/Procedural"
  Pass "" (vp)
    Target graphics API: gles3
    Full variant space:         3
    After settings filtering:   3
    After built-in stripping:   18
    After scriptable stripping: 18
    Processed in 0.00 seconds
  Pass  (vp, gles3) finished in 0.00 seconds. Local cache hits 18 (0.02s CPU time), remote cache hits 0 (0.00s CPU time), compiled 0 variants (0.00s CPU time), skipped 0 variants.
    Prepared data for serialisation in 0.00s
Serialized binary data for shader Skybox/Procedural in 0.00s
    gles3 (total internal programs: 18, unique: 6)

***Player size statistics***
Level 0 'Assets/_Examples/Scenes/CubeClickerVR.unity' uses 193.1 KB compressed / 0.7 MB uncompressed.
Total compressed size 193.3 KB. Total uncompressed size 0.7 MB.
Refreshing native plugins compatible for Editor in 8.75 ms, found 9 plugins.
Preloading 1 native plugins for Editor in 0.07 ms.
Unloading 1 Unused Serialized files (Serialized files now loaded: 0)
Unloading 75 unused Assets / (0.7 MB). Loaded Objects now: 5256.
Memory consumption went from 183.4 MB to 182.6 MB.
Total: 11.066200 ms (FindLiveObjects: 0.272400 ms CreateObjectMapping: 0.088400 ms MarkObjects: 10.340300 ms  DeleteObjects: 0.364400 ms)

Build Finished, Result: Failure.
##utp:{"type":"PlayerBuildInfo","version":2,"phase":"Immediate","time":1772554501774,"processId":48456,"steps":[{"description":"Calculate asset bundles to be built","duration":25},{"description":"Prebuild Cleanup and Recompile","duration":5223},{"description":"Build Scene AssetBundle(s)","duration":1215}],"duration":6463}
Unloading 0 Unused Serialized files (Serialized files now loaded: 0)
Loaded scene 'Temp/__Backupscenes/0.backup'
	Deserialize:            0.424 ms
	Integration:            8.611 ms
	Integration of assets:  0.001 ms
	Thread Wait Time:       0.006 ms
	Total Operation Time:   9.042 ms
Unloading 0 unused Assets / (2.5 KB). Loaded Objects now: 5249.
Memory consumption went from 182.0 MB to 182.0 MB.
Total: 9.507400 ms (FindLiveObjects: 0.264400 ms CreateObjectMapping: 0.087000 ms MarkObjects: 9.150200 ms  DeleteObjects: 0.005300 ms)


***Player size statistics***
Total compressed size 1.5 KB. Total uncompressed size 4.2 KB.
Unloading 0 Unused Serialized files (Serialized files now loaded: 0)
Unloading 0 unused Assets / (0 B). Loaded Objects now: 5251.
Memory consumption went from 178.8 MB to 178.8 MB.
Total: 9.904700 ms (FindLiveObjects: 0.258500 ms CreateObjectMapping: 0.087600 ms MarkObjects: 9.552900 ms  DeleteObjects: 0.005300 ms)


-------------------------------------------------------------------------------
Bundle Name: demo_cube_clicker_1_2_0_android.bundle
Compressed Size:193.3 kb
Uncompressed usage by category (Percentages based on user generated assets only):
Textures               512.2 kb	 74.2% 
Meshes                 0.0 kb	 0.0% 
Animations             0.0 kb	 0.0% 
Sounds                 0.0 kb	 0.0% 
Shaders                72.6 kb	 10.5% 
Other Assets           1.5 kb	 0.2% 
Levels                 20.7 kb	 3.0% 
File headers           83.5 kb	 12.1% 
Total User Assets      690.4 kb	 100.0% 
Complete build size    690.4 kb
Used Assets and files from the Resources folder, sorted by uncompressed size:
 586.1 kb	 84.9% Resources/unity_builtin_extra
-------------------------------------------------------------------------------
-------------------------------------------------------------------------------
Bundle Name: demo_cube_clicker_1_2_0_Android
Compressed Size:1.6 kb
Uncompressed usage by category (Percentages based on user generated assets only):
Textures               0.0 kb	 0.0% 
Meshes                 0.0 kb	 0.0% 
Animations             0.0 kb	 0.0% 
Sounds                 0.0 kb	 0.0% 
Shaders                0.0 kb	 0.0% 
Other Assets           0.2 kb	 5.0% 
Levels                 0.0 kb	 0.0% 
File headers           3.9 kb	 95.0% 
Total User Assets      4.2 kb	 100.0% 
Complete build size    4.2 kb
Used Assets and files from the Resources folder, sorted by uncompressed size:
 0.1 kb	 2.5% Built-in AssetBundleManifest: AssetBundleManifest
 0.1 kb	 2.4% AssetBundle Object
-------------------------------------------------------------------------------
[AssetBundlePackageBuilder] packageId=demo_cube_clicker contentVersion=1.2.0 bundle=C:\Users\licen\Projects\theraply-vr-framework\hosting\public\content\demo_cube_clicker_1_2_0_android.bundle manifest=C:\Users\licen\Projects\theraply-vr-framework\hosting\public\content\demo_cube_clicker_1_2_0.pkg.json
UnityEngine.Debug:ExtractStackTraceNoAlloc (byte*,int,string)
UnityEngine.StackTraceUtility:ExtractStackTrace ()
UnityEngine.DebugLogHandler:Internal_Log (UnityEngine.LogType,UnityEngine.LogOption,string,UnityEngine.Object)
UnityEngine.DebugLogHandler:LogFormat (UnityEngine.LogType,UnityEngine.Object,string,object[])
UnityEngine.Logger:Log (UnityEngine.LogType,object)
UnityEngine.Debug:Log (object)
TheraplyCore.Editor.Automation.AssetBundlePackageBuilder:BuildPackage (TheraplyCore.Editor.Automation.AssetBundlePackageBuilder/BuildArguments) (at Assets/_TheraplyCore/Editor/Automation/AssetBundlePackageBuilder.cs:204)
TheraplyCore.Editor.Automation.AssetBundlePackageBuilder:BuildPackageFromCommandLine () (at Assets/_TheraplyCore/Editor/Automation/AssetBundlePackageBuilder.cs:80)

(Filename: Assets/_TheraplyCore/Editor/Automation/AssetBundlePackageBuilder.cs Line: 204)

Batchmode quit successfully invoked - shutting down!
Killing ADB server in 0,0655968 seconds.
[Physics::Module] Cleanup current backend.
[Physics::Module] Id: 0xf2b8ea05
Input System module state changed to: ShutdownInProgress.
Input System polling thread exited.
Input System module state changed to: Shutdown.
[Licensing::IpcConnector] LicenseClient-licen-notifications channel disconnected successfully.
[Licensing::IpcConnector] LicenseClient-licen channel disconnected successfully.
AcceleratorClientConnectionCallback - disconnected - :0
Cleanup mono
Exiting batchmode successfully now!
Exiting without the bug reporter. Application will terminate with return code 0