2026-02-23T14:08:15.4431960+00:00 | eventType=config_updated | sessionId=mobile-dLxoPFss0wCV6nezOZfb-1771855683115 | gameId=pulse_target_tap | reason=
2026-02-23T14:08:15.4437670+00:00 | eventType=interaction_event | sessionId=mobile-dLxoPFss0wCV6nezOZfb-1771855683115 | gameId=pulse_target_tap | reason=
2026-02-23T14:08:15.4443220+00:00 | eventType=game_initialized | sessionId=mobile-dLxoPFss0wCV6nezOZfb-1771855683115 | gameId=pulse_target_tap | reason=
2026-02-23T14:08:15.4448690+00:00 | eventType=interaction_event | sessionId=mobile-dLxoPFss0wCV6nezOZfb-1771855683115 | gameId=pulse_target_tap | reason=
2026-02-23T14:08:15.4454790+00:00 | eventType=task_run_started | sessionId=mobile-dLxoPFss0wCV6nezOZfb-1771855683115 | gameId=pulse_target_tap | reason=
2026-02-23T14:08:15.4460160+00:00 | eventType=interaction_event | sessionId=mobile-dLxoPFss0wCV6nezOZfb-1771855683115 | gameId=pulse_target_tap | reason=
2026-02-23T14:08:15.4466630+00:00 | eventType=pulse_targets_config | sessionId=mobile-dLxoPFss0wCV6nezOZfb-1771855683115 | gameId=pulse_target_tap | reason=
2026-02-23T14:08:15.4471730+00:00 | eventType=interaction_event | sessionId=mobile-dLxoPFss0wCV6nezOZfb-1771855683115 | gameId=pulse_target_tap | reason=
2026-02-23T14:08:15.4477550+00:00 | eventType=game_started | sessionId=mobile-dLxoPFss0wCV6nezOZfb-1771855683115 | gameId=pulse_target_tap | reason=
2026-02-23T14:08:15.4483420+00:00 | eventType=interaction_event | sessionId=mobile-dLxoPFss0wCV6nezOZfb-1771855683115 | gameId=pulse_target_tap | reason=
2026-02-23T14:08:15.4496480+00:00 | eventType=pulse_target_spawned | sessionId=mobile-dLxoPFss0wCV6nezOZfb-1771855683115 | gameId=pulse_target_tap | reason=
2026-02-23T14:08:15.4501400+00:00 | eventType=interaction_event | sessionId=mobile-dLxoPFss0wCV6nezOZfb-1771855683115 | gameId=pulse_target_tap | reason=
2026-02-23T14:08:15.4520480+00:00 | eventType=game_start | sessionId=mobile-dLxoPFss0wCV6nezOZfb-1771855683115 | gameId=pulse_target_tap | reason=
2026-02-23T14:08:15.4526430+00:00 | eventType=session_start | sessionId=mobile-dLxoPFss0wCV6nezOZfb-1771855683115 | gameId=pulse_target_tap | reason=START_GAME
2026-02-23T14:08:15.4550150+00:00 | eventType=task_stimulus_presented | sessionId=mobile-dLxoPFss0wCV6nezOZfb-1771855683115 | gameId=pulse_target_tap | reason=
2026-02-23T14:08:15.4554830+00:00 | eventType=interaction_event | sessionId=mobile-dLxoPFss0wCV6nezOZfb-1771855683115 | gameId=pulse_target_tap | reason=
2026-02-23T14:08:17.8733820+00:00 | eventType=task_action_outcome | sessionId=mobile-dLxoPFss0wCV6nezOZfb-1771855683115 | gameId=pulse_target_tap | reason=
2026-02-23T14:08:17.8740890+00:00 | eventType=interaction_event | sessionId=mobile-dLxoPFss0wCV6nezOZfb-1771855683115 | gameId=pulse_target_tap | reason=
2026-02-23T14:08:17.8746110+00:00 | eventType=adaptive_difficulty_adjusted | sessionId=mobile-dLxoPFss0wCV6nezOZfb-1771855683115 | gameId=pulse_target_tap | reason=
2026-02-23T14:08:17.8751360+00:00 | eventType=interaction_event | sessionId=mobile-dLxoPFss0wCV6nezOZfb-1771855683115 | gameId=pulse_target_tap | reason=
2026-02-23T14:08:18.1646150+00:00 | eventType=interaction_event | sessionId=mobile-dLxoPFss0wCV6nezOZfb-1771855683115 | gameId=pulse_target_tap | reason=
2026-02-23T14:08:18.1655270+00:00 | eventType=task_action_outcome | sessionId=mobile-dLxoPFss0wCV6nezOZfb-1771855683115 | gameId=pulse_target_tap | reason=
2026-02-23T14:08:18.1660580+00:00 | eventType=interaction_event | sessionId=mobile-dLxoPFss0wCV6nezOZfb-1771855683115 | gameId=pulse_target_tap | reason=
2026-02-23T14:08:18.1665750+00:00 | eventType=adaptive_difficulty_adjusted | sessionId=mobile-dLxoPFss0wCV6nezOZfb-1771855683115 | gameId=pulse_target_tap | reason=
2026-02-23T14:08:18.1671070+00:00 | eventType=interaction_event | sessionId=mobile-dLxoPFss0wCV6nezOZfb-1771855683115 | gameId=pulse_target_tap | reason=
2026-02-23T14:08:18.1687510+00:00 | eventType=pulse_target_hit | sessionId=mobile-dLxoPFss0wCV6nezOZfb-1771855683115 | gameId=pulse_target_tap | reason=
2026-02-23T14:08:18.1693740+00:00 | eventType=interaction_event | sessionId=mobile-dLxoPFss0wCV6nezOZfb-1771855683115 | gameId=pulse_target_tap | reason=
2026-02-23T14:08:18.1718360+00:00 | eventType=pulse_target_spawned | sessionId=mobile-dLxoPFss0wCV6nezOZfb-1771855683115 | gameId=pulse_target_tap | reason=
2026-02-23T14:08:18.1723820+00:00 | eventType=interaction_event | sessionId=mobile-dLxoPFss0wCV6nezOZfb-1771855683115 | gameId=pulse_target_tap | reason=
2026-02-23T14:08:18.1729360+00:00 | eventType=interaction_event | sessionId=mobile-dLxoPFss0wCV6nezOZfb-1771855683115 | gameId=pulse_target_tap | reason=
2026-02-23T14:08:18.1741060+00:00 | eventType=pointer_shot | sessionId=mobile-dLxoPFss0wCV6nezOZfb-1771855683115 | gameId=pulse_target_tap | reason=
2026-02-23T14:08:18.1745310+00:00 | eventType=interaction_event | sessionId=mobile-dLxoPFss0wCV6nezOZfb-1771855683115 | gameId=pulse_target_tap | reason=
2026-02-23T14:08:18.1791850+00:00 | eventType=task_stimulus_presented | sessionId=mobile-dLxoPFss0wCV6nezOZfb-1771855683115 | gameId=pulse_target_tap | reason=
2026-02-23T14:08:18.1800320+00:00 | eventType=interaction_event | sessionId=mobile-dLxoPFss0wCV6nezOZfb-1771855683115 | gameId=pulse_target_tap | reason=
2026-02-23T14:08:18.3177770+00:00 | eventType=interaction_event | sessionId=mobile-dLxoPFss0wCV6nezOZfb-1771855683115 | gameId=pulse_target_tap | reason=
2026-02-23T14:08:18.9842870+00:00 | eventType=interaction_event | sessionId=mobile-dLxoPFss0wCV6nezOZfb-1771855683115 | gameId=pulse_target_tap | reason=
2026-02-23T14:08:18.9850960+00:00 | eventType=task_action_outcome | sessionId=mobile-dLxoPFss0wCV6nezOZfb-1771855683115 | gameId=pulse_target_tap | reason=
2026-02-23T14:08:18.9855890+00:00 | eventType=interaction_event | sessionId=mobile-dLxoPFss0wCV6nezOZfb-1771855683115 | gameId=pulse_target_tap | reason=
2026-02-23T14:08:18.9860820+00:00 | eventType=adaptive_difficulty_adjusted | sessionId=mobile-dLxoPFss0wCV6nezOZfb-1771855683115 | gameId=pulse_target_tap | reason=
2026-02-23T14:08:18.9865580+00:00 | eventType=interaction_event | sessionId=mobile-dLxoPFss0wCV6nezOZfb-1771855683115 | gameId=pulse_target_tap | reason=
2026-02-23T14:08:18.9874500+00:00 | eventType=pulse_target_hit | sessionId=mobile-dLxoPFss0wCV6nezOZfb-1771855683115 | gameId=pulse_target_tap | reason=
2026-02-23T14:08:18.9879160+00:00 | eventType=interaction_event | sessionId=mobile-dLxoPFss0wCV6nezOZfb-1771855683115 | gameId=pulse_target_tap | reason=
2026-02-23T14:08:18.9886280+00:00 | eventType=pulse_target_spawned | sessionId=mobile-dLxoPFss0wCV6nezOZfb-1771855683115 | gameId=pulse_target_tap | reason=
2026-02-23T14:08:18.9890930+00:00 | eventType=interaction_event | sessionId=mobile-dLxoPFss0wCV6nezOZfb-1771855683115 | gameId=pulse_target_tap | reason=
2026-02-23T14:08:18.9895990+00:00 | eventType=interaction_event | sessionId=mobile-dLxoPFss0wCV6nezOZfb-1771855683115 | gameId=pulse_target_tap | reason=
2026-02-23T14:08:18.9900180+00:00 | eventType=pointer_shot | sessionId=mobile-dLxoPFss0wCV6nezOZfb-1771855683115 | gameId=pulse_target_tap | reason=
2026-02-23T14:08:18.9904690+00:00 | eventType=interaction_event | sessionId=mobile-dLxoPFss0wCV6nezOZfb-1771855683115 | gameId=pulse_target_tap | reason=
2026-02-23T14:08:18.9978970+00:00 | eventType=task_stimulus_presented | sessionId=mobile-dLxoPFss0wCV6nezOZfb-1771855683115 | gameId=pulse_target_tap | reason=
2026-02-23T14:08:18.9985300+00:00 | eventType=interaction_event | sessionId=mobile-dLxoPFss0wCV6nezOZfb-1771855683115 | gameId=pulse_target_tap | reason=
2026-02-23T14:08:19.1234660+00:00 | eventType=interaction_event | sessionId=mobile-dLxoPFss0wCV6nezOZfb-1771855683115 | gameId=pulse_target_tap | reason=
2026-02-23T14:08:19.6932140+00:00 | eventType=interaction_event | sessionId=mobile-dLxoPFss0wCV6nezOZfb-1771855683115 | gameId=pulse_target_tap | reason=
2026-02-23T14:08:19.6953660+00:00 | eventType=interaction_event | sessionId=mobile-dLxoPFss0wCV6nezOZfb-1771855683115 | gameId=pulse_target_tap | reason=
2026-02-23T14:08:19.6959300+00:00 | eventType=pointer_shot | sessionId=mobile-dLxoPFss0wCV6nezOZfb-1771855683115 | gameId=pulse_target_tap | reason=
2026-02-23T14:08:19.6964210+00:00 | eventType=interaction_event | sessionId=mobile-dLxoPFss0wCV6nezOZfb-1771855683115 | gameId=pulse_target_tap | reason=
2026-02-23T14:08:19.8870160+00:00 | eventType=interaction_event | sessionId=mobile-dLxoPFss0wCV6nezOZfb-1771855683115 | gameId=pulse_target_tap | reason=
2026-02-23T14:08:20.2901780+00:00 | eventType=interaction_event | sessionId=mobile-dLxoPFss0wCV6nezOZfb-1771855683115 | gameId=pulse_target_tap | reason=
2026-02-23T14:08:20.2909380+00:00 | eventType=task_action_outcome | sessionId=mobile-dLxoPFss0wCV6nezOZfb-1771855683115 | gameId=pulse_target_tap | reason=
2026-02-23T14:08:20.2914300+00:00 | eventType=interaction_event | sessionId=mobile-dLxoPFss0wCV6nezOZfb-1771855683115 | gameId=pulse_target_tap | reason=
2026-02-23T14:08:20.2920120+00:00 | eventType=adaptive_difficulty_adjusted | sessionId=mobile-dLxoPFss0wCV6nezOZfb-1771855683115 | gameId=pulse_target_tap | reason=
2026-02-23T14:08:20.2924660+00:00 | eventType=interaction_event | sessionId=mobile-dLxoPFss0wCV6nezOZfb-1771855683115 | gameId=pulse_target_tap | reason=
2026-02-23T14:08:20.2933890+00:00 | eventType=pulse_target_hit | sessionId=mobile-dLxoPFss0wCV6nezOZfb-1771855683115 | gameId=pulse_target_tap | reason=
2026-02-23T14:08:20.2938150+00:00 | eventType=interaction_event | sessionId=mobile-dLxoPFss0wCV6nezOZfb-1771855683115 | gameId=pulse_target_tap | reason=
2026-02-23T14:08:20.2942810+00:00 | eventType=pulse_targets_completed | sessionId=mobile-dLxoPFss0wCV6nezOZfb-1771855683115 | gameId=pulse_target_tap | reason=
2026-02-23T14:08:20.2946980+00:00 | eventType=interaction_event | sessionId=mobile-dLxoPFss0wCV6nezOZfb-1771855683115 | gameId=pulse_target_tap | reason=
2026-02-23T14:08:20.2951960+00:00 | eventType=game_stopped | sessionId=mobile-dLxoPFss0wCV6nezOZfb-1771855683115 | gameId=pulse_target_tap | reason=Completed
2026-02-23T14:08:20.2956440+00:00 | eventType=interaction_event | sessionId=mobile-dLxoPFss0wCV6nezOZfb-1771855683115 | gameId=pulse_target_tap | reason=Completed
2026-02-23T14:08:20.2962000+00:00 | eventType=task_outcome_summary | sessionId=mobile-dLxoPFss0wCV6nezOZfb-1771855683115 | gameId=pulse_target_tap | reason=
2026-02-23T14:08:20.2966500+00:00 | eventType=interaction_event | sessionId=mobile-dLxoPFss0wCV6nezOZfb-1771855683115 | gameId=pulse_target_tap | reason=
2026-02-23T14:08:20.2971540+00:00 | eventType=task_label_generated | sessionId=mobile-dLxoPFss0wCV6nezOZfb-1771855683115 | gameId=pulse_target_tap | reason=
2026-02-23T14:08:20.2976000+00:00 | eventType=interaction_event | sessionId=mobile-dLxoPFss0wCV6nezOZfb-1771855683115 | gameId=pulse_target_tap | reason=
2026-02-23T14:08:20.2987060+00:00 | eventType=interaction_event | sessionId=mobile-dLxoPFss0wCV6nezOZfb-1771855683115 | gameId=pulse_target_tap | reason=
2026-02-23T14:08:20.2991300+00:00 | eventType=pointer_shot | sessionId=mobile-dLxoPFss0wCV6nezOZfb-1771855683115 | gameId=pulse_target_tap | reason=
2026-02-23T14:08:20.2995510+00:00 | eventType=interaction_event | sessionId=mobile-dLxoPFss0wCV6nezOZfb-1771855683115 | gameId=pulse_target_tap | reason=
2026-02-23T14:08:20.3050730+00:00 | eventType=game_end | sessionId=636124de-2839-4754-85e8-2a10135a7ec0 | gameId=pulse_target_tap | reason=Completed
2026-02-23T14:08:20.3057640+00:00 | eventType=game_result | sessionId=636124de-2839-4754-85e8-2a10135a7ec0 | gameId=pulse_target_tap | reason=
2026-02-23T14:08:20.3064390+00:00 | eventType=session_stop | sessionId=636124de-2839-4754-85e8-2a10135a7ec0 | gameId=pulse_target_tap | reason=ACTIVE_GAME_COMPLETED
2026-02-23T14:08:20.4430060+00:00 | eventType=interaction_event | sessionId=636124de-2839-4754-85e8-2a10135a7ec0 | gameId=pulse_target_tap | reason=
2026-02-23T14:08:23.5967010+00:00 | eventType=config_updated | sessionId=636124de-2839-4754-85e8-2a10135a7ec0 | gameId=pulse_target_tap | reason=
2026-02-23T14:08:23.5972700+00:00 | eventType=interaction_event | sessionId=636124de-2839-4754-85e8-2a10135a7ec0 | gameId=pulse_target_tap | reason=
2026-02-23T14:08:23.5978140+00:00 | eventType=game_initialized | sessionId=636124de-2839-4754-85e8-2a10135a7ec0 | gameId=pulse_target_tap | reason=
2026-02-23T14:08:23.5989470+00:00 | eventType=interaction_event | sessionId=636124de-2839-4754-85e8-2a10135a7ec0 | gameId=pulse_target_tap | reason=
2026-02-23T14:08:23.5994390+00:00 | eventType=task_run_started | sessionId=636124de-2839-4754-85e8-2a10135a7ec0 | gameId=pulse_target_tap | reason=
2026-02-23T14:08:23.5998870+00:00 | eventType=interaction_event | sessionId=636124de-2839-4754-85e8-2a10135a7ec0 | gameId=pulse_target_tap | reason=
2026-02-23T14:08:23.6004100+00:00 | eventType=pulse_targets_config | sessionId=636124de-2839-4754-85e8-2a10135a7ec0 | gameId=pulse_target_tap | reason=
2026-02-23T14:08:23.6008680+00:00 | eventType=interaction_event | sessionId=636124de-2839-4754-85e8-2a10135a7ec0 | gameId=pulse_target_tap | reason=
2026-02-23T14:08:23.6013790+00:00 | eventType=game_started | sessionId=636124de-2839-4754-85e8-2a10135a7ec0 | gameId=pulse_target_tap | reason=
2026-02-23T14:08:23.6018300+00:00 | eventType=interaction_event | sessionId=636124de-2839-4754-85e8-2a10135a7ec0 | gameId=pulse_target_tap | reason=
2026-02-23T14:08:23.6028500+00:00 | eventType=pulse_target_spawned | sessionId=636124de-2839-4754-85e8-2a10135a7ec0 | gameId=pulse_target_tap | reason=
2026-02-23T14:08:23.6033470+00:00 | eventType=interaction_event | sessionId=636124de-2839-4754-85e8-2a10135a7ec0 | gameId=pulse_target_tap | reason=
2026-02-23T14:08:23.6047090+00:00 | eventType=game_start | sessionId=636124de-2839-4754-85e8-2a10135a7ec0 | gameId=pulse_target_tap | reason=
2026-02-23T14:08:23.6055530+00:00 | eventType=session_start | sessionId=636124de-2839-4754-85e8-2a10135a7ec0 | gameId=pulse_target_tap | reason=START_GAME
2026-02-23T14:08:23.6060660+00:00 | eventType=task_stimulus_presented | sessionId=636124de-2839-4754-85e8-2a10135a7ec0 | gameId=pulse_target_tap | reason=
2026-02-23T14:08:23.6064170+00:00 | eventType=interaction_event | sessionId=636124de-2839-4754-85e8-2a10135a7ec0 | gameId=pulse_target_tap | reason=
2026-02-23T14:08:26.0257750+00:00 | eventType=task_action_outcome | sessionId=636124de-2839-4754-85e8-2a10135a7ec0 | gameId=pulse_target_tap | reason=
2026-02-23T14:08:26.0264440+00:00 | eventType=interaction_event | sessionId=636124de-2839-4754-85e8-2a10135a7ec0 | gameId=pulse_target_tap | reason=
2026-02-23T14:08:26.0269310+00:00 | eventType=adaptive_difficulty_adjusted | sessionId=636124de-2839-4754-85e8-2a10135a7ec0 | gameId=pulse_target_tap | reason=
2026-02-23T14:08:26.0274100+00:00 | eventType=interaction_event | sessionId=636124de-2839-4754-85e8-2a10135a7ec0 | gameId=pulse_target_tap | reason=
2026-02-23T14:08:26.7899810+00:00 | eventType=interaction_event | sessionId=636124de-2839-4754-85e8-2a10135a7ec0 | gameId=pulse_target_tap | reason=
2026-02-23T14:08:26.7907500+00:00 | eventType=task_action_outcome | sessionId=636124de-2839-4754-85e8-2a10135a7ec0 | gameId=pulse_target_tap | reason=
2026-02-23T14:08:26.7912350+00:00 | eventType=interaction_event | sessionId=636124de-2839-4754-85e8-2a10135a7ec0 | gameId=pulse_target_tap | reason=
2026-02-23T14:08:26.7922570+00:00 | eventType=adaptive_difficulty_adjusted | sessionId=636124de-2839-4754-85e8-2a10135a7ec0 | gameId=pulse_target_tap | reason=
2026-02-23T14:08:26.7927380+00:00 | eventType=interaction_event | sessionId=636124de-2839-4754-85e8-2a10135a7ec0 | gameId=pulse_target_tap | reason=
2026-02-23T14:08:26.7932280+00:00 | eventType=pulse_target_hit | sessionId=636124de-2839-4754-85e8-2a10135a7ec0 | gameId=pulse_target_tap | reason=
2026-02-23T14:08:26.7936750+00:00 | eventType=interaction_event | sessionId=636124de-2839-4754-85e8-2a10135a7ec0 | gameId=pulse_target_tap | reason=
2026-02-23T14:08:26.7943530+00:00 | eventType=pulse_target_spawned | sessionId=636124de-2839-4754-85e8-2a10135a7ec0 | gameId=pulse_target_tap | reason=
2026-02-23T14:08:26.7954170+00:00 | eventType=interaction_event | sessionId=636124de-2839-4754-85e8-2a10135a7ec0 | gameId=pulse_target_tap | reason=
2026-02-23T14:08:26.7965920+00:00 | eventType=interaction_event | sessionId=636124de-2839-4754-85e8-2a10135a7ec0 | gameId=pulse_target_tap | reason=
2026-02-23T14:08:26.7981870+00:00 | eventType=pointer_shot | sessionId=636124de-2839-4754-85e8-2a10135a7ec0 | gameId=pulse_target_tap | reason=
2026-02-23T14:08:26.7988460+00:00 | eventType=interaction_event | sessionId=636124de-2839-4754-85e8-2a10135a7ec0 | gameId=pulse_target_tap | reason=
2026-02-23T14:08:26.8033670+00:00 | eventType=task_stimulus_presented | sessionId=636124de-2839-4754-85e8-2a10135a7ec0 | gameId=pulse_target_tap | reason=
2026-02-23T14:08:26.8043030+00:00 | eventType=interaction_event | sessionId=636124de-2839-4754-85e8-2a10135a7ec0 | gameId=pulse_target_tap | reason=
2026-02-23T14:08:26.9426070+00:00 | eventType=interaction_event | sessionId=636124de-2839-4754-85e8-2a10135a7ec0 | gameId=pulse_target_tap | reason=
2026-02-23T14:08:29.2343920+00:00 | eventType=interaction_event | sessionId=636124de-2839-4754-85e8-2a10135a7ec0 | gameId=pulse_target_tap | reason=
2026-02-23T14:08:29.2351670+00:00 | eventType=task_action_outcome | sessionId=636124de-2839-4754-85e8-2a10135a7ec0 | gameId=pulse_target_tap | reason=
2026-02-23T14:08:29.2356970+00:00 | eventType=interaction_event | sessionId=636124de-2839-4754-85e8-2a10135a7ec0 | gameId=pulse_target_tap | reason=
2026-02-23T14:08:29.2362070+00:00 | eventType=adaptive_difficulty_adjusted | sessionId=636124de-2839-4754-85e8-2a10135a7ec0 | gameId=pulse_target_tap | reason=
2026-02-23T14:08:29.2366560+00:00 | eventType=interaction_event | sessionId=636124de-2839-4754-85e8-2a10135a7ec0 | gameId=pulse_target_tap | reason=
2026-02-23T14:08:29.2372230+00:00 | eventType=pulse_target_hit | sessionId=636124de-2839-4754-85e8-2a10135a7ec0 | gameId=pulse_target_tap | reason=
2026-02-23T14:08:29.2376400+00:00 | eventType=interaction_event | sessionId=636124de-2839-4754-85e8-2a10135a7ec0 | gameId=pulse_target_tap | reason=
2026-02-23T14:08:29.2383890+00:00 | eventType=pulse_target_spawned | sessionId=636124de-2839-4754-85e8-2a10135a7ec0 | gameId=pulse_target_tap | reason=
2026-02-23T14:08:29.2391850+00:00 | eventType=interaction_event | sessionId=636124de-2839-4754-85e8-2a10135a7ec0 | gameId=pulse_target_tap | reason=
2026-02-23T14:08:29.2396690+00:00 | eventType=interaction_event | sessionId=636124de-2839-4754-85e8-2a10135a7ec0 | gameId=pulse_target_tap | reason=
2026-02-23T14:08:29.2400750+00:00 | eventType=pointer_shot | sessionId=636124de-2839-4754-85e8-2a10135a7ec0 | gameId=pulse_target_tap | reason=
2026-02-23T14:08:29.2404960+00:00 | eventType=interaction_event | sessionId=636124de-2839-4754-85e8-2a10135a7ec0 | gameId=pulse_target_tap | reason=
2026-02-23T14:08:29.2480550+00:00 | eventType=task_stimulus_presented | sessionId=636124de-2839-4754-85e8-2a10135a7ec0 | gameId=pulse_target_tap | reason=
2026-02-23T14:08:29.2487290+00:00 | eventType=interaction_event | sessionId=636124de-2839-4754-85e8-2a10135a7ec0 | gameId=pulse_target_tap | reason=
2026-02-23T14:08:29.4151640+00:00 | eventType=interaction_event | sessionId=636124de-2839-4754-85e8-2a10135a7ec0 | gameId=pulse_target_tap | reason=
2026-02-23T14:08:30.1090990+00:00 | eventType=interaction_event | sessionId=636124de-2839-4754-85e8-2a10135a7ec0 | gameId=pulse_target_tap | reason=
2026-02-23T14:08:30.1097880+00:00 | eventType=task_action_outcome | sessionId=636124de-2839-4754-85e8-2a10135a7ec0 | gameId=pulse_target_tap | reason=
2026-02-23T14:08:30.1102460+00:00 | eventType=interaction_event | sessionId=636124de-2839-4754-85e8-2a10135a7ec0 | gameId=pulse_target_tap | reason=
2026-02-23T14:08:30.1110560+00:00 | eventType=adaptive_difficulty_adjusted | sessionId=636124de-2839-4754-85e8-2a10135a7ec0 | gameId=pulse_target_tap | reason=
2026-02-23T14:08:30.1114880+00:00 | eventType=interaction_event | sessionId=636124de-2839-4754-85e8-2a10135a7ec0 | gameId=pulse_target_tap | reason=
2026-02-23T14:08:30.1120140+00:00 | eventType=pulse_target_hit | sessionId=636124de-2839-4754-85e8-2a10135a7ec0 | gameId=pulse_target_tap | reason=
2026-02-23T14:08:30.1124280+00:00 | eventType=interaction_event | sessionId=636124de-2839-4754-85e8-2a10135a7ec0 | gameId=pulse_target_tap | reason=
2026-02-23T14:08:30.1128620+00:00 | eventType=pulse_targets_completed | sessionId=636124de-2839-4754-85e8-2a10135a7ec0 | gameId=pulse_target_tap | reason=
2026-02-23T14:08:30.1132740+00:00 | eventType=interaction_event | sessionId=636124de-2839-4754-85e8-2a10135a7ec0 | gameId=pulse_target_tap | reason=
2026-02-23T14:08:30.1136930+00:00 | eventType=game_stopped | sessionId=636124de-2839-4754-85e8-2a10135a7ec0 | gameId=pulse_target_tap | reason=Completed
2026-02-23T14:08:30.1140790+00:00 | eventType=interaction_event | sessionId=636124de-2839-4754-85e8-2a10135a7ec0 | gameId=pulse_target_tap | reason=Completed
2026-02-23T14:08:30.1145400+00:00 | eventType=task_outcome_summary | sessionId=636124de-2839-4754-85e8-2a10135a7ec0 | gameId=pulse_target_tap | reason=
2026-02-23T14:08:30.1149560+00:00 | eventType=interaction_event | sessionId=636124de-2839-4754-85e8-2a10135a7ec0 | gameId=pulse_target_tap | reason=
2026-02-23T14:08:30.1157230+00:00 | eventType=task_label_generated | sessionId=636124de-2839-4754-85e8-2a10135a7ec0 | gameId=pulse_target_tap | reason=
2026-02-23T14:08:30.1161480+00:00 | eventType=interaction_event | sessionId=636124de-2839-4754-85e8-2a10135a7ec0 | gameId=pulse_target_tap | reason=
2026-02-23T14:08:30.1165890+00:00 | eventType=interaction_event | sessionId=636124de-2839-4754-85e8-2a10135a7ec0 | gameId=pulse_target_tap | reason=
2026-02-23T14:08:30.1169820+00:00 | eventType=pointer_shot | sessionId=636124de-2839-4754-85e8-2a10135a7ec0 | gameId=pulse_target_tap | reason=
2026-02-23T14:08:30.1173520+00:00 | eventType=interaction_event | sessionId=636124de-2839-4754-85e8-2a10135a7ec0 | gameId=pulse_target_tap | reason=
2026-02-23T14:08:30.1247000+00:00 | eventType=game_end | sessionId=795d903b-4e0a-4dec-ae55-81e2a9467271 | gameId=pulse_target_tap | reason=Completed
2026-02-23T14:08:30.1253690+00:00 | eventType=game_result | sessionId=795d903b-4e0a-4dec-ae55-81e2a9467271 | gameId=pulse_target_tap | reason=
2026-02-23T14:08:30.1258700+00:00 | eventType=session_stop | sessionId=795d903b-4e0a-4dec-ae55-81e2a9467271 | gameId=pulse_target_tap | reason=ACTIVE_GAME_COMPLETED
2026-02-23T14:08:30.2901770+00:00 | eventType=interaction_event | sessionId=795d903b-4e0a-4dec-ae55-81e2a9467271 | gameId=pulse_target_tap | reason=
2026-02-23T14:08:32.5963810+00:00 | eventType=config_updated | sessionId=795d903b-4e0a-4dec-ae55-81e2a9467271 | gameId=pulse_target_tap | reason=
2026-02-23T14:08:32.5973620+00:00 | eventType=interaction_event | sessionId=795d903b-4e0a-4dec-ae55-81e2a9467271 | gameId=pulse_target_tap | reason=
2026-02-23T14:08:32.5978900+00:00 | eventType=game_initialized | sessionId=795d903b-4e0a-4dec-ae55-81e2a9467271 | gameId=pulse_target_tap | reason=
2026-02-23T14:08:32.5984070+00:00 | eventType=interaction_event | sessionId=795d903b-4e0a-4dec-ae55-81e2a9467271 | gameId=pulse_target_tap | reason=
2026-02-23T14:08:32.5989480+00:00 | eventType=task_run_started | sessionId=795d903b-4e0a-4dec-ae55-81e2a9467271 | gameId=pulse_target_tap | reason=
2026-02-23T14:08:32.5994830+00:00 | eventType=interaction_event | sessionId=795d903b-4e0a-4dec-ae55-81e2a9467271 | gameId=pulse_target_tap | reason=
2026-02-23T14:08:32.6000330+00:00 | eventType=pulse_targets_config | sessionId=795d903b-4e0a-4dec-ae55-81e2a9467271 | gameId=pulse_target_tap | reason=
2026-02-23T14:08:32.6005820+00:00 | eventType=interaction_event | sessionId=795d903b-4e0a-4dec-ae55-81e2a9467271 | gameId=pulse_target_tap | reason=
2026-02-23T14:08:32.6011890+00:00 | eventType=game_started | sessionId=795d903b-4e0a-4dec-ae55-81e2a9467271 | gameId=pulse_target_tap | reason=
2026-02-23T14:08:32.6017090+00:00 | eventType=interaction_event | sessionId=795d903b-4e0a-4dec-ae55-81e2a9467271 | gameId=pulse_target_tap | reason=
2026-02-23T14:08:32.6025490+00:00 | eventType=pulse_target_spawned | sessionId=795d903b-4e0a-4dec-ae55-81e2a9467271 | gameId=pulse_target_tap | reason=
2026-02-23T14:08:32.6044010+00:00 | eventType=interaction_event | sessionId=795d903b-4e0a-4dec-ae55-81e2a9467271 | gameId=pulse_target_tap | reason=
2026-02-23T14:08:32.6059570+00:00 | eventType=game_start | sessionId=795d903b-4e0a-4dec-ae55-81e2a9467271 | gameId=pulse_target_tap | reason=
2026-02-23T14:08:32.6075360+00:00 | eventType=session_start | sessionId=795d903b-4e0a-4dec-ae55-81e2a9467271 | gameId=pulse_target_tap | reason=START_GAME
2026-02-23T14:08:32.6082080+00:00 | eventType=task_stimulus_presented | sessionId=795d903b-4e0a-4dec-ae55-81e2a9467271 | gameId=pulse_target_tap | reason=
2026-02-23T14:08:32.6086720+00:00 | eventType=interaction_event | sessionId=795d903b-4e0a-4dec-ae55-81e2a9467271 | gameId=pulse_target_tap | reason=
2026-02-23T14:08:34.2481670+00:00 | eventType=interaction_event | sessionId=795d903b-4e0a-4dec-ae55-81e2a9467271 | gameId=pulse_target_tap | reason=
2026-02-23T14:08:34.2490220+00:00 | eventType=task_action_outcome | sessionId=795d903b-4e0a-4dec-ae55-81e2a9467271 | gameId=pulse_target_tap | reason=
2026-02-23T14:08:34.2495480+00:00 | eventType=interaction_event | sessionId=795d903b-4e0a-4dec-ae55-81e2a9467271 | gameId=pulse_target_tap | reason=
2026-02-23T14:08:34.2500630+00:00 | eventType=pulse_target_hit | sessionId=795d903b-4e0a-4dec-ae55-81e2a9467271 | gameId=pulse_target_tap | reason=
2026-02-23T14:08:34.2504980+00:00 | eventType=interaction_event | sessionId=795d903b-4e0a-4dec-ae55-81e2a9467271 | gameId=pulse_target_tap | reason=
2026-02-23T14:08:34.2516650+00:00 | eventType=pulse_target_spawned | sessionId=795d903b-4e0a-4dec-ae55-81e2a9467271 | gameId=pulse_target_tap | reason=
2026-02-23T14:08:34.2521070+00:00 | eventType=interaction_event | sessionId=795d903b-4e0a-4dec-ae55-81e2a9467271 | gameId=pulse_target_tap | reason=
2026-02-23T14:08:34.2525980+00:00 | eventType=interaction_event | sessionId=795d903b-4e0a-4dec-ae55-81e2a9467271 | gameId=pulse_target_tap | reason=
2026-02-23T14:08:34.2530410+00:00 | eventType=pointer_shot | sessionId=795d903b-4e0a-4dec-ae55-81e2a9467271 | gameId=pulse_target_tap | reason=
2026-02-23T14:08:34.2534590+00:00 | eventType=interaction_event | sessionId=795d903b-4e0a-4dec-ae55-81e2a9467271 | gameId=pulse_target_tap | reason=
2026-02-23T14:08:34.2623500+00:00 | eventType=task_stimulus_presented | sessionId=795d903b-4e0a-4dec-ae55-81e2a9467271 | gameId=pulse_target_tap | reason=
2026-02-23T14:08:34.2629960+00:00 | eventType=interaction_event | sessionId=795d903b-4e0a-4dec-ae55-81e2a9467271 | gameId=pulse_target_tap | reason=
2026-02-23T14:08:34.3454960+00:00 | eventType=interaction_event | sessionId=795d903b-4e0a-4dec-ae55-81e2a9467271 | gameId=pulse_target_tap | reason=
2026-02-23T14:08:35.0816900+00:00 | eventType=interaction_event | sessionId=795d903b-4e0a-4dec-ae55-81e2a9467271 | gameId=pulse_target_tap | reason=
2026-02-23T14:08:35.0824290+00:00 | eventType=task_action_outcome | sessionId=795d903b-4e0a-4dec-ae55-81e2a9467271 | gameId=pulse_target_tap | reason=
2026-02-23T14:08:35.0850960+00:00 | eventType=interaction_event | sessionId=795d903b-4e0a-4dec-ae55-81e2a9467271 | gameId=pulse_target_tap | reason=
2026-02-23T14:08:35.0856400+00:00 | eventType=pulse_target_hit | sessionId=795d903b-4e0a-4dec-ae55-81e2a9467271 | gameId=pulse_target_tap | reason=
2026-02-23T14:08:35.0860600+00:00 | eventType=interaction_event | sessionId=795d903b-4e0a-4dec-ae55-81e2a9467271 | gameId=pulse_target_tap | reason=
2026-02-23T14:08:35.0867240+00:00 | eventType=pulse_target_spawned | sessionId=795d903b-4e0a-4dec-ae55-81e2a9467271 | gameId=pulse_target_tap | reason=
2026-02-23T14:08:35.0871400+00:00 | eventType=interaction_event | sessionId=795d903b-4e0a-4dec-ae55-81e2a9467271 | gameId=pulse_target_tap | reason=
2026-02-23T14:08:35.0878150+00:00 | eventType=interaction_event | sessionId=795d903b-4e0a-4dec-ae55-81e2a9467271 | gameId=pulse_target_tap | reason=
2026-02-23T14:08:35.0883050+00:00 | eventType=pointer_shot | sessionId=795d903b-4e0a-4dec-ae55-81e2a9467271 | gameId=pulse_target_tap | reason=
2026-02-23T14:08:35.0887310+00:00 | eventType=interaction_event | sessionId=795d903b-4e0a-4dec-ae55-81e2a9467271 | gameId=pulse_target_tap | reason=
2026-02-23T14:08:35.0956610+00:00 | eventType=task_stimulus_presented | sessionId=795d903b-4e0a-4dec-ae55-81e2a9467271 | gameId=pulse_target_tap | reason=
2026-02-23T14:08:35.0962620+00:00 | eventType=interaction_event | sessionId=795d903b-4e0a-4dec-ae55-81e2a9467271 | gameId=pulse_target_tap | reason=
2026-02-23T14:08:35.1793890+00:00 | eventType=interaction_event | sessionId=795d903b-4e0a-4dec-ae55-81e2a9467271 | gameId=pulse_target_tap | reason=
2026-02-23T14:08:35.7763690+00:00 | eventType=interaction_event | sessionId=795d903b-4e0a-4dec-ae55-81e2a9467271 | gameId=pulse_target_tap | reason=
2026-02-23T14:08:35.7771710+00:00 | eventType=task_action_outcome | sessionId=795d903b-4e0a-4dec-ae55-81e2a9467271 | gameId=pulse_target_tap | reason=
2026-02-23T14:08:35.7776780+00:00 | eventType=interaction_event | sessionId=795d903b-4e0a-4dec-ae55-81e2a9467271 | gameId=pulse_target_tap | reason=
2026-02-23T14:08:35.7782200+00:00 | eventType=pulse_target_hit | sessionId=795d903b-4e0a-4dec-ae55-81e2a9467271 | gameId=pulse_target_tap | reason=
2026-02-23T14:08:35.7788170+00:00 | eventType=interaction_event | sessionId=795d903b-4e0a-4dec-ae55-81e2a9467271 | gameId=pulse_target_tap | reason=
2026-02-23T14:08:35.7793200+00:00 | eventType=pulse_targets_completed | sessionId=795d903b-4e0a-4dec-ae55-81e2a9467271 | gameId=pulse_target_tap | reason=
2026-02-23T14:08:35.7797470+00:00 | eventType=interaction_event | sessionId=795d903b-4e0a-4dec-ae55-81e2a9467271 | gameId=pulse_target_tap | reason=
2026-02-23T14:08:35.7801990+00:00 | eventType=game_stopped | sessionId=795d903b-4e0a-4dec-ae55-81e2a9467271 | gameId=pulse_target_tap | reason=Completed
2026-02-23T14:08:35.7806250+00:00 | eventType=interaction_event | sessionId=795d903b-4e0a-4dec-ae55-81e2a9467271 | gameId=pulse_target_tap | reason=Completed
2026-02-23T14:08:35.7814720+00:00 | eventType=task_outcome_summary | sessionId=795d903b-4e0a-4dec-ae55-81e2a9467271 | gameId=pulse_target_tap | reason=
2026-02-23T14:08:35.7819760+00:00 | eventType=interaction_event | sessionId=795d903b-4e0a-4dec-ae55-81e2a9467271 | gameId=pulse_target_tap | reason=
2026-02-23T14:08:35.7824880+00:00 | eventType=task_label_generated | sessionId=795d903b-4e0a-4dec-ae55-81e2a9467271 | gameId=pulse_target_tap | reason=
2026-02-23T14:08:35.7829600+00:00 | eventType=interaction_event | sessionId=795d903b-4e0a-4dec-ae55-81e2a9467271 | gameId=pulse_target_tap | reason=
2026-02-23T14:08:35.7845460+00:00 | eventType=interaction_event | sessionId=795d903b-4e0a-4dec-ae55-81e2a9467271 | gameId=pulse_target_tap | reason=
2026-02-23T14:08:35.7852020+00:00 | eventType=pointer_shot | sessionId=795d903b-4e0a-4dec-ae55-81e2a9467271 | gameId=pulse_target_tap | reason=
2026-02-23T14:08:35.7860130+00:00 | eventType=interaction_event | sessionId=795d903b-4e0a-4dec-ae55-81e2a9467271 | gameId=pulse_target_tap | reason=
2026-02-23T14:08:35.7912460+00:00 | eventType=game_end | sessionId=fb615a43-9128-4457-957b-e34fdec56b3f | gameId=pulse_target_tap | reason=Completed
2026-02-23T14:08:35.7920130+00:00 | eventType=game_result | sessionId=fb615a43-9128-4457-957b-e34fdec56b3f | gameId=pulse_target_tap | reason=
2026-02-23T14:08:35.7926730+00:00 | eventType=session_stop | sessionId=fb615a43-9128-4457-957b-e34fdec56b3f | gameId=pulse_target_tap | reason=ACTIVE_GAME_COMPLETED
2026-02-23T14:08:35.8870260+00:00 | eventType=interaction_event | sessionId=fb615a43-9128-4457-957b-e34fdec56b3f | gameId=pulse_target_tap | reason=
2026-02-23T14:08:40.0029390+00:00 | eventType=config_updated | sessionId=fb615a43-9128-4457-957b-e34fdec56b3f | gameId=pulse_target_tap | reason=
2026-02-23T14:08:40.0038560+00:00 | eventType=interaction_event | sessionId=fb615a43-9128-4457-957b-e34fdec56b3f | gameId=pulse_target_tap | reason=
2026-02-23T14:08:40.0053010+00:00 | eventType=game_initialized | sessionId=fb615a43-9128-4457-957b-e34fdec56b3f | gameId=pulse_target_tap | reason=
2026-02-23T14:08:40.0076880+00:00 | eventType=interaction_event | sessionId=fb615a43-9128-4457-957b-e34fdec56b3f | gameId=pulse_target_tap | reason=
2026-02-23T14:08:40.0084210+00:00 | eventType=task_run_started | sessionId=fb615a43-9128-4457-957b-e34fdec56b3f | gameId=pulse_target_tap | reason=
2026-02-23T14:08:40.0089980+00:00 | eventType=interaction_event | sessionId=fb615a43-9128-4457-957b-e34fdec56b3f | gameId=pulse_target_tap | reason=
2026-02-23T14:08:40.0095730+00:00 | eventType=pulse_targets_config | sessionId=fb615a43-9128-4457-957b-e34fdec56b3f | gameId=pulse_target_tap | reason=
2026-02-23T14:08:40.0101750+00:00 | eventType=interaction_event | sessionId=fb615a43-9128-4457-957b-e34fdec56b3f | gameId=pulse_target_tap | reason=
2026-02-23T14:08:40.0107180+00:00 | eventType=game_started | sessionId=fb615a43-9128-4457-957b-e34fdec56b3f | gameId=pulse_target_tap | reason=
2026-02-23T14:08:40.0117040+00:00 | eventType=interaction_event | sessionId=fb615a43-9128-4457-957b-e34fdec56b3f | gameId=pulse_target_tap | reason=
2026-02-23T14:08:40.0124720+00:00 | eventType=pulse_target_spawned | sessionId=fb615a43-9128-4457-957b-e34fdec56b3f | gameId=pulse_target_tap | reason=
2026-02-23T14:08:40.0129690+00:00 | eventType=interaction_event | sessionId=fb615a43-9128-4457-957b-e34fdec56b3f | gameId=pulse_target_tap | reason=
2026-02-23T14:08:40.0141390+00:00 | eventType=game_start | sessionId=fb615a43-9128-4457-957b-e34fdec56b3f | gameId=pulse_target_tap | reason=
2026-02-23T14:08:40.0145780+00:00 | eventType=session_start | sessionId=fb615a43-9128-4457-957b-e34fdec56b3f | gameId=pulse_target_tap | reason=START_GAME
2026-02-23T14:08:40.0151560+00:00 | eventType=task_stimulus_presented | sessionId=fb615a43-9128-4457-957b-e34fdec56b3f | gameId=pulse_target_tap | reason=
2026-02-23T14:08:40.0155900+00:00 | eventType=interaction_event | sessionId=fb615a43-9128-4457-957b-e34fdec56b3f | gameId=pulse_target_tap | reason=
2026-02-23T14:08:42.4287570+00:00 | eventType=task_action_outcome | sessionId=fb615a43-9128-4457-957b-e34fdec56b3f | gameId=pulse_target_tap | reason=
2026-02-23T14:08:42.4295860+00:00 | eventType=interaction_event | sessionId=fb615a43-9128-4457-957b-e34fdec56b3f | gameId=pulse_target_tap | reason=
2026-02-23T14:08:42.4301130+00:00 | eventType=adaptive_difficulty_adjusted | sessionId=fb615a43-9128-4457-957b-e34fdec56b3f | gameId=pulse_target_tap | reason=
2026-02-23T14:08:42.4309160+00:00 | eventType=interaction_event | sessionId=fb615a43-9128-4457-957b-e34fdec56b3f | gameId=pulse_target_tap | reason=
2026-02-23T14:08:42.6926510+00:00 | eventType=interaction_event | sessionId=fb615a43-9128-4457-957b-e34fdec56b3f | gameId=pulse_target_tap | reason=
2026-02-23T14:08:42.6935000+00:00 | eventType=task_action_outcome | sessionId=fb615a43-9128-4457-957b-e34fdec56b3f | gameId=pulse_target_tap | reason=
2026-02-23T14:08:42.6940400+00:00 | eventType=interaction_event | sessionId=fb615a43-9128-4457-957b-e34fdec56b3f | gameId=pulse_target_tap | reason=
2026-02-23T14:08:42.6945430+00:00 | eventType=adaptive_difficulty_adjusted | sessionId=fb615a43-9128-4457-957b-e34fdec56b3f | gameId=pulse_target_tap | reason=
2026-02-23T14:08:42.6950460+00:00 | eventType=interaction_event | sessionId=fb615a43-9128-4457-957b-e34fdec56b3f | gameId=pulse_target_tap | reason=
2026-02-23T14:08:42.6955980+00:00 | eventType=pulse_target_hit | sessionId=fb615a43-9128-4457-957b-e34fdec56b3f | gameId=pulse_target_tap | reason=
2026-02-23T14:08:42.6960340+00:00 | eventType=interaction_event | sessionId=fb615a43-9128-4457-957b-e34fdec56b3f | gameId=pulse_target_tap | reason=
2026-02-23T14:08:42.6967880+00:00 | eventType=pulse_target_spawned | sessionId=fb615a43-9128-4457-957b-e34fdec56b3f | gameId=pulse_target_tap | reason=
2026-02-23T14:08:42.6972070+00:00 | eventType=interaction_event | sessionId=fb615a43-9128-4457-957b-e34fdec56b3f | gameId=pulse_target_tap | reason=
2026-02-23T14:08:42.6981000+00:00 | eventType=interaction_event | sessionId=fb615a43-9128-4457-957b-e34fdec56b3f | gameId=pulse_target_tap | reason=
2026-02-23T14:08:42.6988910+00:00 | eventType=pointer_shot | sessionId=fb615a43-9128-4457-957b-e34fdec56b3f | gameId=pulse_target_tap | reason=
2026-02-23T14:08:42.6993590+00:00 | eventType=interaction_event | sessionId=fb615a43-9128-4457-957b-e34fdec56b3f | gameId=pulse_target_tap | reason=
2026-02-23T14:08:42.7061110+00:00 | eventType=task_stimulus_presented | sessionId=fb615a43-9128-4457-957b-e34fdec56b3f | gameId=pulse_target_tap | reason=
2026-02-23T14:08:42.7069090+00:00 | eventType=interaction_event | sessionId=fb615a43-9128-4457-957b-e34fdec56b3f | gameId=pulse_target_tap | reason=
2026-02-23T14:08:42.8311120+00:00 | eventType=interaction_event | sessionId=fb615a43-9128-4457-957b-e34fdec56b3f | gameId=pulse_target_tap | reason=
2026-02-23T14:08:44.2063900+00:00 | eventType=interaction_event | sessionId=fb615a43-9128-4457-957b-e34fdec56b3f | gameId=pulse_target_tap | reason=
2026-02-23T14:08:44.2071660+00:00 | eventType=interaction_event | sessionId=fb615a43-9128-4457-957b-e34fdec56b3f | gameId=pulse_target_tap | reason=
2026-02-23T14:08:44.2076410+00:00 | eventType=pointer_shot | sessionId=fb615a43-9128-4457-957b-e34fdec56b3f | gameId=pulse_target_tap | reason=
2026-02-23T14:08:44.2081170+00:00 | eventType=interaction_event | sessionId=fb615a43-9128-4457-957b-e34fdec56b3f | gameId=pulse_target_tap | reason=
2026-02-23T14:08:44.3177160+00:00 | eventType=interaction_event | sessionId=fb615a43-9128-4457-957b-e34fdec56b3f | gameId=pulse_target_tap | reason=
2026-02-23T14:08:44.6928020+00:00 | eventType=interaction_event | sessionId=fb615a43-9128-4457-957b-e34fdec56b3f | gameId=pulse_target_tap | reason=
2026-02-23T14:08:44.6935380+00:00 | eventType=task_action_outcome | sessionId=fb615a43-9128-4457-957b-e34fdec56b3f | gameId=pulse_target_tap | reason=
2026-02-23T14:08:44.6940430+00:00 | eventType=interaction_event | sessionId=fb615a43-9128-4457-957b-e34fdec56b3f | gameId=pulse_target_tap | reason=
2026-02-23T14:08:44.6945390+00:00 | eventType=adaptive_difficulty_adjusted | sessionId=fb615a43-9128-4457-957b-e34fdec56b3f | gameId=pulse_target_tap | reason=
2026-02-23T14:08:44.6950290+00:00 | eventType=interaction_event | sessionId=fb615a43-9128-4457-957b-e34fdec56b3f | gameId=pulse_target_tap | reason=
2026-02-23T14:08:44.6955480+00:00 | eventType=pulse_target_hit | sessionId=fb615a43-9128-4457-957b-e34fdec56b3f | gameId=pulse_target_tap | reason=
2026-02-23T14:08:44.6959860+00:00 | eventType=interaction_event | sessionId=fb615a43-9128-4457-957b-e34fdec56b3f | gameId=pulse_target_tap | reason=
2026-02-23T14:08:44.6966500+00:00 | eventType=pulse_target_spawned | sessionId=fb615a43-9128-4457-957b-e34fdec56b3f | gameId=pulse_target_tap | reason=
2026-02-23T14:08:44.6970820+00:00 | eventType=interaction_event | sessionId=fb615a43-9128-4457-957b-e34fdec56b3f | gameId=pulse_target_tap | reason=
2026-02-23T14:08:44.6979500+00:00 | eventType=interaction_event | sessionId=fb615a43-9128-4457-957b-e34fdec56b3f | gameId=pulse_target_tap | reason=
2026-02-23T14:08:44.6984170+00:00 | eventType=pointer_shot | sessionId=fb615a43-9128-4457-957b-e34fdec56b3f | gameId=pulse_target_tap | reason=
2026-02-23T14:08:44.6989110+00:00 | eventType=interaction_event | sessionId=fb615a43-9128-4457-957b-e34fdec56b3f | gameId=pulse_target_tap | reason=
2026-02-23T14:08:44.7063410+00:00 | eventType=task_stimulus_presented | sessionId=fb615a43-9128-4457-957b-e34fdec56b3f | gameId=pulse_target_tap | reason=
2026-02-23T14:08:44.7070180+00:00 | eventType=interaction_event | sessionId=fb615a43-9128-4457-957b-e34fdec56b3f | gameId=pulse_target_tap | reason=
2026-02-23T14:08:44.8455300+00:00 | eventType=interaction_event | sessionId=fb615a43-9128-4457-957b-e34fdec56b3f | gameId=pulse_target_tap | reason=
2026-02-23T14:08:46.4012930+00:00 | eventType=interaction_event | sessionId=fb615a43-9128-4457-957b-e34fdec56b3f | gameId=pulse_target_tap | reason=
2026-02-23T14:08:46.4020800+00:00 | eventType=task_action_outcome | sessionId=fb615a43-9128-4457-957b-e34fdec56b3f | gameId=pulse_target_tap | reason=
2026-02-23T14:08:46.4026110+00:00 | eventType=interaction_event | sessionId=fb615a43-9128-4457-957b-e34fdec56b3f | gameId=pulse_target_tap | reason=
2026-02-23T14:08:46.4031080+00:00 | eventType=adaptive_difficulty_adjusted | sessionId=fb615a43-9128-4457-957b-e34fdec56b3f | gameId=pulse_target_tap | reason=
2026-02-23T14:08:46.4039240+00:00 | eventType=interaction_event | sessionId=fb615a43-9128-4457-957b-e34fdec56b3f | gameId=pulse_target_tap | reason=
2026-02-23T14:08:46.4044200+00:00 | eventType=pulse_target_hit | sessionId=fb615a43-9128-4457-957b-e34fdec56b3f | gameId=pulse_target_tap | reason=
2026-02-23T14:08:46.4048470+00:00 | eventType=interaction_event | sessionId=fb615a43-9128-4457-957b-e34fdec56b3f | gameId=pulse_target_tap | reason=
2026-02-23T14:08:46.4055430+00:00 | eventType=pulse_target_spawned | sessionId=fb615a43-9128-4457-957b-e34fdec56b3f | gameId=pulse_target_tap | reason=
2026-02-23T14:08:46.4059880+00:00 | eventType=interaction_event | sessionId=fb615a43-9128-4457-957b-e34fdec56b3f | gameId=pulse_target_tap | reason=
2026-02-23T14:08:46.4064990+00:00 | eventType=interaction_event | sessionId=fb615a43-9128-4457-957b-e34fdec56b3f | gameId=pulse_target_tap | reason=
2026-02-23T14:08:46.4069670+00:00 | eventType=pointer_shot | sessionId=fb615a43-9128-4457-957b-e34fdec56b3f | gameId=pulse_target_tap | reason=
2026-02-23T14:08:46.4094680+00:00 | eventType=interaction_event | sessionId=fb615a43-9128-4457-957b-e34fdec56b3f | gameId=pulse_target_tap | reason=
2026-02-23T14:08:46.4149230+00:00 | eventType=task_stimulus_presented | sessionId=fb615a43-9128-4457-957b-e34fdec56b3f | gameId=pulse_target_tap | reason=
2026-02-23T14:08:46.4156470+00:00 | eventType=interaction_event | sessionId=fb615a43-9128-4457-957b-e34fdec56b3f | gameId=pulse_target_tap | reason=
2026-02-23T14:08:46.4986650+00:00 | eventType=interaction_event | sessionId=fb615a43-9128-4457-957b-e34fdec56b3f | gameId=pulse_target_tap | reason=
2026-02-23T14:08:47.4708380+00:00 | eventType=interaction_event | sessionId=fb615a43-9128-4457-957b-e34fdec56b3f | gameId=pulse_target_tap | reason=
2026-02-23T14:08:47.4717850+00:00 | eventType=task_action_outcome | sessionId=fb615a43-9128-4457-957b-e34fdec56b3f | gameId=pulse_target_tap | reason=
2026-02-23T14:08:47.4723200+00:00 | eventType=interaction_event | sessionId=fb615a43-9128-4457-957b-e34fdec56b3f | gameId=pulse_target_tap | reason=
2026-02-23T14:08:47.4728360+00:00 | eventType=pulse_target_hit | sessionId=fb615a43-9128-4457-957b-e34fdec56b3f | gameId=pulse_target_tap | reason=
2026-02-23T14:08:47.4732840+00:00 | eventType=interaction_event | sessionId=fb615a43-9128-4457-957b-e34fdec56b3f | gameId=pulse_target_tap | reason=
2026-02-23T14:08:47.4740010+00:00 | eventType=pulse_target_spawned | sessionId=fb615a43-9128-4457-957b-e34fdec56b3f | gameId=pulse_target_tap | reason=
2026-02-23T14:08:47.4744490+00:00 | eventType=interaction_event | sessionId=fb615a43-9128-4457-957b-e34fdec56b3f | gameId=pulse_target_tap | reason=
2026-02-23T14:08:47.4749760+00:00 | eventType=interaction_event | sessionId=fb615a43-9128-4457-957b-e34fdec56b3f | gameId=pulse_target_tap | reason=
2026-02-23T14:08:47.4754070+00:00 | eventType=pointer_shot | sessionId=fb615a43-9128-4457-957b-e34fdec56b3f | gameId=pulse_target_tap | reason=
2026-02-23T14:08:47.4765100+00:00 | eventType=interaction_event | sessionId=fb615a43-9128-4457-957b-e34fdec56b3f | gameId=pulse_target_tap | reason=
2026-02-23T14:08:47.4838400+00:00 | eventType=task_stimulus_presented | sessionId=fb615a43-9128-4457-957b-e34fdec56b3f | gameId=pulse_target_tap | reason=
2026-02-23T14:08:47.4845510+00:00 | eventType=interaction_event | sessionId=fb615a43-9128-4457-957b-e34fdec56b3f | gameId=pulse_target_tap | reason=
2026-02-23T14:08:47.6508950+00:00 | eventType=interaction_event | sessionId=fb615a43-9128-4457-957b-e34fdec56b3f | gameId=pulse_target_tap | reason=
2026-02-23T14:08:48.2761690+00:00 | eventType=interaction_event | sessionId=fb615a43-9128-4457-957b-e34fdec56b3f | gameId=pulse_target_tap | reason=
2026-02-23T14:08:48.2769810+00:00 | eventType=task_action_outcome | sessionId=fb615a43-9128-4457-957b-e34fdec56b3f | gameId=pulse_target_tap | reason=
2026-02-23T14:08:48.2786970+00:00 | eventType=interaction_event | sessionId=fb615a43-9128-4457-957b-e34fdec56b3f | gameId=pulse_target_tap | reason=
2026-02-23T14:08:48.2793140+00:00 | eventType=pulse_target_hit | sessionId=fb615a43-9128-4457-957b-e34fdec56b3f | gameId=pulse_target_tap | reason=
2026-02-23T14:08:48.2799050+00:00 | eventType=interaction_event | sessionId=fb615a43-9128-4457-957b-e34fdec56b3f | gameId=pulse_target_tap | reason=
2026-02-23T14:08:48.2808930+00:00 | eventType=pulse_target_spawned | sessionId=fb615a43-9128-4457-957b-e34fdec56b3f | gameId=pulse_target_tap | reason=
2026-02-23T14:08:48.2828240+00:00 | eventType=interaction_event | sessionId=fb615a43-9128-4457-957b-e34fdec56b3f | gameId=pulse_target_tap | reason=
2026-02-23T14:08:48.2833590+00:00 | eventType=interaction_event | sessionId=fb615a43-9128-4457-957b-e34fdec56b3f | gameId=pulse_target_tap | reason=
2026-02-23T14:08:48.2838460+00:00 | eventType=pointer_shot | sessionId=fb615a43-9128-4457-957b-e34fdec56b3f | gameId=pulse_target_tap | reason=
2026-02-23T14:08:48.2842830+00:00 | eventType=interaction_event | sessionId=fb615a43-9128-4457-957b-e34fdec56b3f | gameId=pulse_target_tap | reason=
2026-02-23T14:08:48.2897750+00:00 | eventType=task_stimulus_presented | sessionId=fb615a43-9128-4457-957b-e34fdec56b3f | gameId=pulse_target_tap | reason=
2026-02-23T14:08:48.2903630+00:00 | eventType=interaction_event | sessionId=fb615a43-9128-4457-957b-e34fdec56b3f | gameId=pulse_target_tap | reason=
2026-02-23T14:08:48.3870280+00:00 | eventType=interaction_event | sessionId=fb615a43-9128-4457-957b-e34fdec56b3f | gameId=pulse_target_tap | reason=
2026-02-23T14:08:49.7066940+00:00 | eventType=interaction_event | sessionId=fb615a43-9128-4457-957b-e34fdec56b3f | gameId=pulse_target_tap | reason=
2026-02-23T14:08:49.7074950+00:00 | eventType=task_action_outcome | sessionId=fb615a43-9128-4457-957b-e34fdec56b3f | gameId=pulse_target_tap | reason=
2026-02-23T14:08:49.7080580+00:00 | eventType=interaction_event | sessionId=fb615a43-9128-4457-957b-e34fdec56b3f | gameId=pulse_target_tap | reason=
2026-02-23T14:08:49.7090080+00:00 | eventType=pulse_target_hit | sessionId=fb615a43-9128-4457-957b-e34fdec56b3f | gameId=pulse_target_tap | reason=
2026-02-23T14:08:49.7094500+00:00 | eventType=interaction_event | sessionId=fb615a43-9128-4457-957b-e34fdec56b3f | gameId=pulse_target_tap | reason=
2026-02-23T14:08:49.7101100+00:00 | eventType=pulse_target_spawned | sessionId=fb615a43-9128-4457-957b-e34fdec56b3f | gameId=pulse_target_tap | reason=
2026-02-23T14:08:49.7105360+00:00 | eventType=interaction_event | sessionId=fb615a43-9128-4457-957b-e34fdec56b3f | gameId=pulse_target_tap | reason=
2026-02-23T14:08:49.7110360+00:00 | eventType=interaction_event | sessionId=fb615a43-9128-4457-957b-e34fdec56b3f | gameId=pulse_target_tap | reason=
2026-02-23T14:08:49.7115290+00:00 | eventType=pointer_shot | sessionId=fb615a43-9128-4457-957b-e34fdec56b3f | gameId=pulse_target_tap | reason=
2026-02-23T14:08:49.7120830+00:00 | eventType=interaction_event | sessionId=fb615a43-9128-4457-957b-e34fdec56b3f | gameId=pulse_target_tap | reason=
2026-02-23T14:08:49.7206790+00:00 | eventType=task_stimulus_presented | sessionId=fb615a43-9128-4457-957b-e34fdec56b3f | gameId=pulse_target_tap | reason=
2026-02-23T14:08:49.7213530+00:00 | eventType=interaction_event | sessionId=fb615a43-9128-4457-957b-e34fdec56b3f | gameId=pulse_target_tap | reason=
2026-02-23T14:08:49.8177610+00:00 | eventType=interaction_event | sessionId=fb615a43-9128-4457-957b-e34fdec56b3f | gameId=pulse_target_tap | reason=
2026-02-23T14:08:50.8871100+00:00 | eventType=interaction_event | sessionId=fb615a43-9128-4457-957b-e34fdec56b3f | gameId=pulse_target_tap | reason=
2026-02-23T14:08:50.8878880+00:00 | eventType=task_action_outcome | sessionId=fb615a43-9128-4457-957b-e34fdec56b3f | gameId=pulse_target_tap | reason=
2026-02-23T14:08:50.8884360+00:00 | eventType=interaction_event | sessionId=fb615a43-9128-4457-957b-e34fdec56b3f | gameId=pulse_target_tap | reason=
2026-02-23T14:08:50.8889470+00:00 | eventType=pulse_target_hit | sessionId=fb615a43-9128-4457-957b-e34fdec56b3f | gameId=pulse_target_tap | reason=
2026-02-23T14:08:50.8893820+00:00 | eventType=interaction_event | sessionId=fb615a43-9128-4457-957b-e34fdec56b3f | gameId=pulse_target_tap | reason=
2026-02-23T14:08:50.8900230+00:00 | eventType=pulse_target_spawned | sessionId=fb615a43-9128-4457-957b-e34fdec56b3f | gameId=pulse_target_tap | reason=
2026-02-23T14:08:50.8904580+00:00 | eventType=interaction_event | sessionId=fb615a43-9128-4457-957b-e34fdec56b3f | gameId=pulse_target_tap | reason=
2026-02-23T14:08:50.8909520+00:00 | eventType=interaction_event | sessionId=fb615a43-9128-4457-957b-e34fdec56b3f | gameId=pulse_target_tap | reason=
2026-02-23T14:08:50.8913940+00:00 | eventType=pointer_shot | sessionId=fb615a43-9128-4457-957b-e34fdec56b3f | gameId=pulse_target_tap | reason=
2026-02-23T14:08:50.8918690+00:00 | eventType=interaction_event | sessionId=fb615a43-9128-4457-957b-e34fdec56b3f | gameId=pulse_target_tap | reason=
2026-02-23T14:08:50.9012160+00:00 | eventType=task_stimulus_presented | sessionId=fb615a43-9128-4457-957b-e34fdec56b3f | gameId=pulse_target_tap | reason=
2026-02-23T14:08:50.9018800+00:00 | eventType=interaction_event | sessionId=fb615a43-9128-4457-957b-e34fdec56b3f | gameId=pulse_target_tap | reason=
2026-02-23T14:08:51.0127250+00:00 | eventType=interaction_event | sessionId=fb615a43-9128-4457-957b-e34fdec56b3f | gameId=pulse_target_tap | reason=
2026-02-23T14:08:53.9152770+00:00 | eventType=interaction_event | sessionId=fb615a43-9128-4457-957b-e34fdec56b3f | gameId=pulse_target_tap | reason=
2026-02-23T14:08:53.9160320+00:00 | eventType=task_action_outcome | sessionId=fb615a43-9128-4457-957b-e34fdec56b3f | gameId=pulse_target_tap | reason=
2026-02-23T14:08:53.9165270+00:00 | eventType=interaction_event | sessionId=fb615a43-9128-4457-957b-e34fdec56b3f | gameId=pulse_target_tap | reason=
2026-02-23T14:08:53.9170280+00:00 | eventType=pulse_target_hit | sessionId=fb615a43-9128-4457-957b-e34fdec56b3f | gameId=pulse_target_tap | reason=
2026-02-23T14:08:53.9175000+00:00 | eventType=interaction_event | sessionId=fb615a43-9128-4457-957b-e34fdec56b3f | gameId=pulse_target_tap | reason=
2026-02-23T14:08:53.9181770+00:00 | eventType=pulse_target_spawned | sessionId=fb615a43-9128-4457-957b-e34fdec56b3f | gameId=pulse_target_tap | reason=
2026-02-23T14:08:53.9186400+00:00 | eventType=interaction_event | sessionId=fb615a43-9128-4457-957b-e34fdec56b3f | gameId=pulse_target_tap | reason=
2026-02-23T14:08:53.9195240+00:00 | eventType=interaction_event | sessionId=fb615a43-9128-4457-957b-e34fdec56b3f | gameId=pulse_target_tap | reason=
2026-02-23T14:08:53.9199580+00:00 | eventType=pointer_shot | sessionId=fb615a43-9128-4457-957b-e34fdec56b3f | gameId=pulse_target_tap | reason=
2026-02-23T14:08:53.9203790+00:00 | eventType=interaction_event | sessionId=fb615a43-9128-4457-957b-e34fdec56b3f | gameId=pulse_target_tap | reason=
2026-02-23T14:08:53.9285910+00:00 | eventType=task_stimulus_presented | sessionId=fb615a43-9128-4457-957b-e34fdec56b3f | gameId=pulse_target_tap | reason=
2026-02-23T14:08:53.9292550+00:00 | eventType=interaction_event | sessionId=fb615a43-9128-4457-957b-e34fdec56b3f | gameId=pulse_target_tap | reason=
2026-02-23T14:08:54.0539180+00:00 | eventType=interaction_event | sessionId=fb615a43-9128-4457-957b-e34fdec56b3f | gameId=pulse_target_tap | reason=
2026-02-23T14:08:54.6647710+00:00 | eventType=interaction_event | sessionId=fb615a43-9128-4457-957b-e34fdec56b3f | gameId=pulse_target_tap | reason=
2026-02-23T14:08:54.6655720+00:00 | eventType=task_action_outcome | sessionId=fb615a43-9128-4457-957b-e34fdec56b3f | gameId=pulse_target_tap | reason=
2026-02-23T14:08:54.6660750+00:00 | eventType=interaction_event | sessionId=fb615a43-9128-4457-957b-e34fdec56b3f | gameId=pulse_target_tap | reason=
2026-02-23T14:08:54.6665780+00:00 | eventType=pulse_target_hit | sessionId=fb615a43-9128-4457-957b-e34fdec56b3f | gameId=pulse_target_tap | reason=
2026-02-23T14:08:54.6673530+00:00 | eventType=interaction_event | sessionId=fb615a43-9128-4457-957b-e34fdec56b3f | gameId=pulse_target_tap | reason=
2026-02-23T14:08:54.6680510+00:00 | eventType=pulse_target_spawned | sessionId=fb615a43-9128-4457-957b-e34fdec56b3f | gameId=pulse_target_tap | reason=
2026-02-23T14:08:54.6685080+00:00 | eventType=interaction_event | sessionId=fb615a43-9128-4457-957b-e34fdec56b3f | gameId=pulse_target_tap | reason=
2026-02-23T14:08:54.6689930+00:00 | eventType=interaction_event | sessionId=fb615a43-9128-4457-957b-e34fdec56b3f | gameId=pulse_target_tap | reason=
2026-02-23T14:08:54.6694270+00:00 | eventType=pointer_shot | sessionId=fb615a43-9128-4457-957b-e34fdec56b3f | gameId=pulse_target_tap | reason=
2026-02-23T14:08:54.6698490+00:00 | eventType=interaction_event | sessionId=fb615a43-9128-4457-957b-e34fdec56b3f | gameId=pulse_target_tap | reason=
2026-02-23T14:08:54.6789490+00:00 | eventType=task_stimulus_presented | sessionId=fb615a43-9128-4457-957b-e34fdec56b3f | gameId=pulse_target_tap | reason=
2026-02-23T14:08:54.6813140+00:00 | eventType=interaction_event | sessionId=fb615a43-9128-4457-957b-e34fdec56b3f | gameId=pulse_target_tap | reason=
2026-02-23T14:08:54.8037250+00:00 | eventType=interaction_event | sessionId=fb615a43-9128-4457-957b-e34fdec56b3f | gameId=pulse_target_tap | reason=
2026-02-23T14:08:55.2901710+00:00 | eventType=interaction_event | sessionId=fb615a43-9128-4457-957b-e34fdec56b3f | gameId=pulse_target_tap | reason=
2026-02-23T14:08:55.2913280+00:00 | eventType=task_action_outcome | sessionId=fb615a43-9128-4457-957b-e34fdec56b3f | gameId=pulse_target_tap | reason=
2026-02-23T14:08:55.2918460+00:00 | eventType=interaction_event | sessionId=fb615a43-9128-4457-957b-e34fdec56b3f | gameId=pulse_target_tap | reason=
2026-02-23T14:08:55.2923410+00:00 | eventType=pulse_target_hit | sessionId=fb615a43-9128-4457-957b-e34fdec56b3f | gameId=pulse_target_tap | reason=
2026-02-23T14:08:55.2927970+00:00 | eventType=interaction_event | sessionId=fb615a43-9128-4457-957b-e34fdec56b3f | gameId=pulse_target_tap | reason=
2026-02-23T14:08:55.2934420+00:00 | eventType=pulse_target_spawned | sessionId=fb615a43-9128-4457-957b-e34fdec56b3f | gameId=pulse_target_tap | reason=
2026-02-23T14:08:55.2938760+00:00 | eventType=interaction_event | sessionId=fb615a43-9128-4457-957b-e34fdec56b3f | gameId=pulse_target_tap | reason=
2026-02-23T14:08:55.2943880+00:00 | eventType=interaction_event | sessionId=fb615a43-9128-4457-957b-e34fdec56b3f | gameId=pulse_target_tap | reason=
2026-02-23T14:08:55.2948230+00:00 | eventType=pointer_shot | sessionId=fb615a43-9128-4457-957b-e34fdec56b3f | gameId=pulse_target_tap | reason=
2026-02-23T14:08:55.2953220+00:00 | eventType=interaction_event | sessionId=fb615a43-9128-4457-957b-e34fdec56b3f | gameId=pulse_target_tap | reason=
2026-02-23T14:08:55.3036840+00:00 | eventType=task_stimulus_presented | sessionId=fb615a43-9128-4457-957b-e34fdec56b3f | gameId=pulse_target_tap | reason=
2026-02-23T14:08:55.3046450+00:00 | eventType=interaction_event | sessionId=fb615a43-9128-4457-957b-e34fdec56b3f | gameId=pulse_target_tap | reason=
2026-02-23T14:08:55.3871010+00:00 | eventType=interaction_event | sessionId=fb615a43-9128-4457-957b-e34fdec56b3f | gameId=pulse_target_tap | reason=
2026-02-23T14:08:57.3177410+00:00 | eventType=interaction_event | sessionId=fb615a43-9128-4457-957b-e34fdec56b3f | gameId=pulse_target_tap | reason=
2026-02-23T14:08:57.3185310+00:00 | eventType=task_action_outcome | sessionId=fb615a43-9128-4457-957b-e34fdec56b3f | gameId=pulse_target_tap | reason=
2026-02-23T14:08:57.3190150+00:00 | eventType=interaction_event | sessionId=fb615a43-9128-4457-957b-e34fdec56b3f | gameId=pulse_target_tap | reason=
2026-02-23T14:08:57.3195090+00:00 | eventType=pulse_target_hit | sessionId=fb615a43-9128-4457-957b-e34fdec56b3f | gameId=pulse_target_tap | reason=
2026-02-23T14:08:57.3199240+00:00 | eventType=interaction_event | sessionId=fb615a43-9128-4457-957b-e34fdec56b3f | gameId=pulse_target_tap | reason=
2026-02-23T14:08:57.3205920+00:00 | eventType=pulse_target_spawned | sessionId=fb615a43-9128-4457-957b-e34fdec56b3f | gameId=pulse_target_tap | reason=
2026-02-23T14:08:57.3210850+00:00 | eventType=interaction_event | sessionId=fb615a43-9128-4457-957b-e34fdec56b3f | gameId=pulse_target_tap | reason=
2026-02-23T14:08:57.3216280+00:00 | eventType=interaction_event | sessionId=fb615a43-9128-4457-957b-e34fdec56b3f | gameId=pulse_target_tap | reason=
2026-02-23T14:08:57.3224440+00:00 | eventType=pointer_shot | sessionId=fb615a43-9128-4457-957b-e34fdec56b3f | gameId=pulse_target_tap | reason=
2026-02-23T14:08:57.3228870+00:00 | eventType=interaction_event | sessionId=fb615a43-9128-4457-957b-e34fdec56b3f | gameId=pulse_target_tap | reason=
2026-02-23T14:08:57.3314070+00:00 | eventType=task_stimulus_presented | sessionId=fb615a43-9128-4457-957b-e34fdec56b3f | gameId=pulse_target_tap | reason=
2026-02-23T14:08:57.3320940+00:00 | eventType=interaction_event | sessionId=fb615a43-9128-4457-957b-e34fdec56b3f | gameId=pulse_target_tap | reason=
2026-02-23T14:08:57.4568250+00:00 | eventType=interaction_event | sessionId=fb615a43-9128-4457-957b-e34fdec56b3f | gameId=pulse_target_tap | reason=
2026-02-23T14:08:58.5260250+00:00 | eventType=interaction_event | sessionId=fb615a43-9128-4457-957b-e34fdec56b3f | gameId=pulse_target_tap | reason=
2026-02-23T14:08:58.5267850+00:00 | eventType=task_action_outcome | sessionId=fb615a43-9128-4457-957b-e34fdec56b3f | gameId=pulse_target_tap | reason=
2026-02-23T14:08:58.5273110+00:00 | eventType=interaction_event | sessionId=fb615a43-9128-4457-957b-e34fdec56b3f | gameId=pulse_target_tap | reason=
2026-02-23T14:08:58.5278430+00:00 | eventType=pulse_target_hit | sessionId=fb615a43-9128-4457-957b-e34fdec56b3f | gameId=pulse_target_tap | reason=
2026-02-23T14:08:58.5283030+00:00 | eventType=interaction_event | sessionId=fb615a43-9128-4457-957b-e34fdec56b3f | gameId=pulse_target_tap | reason=
2026-02-23T14:08:58.5291460+00:00 | eventType=pulse_targets_completed | sessionId=fb615a43-9128-4457-957b-e34fdec56b3f | gameId=pulse_target_tap | reason=
2026-02-23T14:08:58.5295580+00:00 | eventType=interaction_event | sessionId=fb615a43-9128-4457-957b-e34fdec56b3f | gameId=pulse_target_tap | reason=
2026-02-23T14:08:58.5300050+00:00 | eventType=game_stopped | sessionId=fb615a43-9128-4457-957b-e34fdec56b3f | gameId=pulse_target_tap | reason=Completed
2026-02-23T14:08:58.5304250+00:00 | eventType=interaction_event | sessionId=fb615a43-9128-4457-957b-e34fdec56b3f | gameId=pulse_target_tap | reason=Completed
2026-02-23T14:08:58.5309030+00:00 | eventType=task_outcome_summary | sessionId=fb615a43-9128-4457-957b-e34fdec56b3f | gameId=pulse_target_tap | reason=
2026-02-23T14:08:58.5314160+00:00 | eventType=interaction_event | sessionId=fb615a43-9128-4457-957b-e34fdec56b3f | gameId=pulse_target_tap | reason=
2026-02-23T14:08:58.5319990+00:00 | eventType=task_label_generated | sessionId=fb615a43-9128-4457-957b-e34fdec56b3f | gameId=pulse_target_tap | reason=
2026-02-23T14:08:58.5325020+00:00 | eventType=interaction_event | sessionId=fb615a43-9128-4457-957b-e34fdec56b3f | gameId=pulse_target_tap | reason=
2026-02-23T14:08:58.5330620+00:00 | eventType=interaction_event | sessionId=fb615a43-9128-4457-957b-e34fdec56b3f | gameId=pulse_target_tap | reason=
2026-02-23T14:08:58.5356530+00:00 | eventType=pointer_shot | sessionId=fb615a43-9128-4457-957b-e34fdec56b3f | gameId=pulse_target_tap | reason=
2026-02-23T14:08:58.5364080+00:00 | eventType=interaction_event | sessionId=fb615a43-9128-4457-957b-e34fdec56b3f | gameId=pulse_target_tap | reason=
2026-02-23T14:08:58.5411100+00:00 | eventType=game_end | sessionId=4470caae-0801-4870-8435-339e4c963a76 | gameId=pulse_target_tap | reason=Completed
2026-02-23T14:08:58.5418510+00:00 | eventType=game_result | sessionId=4470caae-0801-4870-8435-339e4c963a76 | gameId=pulse_target_tap | reason=
2026-02-23T14:08:58.5424480+00:00 | eventType=session_stop | sessionId=4470caae-0801-4870-8435-339e4c963a76 | gameId=pulse_target_tap | reason=ACTIVE_GAME_COMPLETED
2026-02-23T14:08:58.6091640+00:00 | eventType=interaction_event | sessionId=4470caae-0801-4870-8435-339e4c963a76 | gameId=pulse_target_tap | reason=
2026-02-23T14:09:07.8468440+00:00 | eventType=config_updated | sessionId=4470caae-0801-4870-8435-339e4c963a76 | gameId=pulse_target_tap | reason=
2026-02-23T14:09:07.8474690+00:00 | eventType=interaction_event | sessionId=4470caae-0801-4870-8435-339e4c963a76 | gameId=pulse_target_tap | reason=
2026-02-23T14:09:07.8480130+00:00 | eventType=game_initialized | sessionId=4470caae-0801-4870-8435-339e4c963a76 | gameId=pulse_target_tap | reason=
2026-02-23T14:09:07.8485460+00:00 | eventType=interaction_event | sessionId=4470caae-0801-4870-8435-339e4c963a76 | gameId=pulse_target_tap | reason=
2026-02-23T14:09:07.8490940+00:00 | eventType=task_run_started | sessionId=4470caae-0801-4870-8435-339e4c963a76 | gameId=pulse_target_tap | reason=
2026-02-23T14:09:07.8496140+00:00 | eventType=interaction_event | sessionId=4470caae-0801-4870-8435-339e4c963a76 | gameId=pulse_target_tap | reason=
2026-02-23T14:09:07.8501570+00:00 | eventType=pulse_targets_config | sessionId=4470caae-0801-4870-8435-339e4c963a76 | gameId=pulse_target_tap | reason=
2026-02-23T14:09:07.8506690+00:00 | eventType=interaction_event | sessionId=4470caae-0801-4870-8435-339e4c963a76 | gameId=pulse_target_tap | reason=
2026-02-23T14:09:07.8512020+00:00 | eventType=game_started | sessionId=4470caae-0801-4870-8435-339e4c963a76 | gameId=pulse_target_tap | reason=
2026-02-23T14:09:07.8517620+00:00 | eventType=interaction_event | sessionId=4470caae-0801-4870-8435-339e4c963a76 | gameId=pulse_target_tap | reason=
2026-02-23T14:09:07.8529580+00:00 | eventType=pulse_target_spawned | sessionId=4470caae-0801-4870-8435-339e4c963a76 | gameId=pulse_target_tap | reason=
2026-02-23T14:09:07.8534150+00:00 | eventType=interaction_event | sessionId=4470caae-0801-4870-8435-339e4c963a76 | gameId=pulse_target_tap | reason=
2026-02-23T14:09:07.8547010+00:00 | eventType=game_start | sessionId=4470caae-0801-4870-8435-339e4c963a76 | gameId=pulse_target_tap | reason=
2026-02-23T14:09:07.8551690+00:00 | eventType=session_start | sessionId=4470caae-0801-4870-8435-339e4c963a76 | gameId=pulse_target_tap | reason=START_GAME
2026-02-23T14:09:07.8557640+00:00 | eventType=task_stimulus_presented | sessionId=4470caae-0801-4870-8435-339e4c963a76 | gameId=pulse_target_tap | reason=
2026-02-23T14:09:07.8561860+00:00 | eventType=interaction_event | sessionId=4470caae-0801-4870-8435-339e4c963a76 | gameId=pulse_target_tap | reason=
2026-02-23T14:09:08.9841840+00:00 | eventType=interaction_event | sessionId=4470caae-0801-4870-8435-339e4c963a76 | gameId=pulse_target_tap | reason=
2026-02-23T14:09:08.9849280+00:00 | eventType=task_action_outcome | sessionId=4470caae-0801-4870-8435-339e4c963a76 | gameId=pulse_target_tap | reason=
2026-02-23T14:09:08.9854670+00:00 | eventType=interaction_event | sessionId=4470caae-0801-4870-8435-339e4c963a76 | gameId=pulse_target_tap | reason=
2026-02-23T14:09:08.9879060+00:00 | eventType=pulse_target_hit | sessionId=4470caae-0801-4870-8435-339e4c963a76 | gameId=pulse_target_tap | reason=
2026-02-23T14:09:08.9887820+00:00 | eventType=interaction_event | sessionId=4470caae-0801-4870-8435-339e4c963a76 | gameId=pulse_target_tap | reason=
2026-02-23T14:09:08.9894590+00:00 | eventType=pulse_target_spawned | sessionId=4470caae-0801-4870-8435-339e4c963a76 | gameId=pulse_target_tap | reason=
2026-02-23T14:09:08.9898860+00:00 | eventType=interaction_event | sessionId=4470caae-0801-4870-8435-339e4c963a76 | gameId=pulse_target_tap | reason=
2026-02-23T14:09:08.9904200+00:00 | eventType=interaction_event | sessionId=4470caae-0801-4870-8435-339e4c963a76 | gameId=pulse_target_tap | reason=
2026-02-23T14:09:08.9908580+00:00 | eventType=pointer_shot | sessionId=4470caae-0801-4870-8435-339e4c963a76 | gameId=pulse_target_tap | reason=
2026-02-23T14:09:08.9913440+00:00 | eventType=interaction_event | sessionId=4470caae-0801-4870-8435-339e4c963a76 | gameId=pulse_target_tap | reason=
2026-02-23T14:09:08.9981680+00:00 | eventType=task_stimulus_presented | sessionId=4470caae-0801-4870-8435-339e4c963a76 | gameId=pulse_target_tap | reason=
2026-02-23T14:09:08.9988660+00:00 | eventType=interaction_event | sessionId=4470caae-0801-4870-8435-339e4c963a76 | gameId=pulse_target_tap | reason=
2026-02-23T14:09:09.0957420+00:00 | eventType=interaction_event | sessionId=4470caae-0801-4870-8435-339e4c963a76 | gameId=pulse_target_tap | reason=
2026-02-23T14:09:09.5540770+00:00 | eventType=interaction_event | sessionId=4470caae-0801-4870-8435-339e4c963a76 | gameId=pulse_target_tap | reason=
2026-02-23T14:09:09.5552680+00:00 | eventType=task_action_outcome | sessionId=4470caae-0801-4870-8435-339e4c963a76 | gameId=pulse_target_tap | reason=
2026-02-23T14:09:09.5557790+00:00 | eventType=interaction_event | sessionId=4470caae-0801-4870-8435-339e4c963a76 | gameId=pulse_target_tap | reason=
2026-02-23T14:09:09.5562690+00:00 | eventType=pulse_target_hit | sessionId=4470caae-0801-4870-8435-339e4c963a76 | gameId=pulse_target_tap | reason=
2026-02-23T14:09:09.5566730+00:00 | eventType=interaction_event | sessionId=4470caae-0801-4870-8435-339e4c963a76 | gameId=pulse_target_tap | reason=
2026-02-23T14:09:09.5573420+00:00 | eventType=pulse_target_spawned | sessionId=4470caae-0801-4870-8435-339e4c963a76 | gameId=pulse_target_tap | reason=
2026-02-23T14:09:09.5577790+00:00 | eventType=interaction_event | sessionId=4470caae-0801-4870-8435-339e4c963a76 | gameId=pulse_target_tap | reason=
2026-02-23T14:09:09.5583360+00:00 | eventType=interaction_event | sessionId=4470caae-0801-4870-8435-339e4c963a76 | gameId=pulse_target_tap | reason=
2026-02-23T14:09:09.5587730+00:00 | eventType=pointer_shot | sessionId=4470caae-0801-4870-8435-339e4c963a76 | gameId=pulse_target_tap | reason=
2026-02-23T14:09:09.5591760+00:00 | eventType=interaction_event | sessionId=4470caae-0801-4870-8435-339e4c963a76 | gameId=pulse_target_tap | reason=
2026-02-23T14:09:09.5676920+00:00 | eventType=task_stimulus_presented | sessionId=4470caae-0801-4870-8435-339e4c963a76 | gameId=pulse_target_tap | reason=
2026-02-23T14:09:09.5687140+00:00 | eventType=interaction_event | sessionId=4470caae-0801-4870-8435-339e4c963a76 | gameId=pulse_target_tap | reason=
2026-02-23T14:09:09.6793290+00:00 | eventType=interaction_event | sessionId=4470caae-0801-4870-8435-339e4c963a76 | gameId=pulse_target_tap | reason=
2026-02-23T14:09:10.4151620+00:00 | eventType=interaction_event | sessionId=4470caae-0801-4870-8435-339e4c963a76 | gameId=pulse_target_tap | reason=
2026-02-23T14:09:10.4159890+00:00 | eventType=task_action_outcome | sessionId=4470caae-0801-4870-8435-339e4c963a76 | gameId=pulse_target_tap | reason=
2026-02-23T14:09:10.4165170+00:00 | eventType=interaction_event | sessionId=4470caae-0801-4870-8435-339e4c963a76 | gameId=pulse_target_tap | reason=
2026-02-23T14:09:10.4188080+00:00 | eventType=pulse_target_hit | sessionId=4470caae-0801-4870-8435-339e4c963a76 | gameId=pulse_target_tap | reason=
2026-02-23T14:09:10.4192280+00:00 | eventType=interaction_event | sessionId=4470caae-0801-4870-8435-339e4c963a76 | gameId=pulse_target_tap | reason=
2026-02-23T14:09:10.4197310+00:00 | eventType=pulse_targets_completed | sessionId=4470caae-0801-4870-8435-339e4c963a76 | gameId=pulse_target_tap | reason=
2026-02-23T14:09:10.4201390+00:00 | eventType=interaction_event | sessionId=4470caae-0801-4870-8435-339e4c963a76 | gameId=pulse_target_tap | reason=
2026-02-23T14:09:10.4205630+00:00 | eventType=game_stopped | sessionId=4470caae-0801-4870-8435-339e4c963a76 | gameId=pulse_target_tap | reason=Completed
2026-02-23T14:09:10.4213390+00:00 | eventType=interaction_event | sessionId=4470caae-0801-4870-8435-339e4c963a76 | gameId=pulse_target_tap | reason=Completed
2026-02-23T14:09:10.4218360+00:00 | eventType=task_outcome_summary | sessionId=4470caae-0801-4870-8435-339e4c963a76 | gameId=pulse_target_tap | reason=
2026-02-23T14:09:10.4222890+00:00 | eventType=interaction_event | sessionId=4470caae-0801-4870-8435-339e4c963a76 | gameId=pulse_target_tap | reason=
2026-02-23T14:09:10.4227810+00:00 | eventType=task_label_generated | sessionId=4470caae-0801-4870-8435-339e4c963a76 | gameId=pulse_target_tap | reason=
2026-02-23T14:09:10.4232230+00:00 | eventType=interaction_event | sessionId=4470caae-0801-4870-8435-339e4c963a76 | gameId=pulse_target_tap | reason=
2026-02-23T14:09:10.4238630+00:00 | eventType=interaction_event | sessionId=4470caae-0801-4870-8435-339e4c963a76 | gameId=pulse_target_tap | reason=
2026-02-23T14:09:10.4242970+00:00 | eventType=pointer_shot | sessionId=4470caae-0801-4870-8435-339e4c963a76 | gameId=pulse_target_tap | reason=
2026-02-23T14:09:10.4247170+00:00 | eventType=interaction_event | sessionId=4470caae-0801-4870-8435-339e4c963a76 | gameId=pulse_target_tap | reason=
2026-02-23T14:09:10.4298180+00:00 | eventType=game_end | sessionId=f2c4be8a-0a49-4e24-afe5-3e281a02ef65 | gameId=pulse_target_tap | reason=Completed
2026-02-23T14:09:10.4305890+00:00 | eventType=game_result | sessionId=f2c4be8a-0a49-4e24-afe5-3e281a02ef65 | gameId=pulse_target_tap | reason=
2026-02-23T14:09:10.4315960+00:00 | eventType=session_stop | sessionId=f2c4be8a-0a49-4e24-afe5-3e281a02ef65 | gameId=pulse_target_tap | reason=ACTIVE_GAME_COMPLETED
2026-02-23T14:09:10.5399460+00:00 | eventType=interaction_event | sessionId=f2c4be8a-0a49-4e24-afe5-3e281a02ef65 | gameId=pulse_target_tap | reason=
2026-02-23T14:09:12.5270320+00:00 | eventType=config_updated | sessionId=f2c4be8a-0a49-4e24-afe5-3e281a02ef65 | gameId=pulse_target_tap | reason=
2026-02-23T14:09:12.5276490+00:00 | eventType=interaction_event | sessionId=f2c4be8a-0a49-4e24-afe5-3e281a02ef65 | gameId=pulse_target_tap | reason=
2026-02-23T14:09:12.5282020+00:00 | eventType=game_initialized | sessionId=f2c4be8a-0a49-4e24-afe5-3e281a02ef65 | gameId=pulse_target_tap | reason=
2026-02-23T14:09:12.5287360+00:00 | eventType=interaction_event | sessionId=f2c4be8a-0a49-4e24-afe5-3e281a02ef65 | gameId=pulse_target_tap | reason=
2026-02-23T14:09:12.5292800+00:00 | eventType=task_run_started | sessionId=f2c4be8a-0a49-4e24-afe5-3e281a02ef65 | gameId=pulse_target_tap | reason=
2026-02-23T14:09:12.5297950+00:00 | eventType=interaction_event | sessionId=f2c4be8a-0a49-4e24-afe5-3e281a02ef65 | gameId=pulse_target_tap | reason=
2026-02-23T14:09:12.5303370+00:00 | eventType=pulse_targets_config | sessionId=f2c4be8a-0a49-4e24-afe5-3e281a02ef65 | gameId=pulse_target_tap | reason=
2026-02-23T14:09:12.5308450+00:00 | eventType=interaction_event | sessionId=f2c4be8a-0a49-4e24-afe5-3e281a02ef65 | gameId=pulse_target_tap | reason=
2026-02-23T14:09:12.5319250+00:00 | eventType=game_started | sessionId=f2c4be8a-0a49-4e24-afe5-3e281a02ef65 | gameId=pulse_target_tap | reason=
2026-02-23T14:09:12.5324050+00:00 | eventType=interaction_event | sessionId=f2c4be8a-0a49-4e24-afe5-3e281a02ef65 | gameId=pulse_target_tap | reason=
2026-02-23T14:09:12.5331020+00:00 | eventType=pulse_target_spawned | sessionId=f2c4be8a-0a49-4e24-afe5-3e281a02ef65 | gameId=pulse_target_tap | reason=
2026-02-23T14:09:12.5335680+00:00 | eventType=interaction_event | sessionId=f2c4be8a-0a49-4e24-afe5-3e281a02ef65 | gameId=pulse_target_tap | reason=
2026-02-23T14:09:12.5349190+00:00 | eventType=game_start | sessionId=f2c4be8a-0a49-4e24-afe5-3e281a02ef65 | gameId=pulse_target_tap | reason=
2026-02-23T14:09:12.5354110+00:00 | eventType=session_start | sessionId=f2c4be8a-0a49-4e24-afe5-3e281a02ef65 | gameId=pulse_target_tap | reason=START_GAME
2026-02-23T14:09:12.5359510+00:00 | eventType=task_stimulus_presented | sessionId=f2c4be8a-0a49-4e24-afe5-3e281a02ef65 | gameId=pulse_target_tap | reason=
2026-02-23T14:09:12.5363550+00:00 | eventType=interaction_event | sessionId=f2c4be8a-0a49-4e24-afe5-3e281a02ef65 | gameId=pulse_target_tap | reason=
2026-02-23T14:09:14.0539310+00:00 | eventType=interaction_event | sessionId=f2c4be8a-0a49-4e24-afe5-3e281a02ef65 | gameId=pulse_target_tap | reason=
2026-02-23T14:09:14.0547390+00:00 | eventType=task_action_outcome | sessionId=f2c4be8a-0a49-4e24-afe5-3e281a02ef65 | gameId=pulse_target_tap | reason=
2026-02-23T14:09:14.0557580+00:00 | eventType=interaction_event | sessionId=f2c4be8a-0a49-4e24-afe5-3e281a02ef65 | gameId=pulse_target_tap | reason=
2026-02-23T14:09:14.0563290+00:00 | eventType=pulse_target_hit | sessionId=f2c4be8a-0a49-4e24-afe5-3e281a02ef65 | gameId=pulse_target_tap | reason=
2026-02-23T14:09:14.0567600+00:00 | eventType=interaction_event | sessionId=f2c4be8a-0a49-4e24-afe5-3e281a02ef65 | gameId=pulse_target_tap | reason=
2026-02-23T14:09:14.0574340+00:00 | eventType=pulse_target_spawned | sessionId=f2c4be8a-0a49-4e24-afe5-3e281a02ef65 | gameId=pulse_target_tap | reason=
2026-02-23T14:09:14.0578780+00:00 | eventType=interaction_event | sessionId=f2c4be8a-0a49-4e24-afe5-3e281a02ef65 | gameId=pulse_target_tap | reason=
2026-02-23T14:09:14.0583870+00:00 | eventType=interaction_event | sessionId=f2c4be8a-0a49-4e24-afe5-3e281a02ef65 | gameId=pulse_target_tap | reason=
2026-02-23T14:09:14.0588240+00:00 | eventType=pointer_shot | sessionId=f2c4be8a-0a49-4e24-afe5-3e281a02ef65 | gameId=pulse_target_tap | reason=
2026-02-23T14:09:14.0592760+00:00 | eventType=interaction_event | sessionId=f2c4be8a-0a49-4e24-afe5-3e281a02ef65 | gameId=pulse_target_tap | reason=
2026-02-23T14:09:14.0674710+00:00 | eventType=task_stimulus_presented | sessionId=f2c4be8a-0a49-4e24-afe5-3e281a02ef65 | gameId=pulse_target_tap | reason=
2026-02-23T14:09:14.0689600+00:00 | eventType=interaction_event | sessionId=f2c4be8a-0a49-4e24-afe5-3e281a02ef65 | gameId=pulse_target_tap | reason=
2026-02-23T14:09:14.1927500+00:00 | eventType=interaction_event | sessionId=f2c4be8a-0a49-4e24-afe5-3e281a02ef65 | gameId=pulse_target_tap | reason=
2026-02-23T14:09:14.6091950+00:00 | eventType=interaction_event | sessionId=f2c4be8a-0a49-4e24-afe5-3e281a02ef65 | gameId=pulse_target_tap | reason=
2026-02-23T14:09:14.6099590+00:00 | eventType=task_action_outcome | sessionId=f2c4be8a-0a49-4e24-afe5-3e281a02ef65 | gameId=pulse_target_tap | reason=
2026-02-23T14:09:14.6104740+00:00 | eventType=interaction_event | sessionId=f2c4be8a-0a49-4e24-afe5-3e281a02ef65 | gameId=pulse_target_tap | reason=
2026-02-23T14:09:14.6110150+00:00 | eventType=pulse_target_hit | sessionId=f2c4be8a-0a49-4e24-afe5-3e281a02ef65 | gameId=pulse_target_tap | reason=
2026-02-23T14:09:14.6115420+00:00 | eventType=interaction_event | sessionId=f2c4be8a-0a49-4e24-afe5-3e281a02ef65 | gameId=pulse_target_tap | reason=
2026-02-23T14:09:14.6123240+00:00 | eventType=pulse_target_spawned | sessionId=f2c4be8a-0a49-4e24-afe5-3e281a02ef65 | gameId=pulse_target_tap | reason=
2026-02-23T14:09:14.6127490+00:00 | eventType=interaction_event | sessionId=f2c4be8a-0a49-4e24-afe5-3e281a02ef65 | gameId=pulse_target_tap | reason=
2026-02-23T14:09:14.6132620+00:00 | eventType=interaction_event | sessionId=f2c4be8a-0a49-4e24-afe5-3e281a02ef65 | gameId=pulse_target_tap | reason=
2026-02-23T14:09:14.6137160+00:00 | eventType=pointer_shot | sessionId=f2c4be8a-0a49-4e24-afe5-3e281a02ef65 | gameId=pulse_target_tap | reason=
2026-02-23T14:09:14.6144700+00:00 | eventType=interaction_event | sessionId=f2c4be8a-0a49-4e24-afe5-3e281a02ef65 | gameId=pulse_target_tap | reason=
2026-02-23T14:09:14.6234470+00:00 | eventType=task_stimulus_presented | sessionId=f2c4be8a-0a49-4e24-afe5-3e281a02ef65 | gameId=pulse_target_tap | reason=
2026-02-23T14:09:14.6241040+00:00 | eventType=interaction_event | sessionId=f2c4be8a-0a49-4e24-afe5-3e281a02ef65 | gameId=pulse_target_tap | reason=
2026-02-23T14:09:14.7063520+00:00 | eventType=interaction_event | sessionId=f2c4be8a-0a49-4e24-afe5-3e281a02ef65 | gameId=pulse_target_tap | reason=
2026-02-23T14:09:15.2901200+00:00 | eventType=interaction_event | sessionId=f2c4be8a-0a49-4e24-afe5-3e281a02ef65 | gameId=pulse_target_tap | reason=
2026-02-23T14:09:15.2908790+00:00 | eventType=interaction_event | sessionId=f2c4be8a-0a49-4e24-afe5-3e281a02ef65 | gameId=pulse_target_tap | reason=
2026-02-23T14:09:15.2913830+00:00 | eventType=pointer_shot | sessionId=f2c4be8a-0a49-4e24-afe5-3e281a02ef65 | gameId=pulse_target_tap | reason=
2026-02-23T14:09:15.2918540+00:00 | eventType=interaction_event | sessionId=f2c4be8a-0a49-4e24-afe5-3e281a02ef65 | gameId=pulse_target_tap | reason=
2026-02-23T14:09:15.3869970+00:00 | eventType=interaction_event | sessionId=f2c4be8a-0a49-4e24-afe5-3e281a02ef65 | gameId=pulse_target_tap | reason=
2026-02-23T14:09:16.0958940+00:00 | eventType=interaction_event | sessionId=f2c4be8a-0a49-4e24-afe5-3e281a02ef65 | gameId=pulse_target_tap | reason=
2026-02-23T14:09:16.0970830+00:00 | eventType=task_action_outcome | sessionId=f2c4be8a-0a49-4e24-afe5-3e281a02ef65 | gameId=pulse_target_tap | reason=
2026-02-23T14:09:16.0975690+00:00 | eventType=interaction_event | sessionId=f2c4be8a-0a49-4e24-afe5-3e281a02ef65 | gameId=pulse_target_tap | reason=
2026-02-23T14:09:16.0980650+00:00 | eventType=pulse_target_hit | sessionId=f2c4be8a-0a49-4e24-afe5-3e281a02ef65 | gameId=pulse_target_tap | reason=
2026-02-23T14:09:16.0985410+00:00 | eventType=interaction_event | sessionId=f2c4be8a-0a49-4e24-afe5-3e281a02ef65 | gameId=pulse_target_tap | reason=
2026-02-23T14:09:16.0990000+00:00 | eventType=pulse_targets_completed | sessionId=f2c4be8a-0a49-4e24-afe5-3e281a02ef65 | gameId=pulse_target_tap | reason=
2026-02-23T14:09:16.0994920+00:00 | eventType=interaction_event | sessionId=f2c4be8a-0a49-4e24-afe5-3e281a02ef65 | gameId=pulse_target_tap | reason=
2026-02-23T14:09:16.0999500+00:00 | eventType=game_stopped | sessionId=f2c4be8a-0a49-4e24-afe5-3e281a02ef65 | gameId=pulse_target_tap | reason=Completed
2026-02-23T14:09:16.1003790+00:00 | eventType=interaction_event | sessionId=f2c4be8a-0a49-4e24-afe5-3e281a02ef65 | gameId=pulse_target_tap | reason=Completed
2026-02-23T14:09:16.1008810+00:00 | eventType=task_outcome_summary | sessionId=f2c4be8a-0a49-4e24-afe5-3e281a02ef65 | gameId=pulse_target_tap | reason=
2026-02-23T14:09:16.1013260+00:00 | eventType=interaction_event | sessionId=f2c4be8a-0a49-4e24-afe5-3e281a02ef65 | gameId=pulse_target_tap | reason=
2026-02-23T14:09:16.1022800+00:00 | eventType=task_label_generated | sessionId=f2c4be8a-0a49-4e24-afe5-3e281a02ef65 | gameId=pulse_target_tap | reason=
2026-02-23T14:09:16.1027240+00:00 | eventType=interaction_event | sessionId=f2c4be8a-0a49-4e24-afe5-3e281a02ef65 | gameId=pulse_target_tap | reason=
2026-02-23T14:09:16.1032540+00:00 | eventType=interaction_event | sessionId=f2c4be8a-0a49-4e24-afe5-3e281a02ef65 | gameId=pulse_target_tap | reason=
2026-02-23T14:09:16.1037420+00:00 | eventType=pointer_shot | sessionId=f2c4be8a-0a49-4e24-afe5-3e281a02ef65 | gameId=pulse_target_tap | reason=
2026-02-23T14:09:16.1042810+00:00 | eventType=interaction_event | sessionId=f2c4be8a-0a49-4e24-afe5-3e281a02ef65 | gameId=pulse_target_tap | reason=
2026-02-23T14:09:16.1107610+00:00 | eventType=game_end | sessionId=0226f575-57d3-44ff-958c-3491a089b592 | gameId=pulse_target_tap | reason=Completed
2026-02-23T14:09:16.1117130+00:00 | eventType=game_result | sessionId=0226f575-57d3-44ff-958c-3491a089b592 | gameId=pulse_target_tap | reason=
2026-02-23T14:09:16.1124620+00:00 | eventType=session_stop | sessionId=0226f575-57d3-44ff-958c-3491a089b592 | gameId=pulse_target_tap | reason=ACTIVE_GAME_COMPLETED
2026-02-23T14:09:16.2206800+00:00 | eventType=interaction_event | sessionId=0226f575-57d3-44ff-958c-3491a089b592 | gameId=pulse_target_tap | reason=
2026-02-23T14:09:20.0411350+00:00 | eventType=config_updated | sessionId=0226f575-57d3-44ff-958c-3491a089b592 | gameId=pulse_target_tap | reason=
2026-02-23T14:09:20.0421170+00:00 | eventType=interaction_event | sessionId=0226f575-57d3-44ff-958c-3491a089b592 | gameId=pulse_target_tap | reason=
2026-02-23T14:09:20.0426270+00:00 | eventType=game_initialized | sessionId=0226f575-57d3-44ff-958c-3491a089b592 | gameId=pulse_target_tap | reason=
2026-02-23T14:09:20.0431110+00:00 | eventType=interaction_event | sessionId=0226f575-57d3-44ff-958c-3491a089b592 | gameId=pulse_target_tap | reason=
2026-02-23T14:09:20.0436200+00:00 | eventType=task_run_started | sessionId=0226f575-57d3-44ff-958c-3491a089b592 | gameId=pulse_target_tap | reason=
2026-02-23T14:09:20.0441630+00:00 | eventType=interaction_event | sessionId=0226f575-57d3-44ff-958c-3491a089b592 | gameId=pulse_target_tap | reason=
2026-02-23T14:09:20.0447420+00:00 | eventType=pulse_targets_config | sessionId=0226f575-57d3-44ff-958c-3491a089b592 | gameId=pulse_target_tap | reason=
2026-02-23T14:09:20.0453090+00:00 | eventType=interaction_event | sessionId=0226f575-57d3-44ff-958c-3491a089b592 | gameId=pulse_target_tap | reason=
2026-02-23T14:09:20.0457790+00:00 | eventType=game_started | sessionId=0226f575-57d3-44ff-958c-3491a089b592 | gameId=pulse_target_tap | reason=
2026-02-23T14:09:20.0461710+00:00 | eventType=interaction_event | sessionId=0226f575-57d3-44ff-958c-3491a089b592 | gameId=pulse_target_tap | reason=
2026-02-23T14:09:20.0468330+00:00 | eventType=pulse_target_spawned | sessionId=0226f575-57d3-44ff-958c-3491a089b592 | gameId=pulse_target_tap | reason=
2026-02-23T14:09:20.0476210+00:00 | eventType=interaction_event | sessionId=0226f575-57d3-44ff-958c-3491a089b592 | gameId=pulse_target_tap | reason=
2026-02-23T14:09:20.0488110+00:00 | eventType=game_start | sessionId=0226f575-57d3-44ff-958c-3491a089b592 | gameId=pulse_target_tap | reason=
2026-02-23T14:09:20.0491750+00:00 | eventType=session_start | sessionId=0226f575-57d3-44ff-958c-3491a089b592 | gameId=pulse_target_tap | reason=START_GAME
2026-02-23T14:09:20.0496400+00:00 | eventType=task_stimulus_presented | sessionId=0226f575-57d3-44ff-958c-3491a089b592 | gameId=pulse_target_tap | reason=
2026-02-23T14:09:20.0499840+00:00 | eventType=interaction_event | sessionId=0226f575-57d3-44ff-958c-3491a089b592 | gameId=pulse_target_tap | reason=
2026-02-23T14:09:20.8315230+00:00 | eventType=interaction_event | sessionId=0226f575-57d3-44ff-958c-3491a089b592 | gameId=pulse_target_tap | reason=
2026-02-23T14:09:20.8324040+00:00 | eventType=task_action_outcome | sessionId=0226f575-57d3-44ff-958c-3491a089b592 | gameId=pulse_target_tap | reason=
2026-02-23T14:09:20.8329310+00:00 | eventType=interaction_event | sessionId=0226f575-57d3-44ff-958c-3491a089b592 | gameId=pulse_target_tap | reason=
2026-02-23T14:09:20.8334580+00:00 | eventType=pulse_target_hit | sessionId=0226f575-57d3-44ff-958c-3491a089b592 | gameId=pulse_target_tap | reason=
2026-02-23T14:09:20.8339230+00:00 | eventType=interaction_event | sessionId=0226f575-57d3-44ff-958c-3491a089b592 | gameId=pulse_target_tap | reason=
2026-02-23T14:09:20.8361130+00:00 | eventType=pulse_target_spawned | sessionId=0226f575-57d3-44ff-958c-3491a089b592 | gameId=pulse_target_tap | reason=
2026-02-23T14:09:20.8365870+00:00 | eventType=interaction_event | sessionId=0226f575-57d3-44ff-958c-3491a089b592 | gameId=pulse_target_tap | reason=
2026-02-23T14:09:20.8374120+00:00 | eventType=interaction_event | sessionId=0226f575-57d3-44ff-958c-3491a089b592 | gameId=pulse_target_tap | reason=
2026-02-23T14:09:20.8381920+00:00 | eventType=pointer_shot | sessionId=0226f575-57d3-44ff-958c-3491a089b592 | gameId=pulse_target_tap | reason=
2026-02-23T14:09:20.8402190+00:00 | eventType=interaction_event | sessionId=0226f575-57d3-44ff-958c-3491a089b592 | gameId=pulse_target_tap | reason=
2026-02-23T14:09:20.8451620+00:00 | eventType=task_stimulus_presented | sessionId=0226f575-57d3-44ff-958c-3491a089b592 | gameId=pulse_target_tap | reason=
2026-02-23T14:09:20.8457750+00:00 | eventType=interaction_event | sessionId=0226f575-57d3-44ff-958c-3491a089b592 | gameId=pulse_target_tap | reason=
2026-02-23T14:09:20.9841910+00:00 | eventType=interaction_event | sessionId=0226f575-57d3-44ff-958c-3491a089b592 | gameId=pulse_target_tap | reason=
2026-02-23T14:09:21.3597790+00:00 | eventType=interaction_event | sessionId=0226f575-57d3-44ff-958c-3491a089b592 | gameId=pulse_target_tap | reason=
2026-02-23T14:09:21.3605600+00:00 | eventType=task_action_outcome | sessionId=0226f575-57d3-44ff-958c-3491a089b592 | gameId=pulse_target_tap | reason=
2026-02-23T14:09:21.3614350+00:00 | eventType=interaction_event | sessionId=0226f575-57d3-44ff-958c-3491a089b592 | gameId=pulse_target_tap | reason=
2026-02-23T14:09:21.3619300+00:00 | eventType=pulse_target_hit | sessionId=0226f575-57d3-44ff-958c-3491a089b592 | gameId=pulse_target_tap | reason=
2026-02-23T14:09:21.3623330+00:00 | eventType=interaction_event | sessionId=0226f575-57d3-44ff-958c-3491a089b592 | gameId=pulse_target_tap | reason=
2026-02-23T14:09:21.3629920+00:00 | eventType=pulse_target_spawned | sessionId=0226f575-57d3-44ff-958c-3491a089b592 | gameId=pulse_target_tap | reason=
2026-02-23T14:09:21.3634270+00:00 | eventType=interaction_event | sessionId=0226f575-57d3-44ff-958c-3491a089b592 | gameId=pulse_target_tap | reason=
2026-02-23T14:09:21.3639360+00:00 | eventType=interaction_event | sessionId=0226f575-57d3-44ff-958c-3491a089b592 | gameId=pulse_target_tap | reason=
2026-02-23T14:09:21.3643600+00:00 | eventType=pointer_shot | sessionId=0226f575-57d3-44ff-958c-3491a089b592 | gameId=pulse_target_tap | reason=
2026-02-23T14:09:21.3647750+00:00 | eventType=interaction_event | sessionId=0226f575-57d3-44ff-958c-3491a089b592 | gameId=pulse_target_tap | reason=
2026-02-23T14:09:21.3734420+00:00 | eventType=task_stimulus_presented | sessionId=0226f575-57d3-44ff-958c-3491a089b592 | gameId=pulse_target_tap | reason=
2026-02-23T14:09:21.3740840+00:00 | eventType=interaction_event | sessionId=0226f575-57d3-44ff-958c-3491a089b592 | gameId=pulse_target_tap | reason=
2026-02-23T14:09:21.4705570+00:00 | eventType=interaction_event | sessionId=0226f575-57d3-44ff-958c-3491a089b592 | gameId=pulse_target_tap | reason=
2026-02-23T14:09:22.3456160+00:00 | eventType=interaction_event | sessionId=0226f575-57d3-44ff-958c-3491a089b592 | gameId=pulse_target_tap | reason=
2026-02-23T14:09:22.3464820+00:00 | eventType=task_action_outcome | sessionId=0226f575-57d3-44ff-958c-3491a089b592 | gameId=pulse_target_tap | reason=
2026-02-23T14:09:22.3470100+00:00 | eventType=interaction_event | sessionId=0226f575-57d3-44ff-958c-3491a089b592 | gameId=pulse_target_tap | reason=
2026-02-23T14:09:22.3475980+00:00 | eventType=pulse_target_hit | sessionId=0226f575-57d3-44ff-958c-3491a089b592 | gameId=pulse_target_tap | reason=
2026-02-23T14:09:22.3480640+00:00 | eventType=interaction_event | sessionId=0226f575-57d3-44ff-958c-3491a089b592 | gameId=pulse_target_tap | reason=
2026-02-23T14:09:22.3486020+00:00 | eventType=pulse_targets_completed | sessionId=0226f575-57d3-44ff-958c-3491a089b592 | gameId=pulse_target_tap | reason=
2026-02-23T14:09:22.3490490+00:00 | eventType=interaction_event | sessionId=0226f575-57d3-44ff-958c-3491a089b592 | gameId=pulse_target_tap | reason=
2026-02-23T14:09:22.3495070+00:00 | eventType=game_stopped | sessionId=0226f575-57d3-44ff-958c-3491a089b592 | gameId=pulse_target_tap | reason=Completed
2026-02-23T14:09:22.3510590+00:00 | eventType=interaction_event | sessionId=0226f575-57d3-44ff-958c-3491a089b592 | gameId=pulse_target_tap | reason=Completed
2026-02-23T14:09:22.3526070+00:00 | eventType=task_outcome_summary | sessionId=0226f575-57d3-44ff-958c-3491a089b592 | gameId=pulse_target_tap | reason=
2026-02-23T14:09:22.3532270+00:00 | eventType=interaction_event | sessionId=0226f575-57d3-44ff-958c-3491a089b592 | gameId=pulse_target_tap | reason=
2026-02-23T14:09:22.3551160+00:00 | eventType=task_label_generated | sessionId=0226f575-57d3-44ff-958c-3491a089b592 | gameId=pulse_target_tap | reason=
2026-02-23T14:09:22.3557680+00:00 | eventType=interaction_event | sessionId=0226f575-57d3-44ff-958c-3491a089b592 | gameId=pulse_target_tap | reason=
2026-02-23T14:09:22.3565450+00:00 | eventType=interaction_event | sessionId=0226f575-57d3-44ff-958c-3491a089b592 | gameId=pulse_target_tap | reason=
2026-02-23T14:09:22.3571060+00:00 | eventType=pointer_shot | sessionId=0226f575-57d3-44ff-958c-3491a089b592 | gameId=pulse_target_tap | reason=
2026-02-23T14:09:22.3576800+00:00 | eventType=interaction_event | sessionId=0226f575-57d3-44ff-958c-3491a089b592 | gameId=pulse_target_tap | reason=
2026-02-23T14:09:22.3775390+00:00 | eventType=game_end | sessionId=710fa8e8-9f18-488a-ac20-7aa239aecf32 | gameId=pulse_target_tap | reason=Completed
2026-02-23T14:09:22.3784900+00:00 | eventType=game_result | sessionId=710fa8e8-9f18-488a-ac20-7aa239aecf32 | gameId=pulse_target_tap | reason=
2026-02-23T14:09:22.3792580+00:00 | eventType=session_stop | sessionId=710fa8e8-9f18-488a-ac20-7aa239aecf32 | gameId=pulse_target_tap | reason=ACTIVE_GAME_COMPLETED
2026-02-23T14:09:22.4426080+00:00 | eventType=interaction_event | sessionId=710fa8e8-9f18-488a-ac20-7aa239aecf32 | gameId=pulse_target_tap | reason=
2026-02-23T14:09:44.2360050+00:00 | eventType=session_stop | sessionId=a649a777-4cc2-48ab-865e-014a5e6e0387 | gameId= | reason=END_SESSION
2026-02-23T15:23:48.7981500+00:00 | eventType=session_stop | sessionId=4cc8eb0f-a2a8-4df4-8324-7a3e616fbe9a | gameId= | reason=END_SESSION
